--------- beginning of system
08-31 23:25:35.526   338   338 I vold    : Vold 3.0 (the awakening) firing up
08-31 23:25:35.527   338   338 D vold    : Detected support for: exfat ext4 f2fs ntfs vfat
08-31 23:25:35.530   338   338 D vold    : Found unmanaged dm device named system
08-31 23:25:35.530   338   338 W vold    : Failed to LOOP_GET_STATUS64 /dev/block/loop5: No such device or address
08-31 23:25:35.530   338   338 W vold    : Failed to LOOP_GET_STATUS64 /dev/block/loop0: No such device or address
08-31 23:25:35.530   338   338 W vold    : Failed to LOOP_GET_STATUS64 /dev/block/loop6: No such device or address
08-31 23:25:35.530   338   338 W vold    : Failed to LOOP_GET_STATUS64 /dev/block/loop1: No such device or address
08-31 23:25:35.531   338   338 W vold    : Failed to LOOP_GET_STATUS64 /dev/block/loop4: No such device or address
08-31 23:25:35.531   338   338 W vold    : Failed to LOOP_GET_STATUS64 /dev/block/loop7: No such device or address
08-31 23:25:35.531   338   338 W vold    : Failed to LOOP_GET_STATUS64 /dev/block/loop2: No such device or address
08-31 23:25:35.531   338   338 W vold    : Failed to LOOP_GET_STATUS64 /dev/block/loop3: No such device or address
08-31 23:25:35.534   338   338 D vold    : VoldNativeService::start() completed OK
08-31 23:25:36.838   338   360 I Checkpoint: cp_prepareCheckpoint called
08-31 23:25:36.988   338   357 D vold    : fscrypt_init_user0
08-31 23:25:36.988   338   357 D vold    : fscrypt_prepare_user_storage for volume null, user 0, serial 0, flags 1
08-31 23:25:36.988   338   357 D vold    : Preparing: /data/system/users/0
08-31 23:25:36.988   338   357 D vold    : Preparing: /data/misc/profiles/cur/0
08-31 23:25:36.989   338   357 D vold    : Preparing: /data/system_de/0
08-31 23:25:36.989   338   357 D vold    : Preparing: /data/misc_de/0
08-31 23:25:36.989   338   357 D vold    : Preparing: /data/vendor_de/0
08-31 23:25:36.989   338   357 D vold    : Preparing: /data/user_de/0
08-31 23:25:36.989   338   357 D vold    : /system/bin/vold_prepare_subdirs
08-31 23:25:36.989   338   357 D vold    :     prepare
08-31 23:25:36.989   338   357 D vold    :     
08-31 23:25:36.989   338   357 D vold    :     0
08-31 23:25:36.989   338   357 D vold    :     1
08-31 23:25:37.034   338   357 D vold    : fscrypt_unlock_user_key 0 serial=0 token_present=0
08-31 23:25:37.034   338   357 E vold    : Failed to chmod /data/system_ce/0: No such file or directory
08-31 23:25:37.034   338   357 E vold    : Failed to chmod /data/misc_ce/0: No such file or directory
--------- beginning of main
08-31 23:25:37.829   427   427 I ServiceManagement: Removing namespace from process name android.hardware.vibrator@1.0-service to vibrator@1.0-service.
08-31 23:25:37.829   427   427 I android.hardware.vibrator@1.0-service: Registration complete for android.hardware.vibrator@1.0::IVibrator/default.
08-31 23:25:37.829   421   421 I ServiceManagement: Registered android.hardware.health@2.0::IHealth/default (start delay of 141ms)
08-31 23:25:37.830   421   421 I ServiceManagement: Removing namespace from process name android.hardware.health@2.0-service to health@2.0-service.
08-31 23:25:37.830   421   421 I health@2.0/: health@2.0/default: Hal init done
08-31 23:25:37.843   415   415 I ServiceManagement: Registered android.hardware.drm@1.0::IDrmFactory/default (start delay of 173ms)
08-31 23:25:37.843   415   415 I ServiceManagement: Removing namespace from process name android.hardware.drm@1.0-service to drm@1.0-service.
08-31 23:25:37.843   415   415 I         : Registration complete for android.hardware.drm@1.0::IDrmFactory/default.
08-31 23:25:37.858   412   412 I android.hardware.camera.provider@2.4-service: CameraProvider@2.4 legacy service is starting.
08-31 23:25:37.870   334   334 E SELinux : avc:  denied  { add } for interface=android.hardware.bluetooth::IBluetoothHci sid=u:r:init:s0 pid=411 scontext=u:r:init:s0 tcontext=u:object_r:hal_bluetooth_hwservice:s0 tclass=hwservice_manager permissive=1
08-31 23:25:37.871   411   411 I ServiceManagement: Registered android.hardware.bluetooth@1.0::IBluetoothHci/default (start delay of 223ms)
08-31 23:25:37.871   411   411 I ServiceManagement: Removing namespace from process name android.hardware.bluetooth@1.0-service-qti to bluetooth@1.0-service-qti.
08-31 23:25:37.872   411   411 I         : Registration complete for android.hardware.bluetooth@1.0::IBluetoothHci/default.
08-31 23:25:37.888   424   424 D nxpese@1.0-service: Secure Element HAL Service 1.0 is starting.
08-31 23:25:37.899   334   334 E SELinux : avc:  denied  { find } for interface=vendor.qti.hardware.fm::IFmHci sid=u:r:init:s0 pid=411 scontext=u:r:init:s0 tcontext=u:object_r:default_android_hwservice:s0 tclass=hwservice_manager permissive=1
08-31 23:25:37.910   443   443 D QSEECOMD: : qseecom listener services process entry PPID = 1
08-31 23:25:37.911   443   443 E QSEECOMD: : Listener: index = 0, hierarchy = 0
08-31 23:25:37.912   441   441 I vendor.rmt_storage: Modem subsystem found on target!
08-31 23:25:37.912   441   441 I vendor.rmt_storage: Shared memory initialised successfully.
08-31 23:25:37.912   441   441 I vendor.rmt_storage: Registering modemst1: 0x4a /boot/modem_fs1
08-31 23:25:37.912   441   441 I vendor.rmt_storage: Registering modemst2: 0x4b /boot/modem_fs2
08-31 23:25:37.912   441   441 I vendor.rmt_storage: Registering fsc: 0xff /boot/modem_fsc
08-31 23:25:37.912   441   441 I vendor.rmt_storage: Registering fsg: 0x58 /boot/modem_fsg
08-31 23:25:37.912   441   441 I vendor.rmt_storage: 4 GPT partitions found
08-31 23:25:37.913   441   441 I vendor.rmt_storage: Capset success!
08-31 23:25:37.920   429   429 I LocSvc_HIDL_vendor.qti.gnss@1.0-service: main
08-31 23:25:37.920   443   443 D QSEECOMD: : Init dlopen(librpmb.so, RTLD_NOW) succeeds
08-31 23:25:37.920   443   443 D QSEECOMD: : Init::Init dlsym(g_FSHandle rpmb_init_service) succeeds
08-31 23:25:37.921   443   443 I rpmb_emmc: RPMB Mult (512-bytes sector) = 8192, Rel_sec_cnt = 32
08-31 23:25:37.921   443   443 E DrmLibRpmb: rpmb_init succeeded! with ret = 0
08-31 23:25:37.921   443   443 D QSEECOMD: : Init rpmb_init_service ret = 0
08-31 23:25:37.921   443   443 D QSEECOMD: : RPMB system services: init (Listener ID = 8192)
08-31 23:25:37.921   443   443 E QSEECOMD: : Listener: index = 1, hierarchy = 0
08-31 23:25:37.922   443   443 D QSEECOMD: : Init dlopen(libssd.so, RTLD_NOW) succeeds
08-31 23:25:37.923   443   443 D QSEECOMD: : Init::Init dlsym(g_FSHandle ssd_init_service) succeeds
08-31 23:25:37.923   443   443 E SSD     : ssd_init_service succeeded!
08-31 23:25:37.923   443   443 D QSEECOMD: : Init ssd_init_service ret = 0
08-31 23:25:37.923   443   443 D QSEECOMD: : SSD system services: init (Listener ID = 12288)
08-31 23:25:37.923   443   443 E QSEECOMD: : Listener: index = 2, hierarchy = 0
08-31 23:25:37.926   443   443 E QSEECOMD: : Init dlopen(libsecureui.so, RLTD_NOW) is failed....
08-31 23:25:37.926   443   443 D QSEECOMD: : SEC_UI_INIT failed, shall not start secure ui listener
08-31 23:25:37.927   443   443 D QSEECOMD: : Parent qseecom daemon process paused!! 
08-31 23:25:37.934   450   450 D QSEECOMD: : qseecom listener service threads starting!!! 
08-31 23:25:37.934   450   450 D QSEECOMD: : Total listener services to start = 8
08-31 23:25:37.934   450   450 E QSEECOMD: : Listener: index = 0, hierarchy = 1
08-31 23:25:37.934   450   450 D QSEECOMD: : Init dlopen(librpmb.so, RTLD_NOW) succeeds
08-31 23:25:37.935   450   450 D QSEECOMD: : Init::Init dlsym(g_FSHandle rpmb_start) succeeds
08-31 23:25:37.935   450   450 D QSEECOMAPI: : QSEECom_register_listener 8192 sb_length = 0x5000
08-31 23:25:37.943   334   334 E SELinux : avc:  denied  { add } for interface=android.hardware.drm::IDrmFactory sid=u:r:init:s0 pid=417 scontext=u:r:init:s0 tcontext=u:object_r:hal_drm_hwservice:s0 tclass=hwservice_manager permissive=1
08-31 23:25:37.946   417   417 I ServiceManagement: Registered android.hardware.drm@1.2::IDrmFactory/widevine (start delay of 277ms)
08-31 23:25:37.947   417   417 I ServiceManagement: Removing namespace from process name android.hardware.drm@1.2-service.widevine to drm@1.2-service.widevine.
08-31 23:25:37.948   424   424 I ServiceManagement: Registered android.hardware.secure_element@1.0::ISecureElement/eSE1 (start delay of 249ms)
08-31 23:25:37.948   424   424 I ServiceManagement: Removing namespace from process name android.hardware.secure_element@1.0-service to secure_element@1.0-service.
08-31 23:25:37.948   417   417 I ServiceManagement: Registered android.hardware.drm@1.2::ICryptoFactory/widevine (start delay of 280ms)
08-31 23:25:37.948   417   417 I ServiceManagement: Removing namespace from process name android.hardware.drm@1.2-service.widevine to drm@1.2-service.widevine.
08-31 23:25:37.950   334   334 E SELinux : avc:  denied  { add } for interface=vendor.nxp.nxpese::INxpEse sid=u:r:hal_secure_element_default:s0 pid=424 scontext=u:r:hal_secure_element_default:s0 tcontext=u:object_r:default_android_hwservice:s0 tclass=hwservice_manager permissive=1
08-31 23:25:37.952   424   424 I ServiceManagement: Registered vendor.nxp.nxpese@1.0::INxpEse/default (start delay of 253ms)
08-31 23:25:37.952   424   424 D nxpese@1.0-service: Secure Element Service is ready
08-31 23:25:37.952   433   433 I ServiceManagement: Registered vendor.qti.hardware.alarm@1.0::IAlarm/default (start delay of 213ms)
08-31 23:25:37.953   433   433 I ServiceManagement: Removing namespace from process name vendor.qti.hardware.alarm@1.0-service to alarm@1.0-service.
08-31 23:25:37.960   428   428 I android.hardware.wifi@1.0-service: Wifi Hal is booting up...
08-31 23:25:37.961   334   334 E SELinux : avc:  denied  { add } for interface=vendor.qti.hardware.alarm::IAlarm sid=u:r:init:s0 pid=433 scontext=u:r:init:s0 tcontext=u:object_r:default_android_hwservice:s0 tclass=hwservice_manager permissive=1
08-31 23:25:37.982   415   415 I ServiceManagement: Registered android.hardware.drm@1.0::ICryptoFactory/default (start delay of 313ms)
08-31 23:25:37.982   415   415 I ServiceManagement: Removing namespace from process name android.hardware.drm@1.0-service to drm@1.0-service.
08-31 23:25:37.999   415   415 I         : Registration complete for android.hardware.drm@1.0::ICryptoFactory/default.
08-31 23:25:38.000   585   611 D QC-time-services: Daemon: Time-services: All initializations done
08-31 23:25:38.000   585   611 E QC-time-services: Daemon: Time-services: Waiting to acceptconnection
08-31 23:25:38.000   585   609 D QC-time-services: Daemon:genoff_modem_qmi_service_request: Initiallizing QMI 
08-31 23:25:38.001   585   609 E QMI_FW  : QMUXD: WARNING qmi_qmux_if_pwr_up_init failed! rc=-6
08-31 23:25:38.001   585   609 E QC-time-services: Daemon:genoff_modem_qmi_service_request: qmi_client_get_service_list returned -2num_services 0
08-31 23:25:38.001   585   608 D QC-time-services: Daemon:genoff_wlan_qmi_service_request: Initiallizing QMI 
08-31 23:25:38.001   585   608 E QC-time-services: Daemon:genoff_wlan_qmi_service_request: qmi_client_get_service_list returned -2num_services 0
08-31 23:25:38.016   478   494 I ServiceManager: Waiting for service 'display.qservice' on '/dev/binder'...
08-31 23:25:38.016   534   534 W media.codec: libminijail[534]: failed to get path of fd 4: No such file or directory
08-31 23:25:38.016   534   534 W media.codec: libminijail[534]: allowing syscall: clock_gettime
08-31 23:25:38.016   534   534 W media.codec: libminijail[534]: allowing syscall: connect
08-31 23:25:38.016   534   534 W media.codec: libminijail[534]: allowing syscall: fcntl64
08-31 23:25:38.016   534   534 W media.codec: libminijail[534]: allowing syscall: socket
08-31 23:25:38.016   534   534 W media.codec: libminijail[534]: allowing syscall: writev
08-31 23:25:38.022   442   442 I PerMgrSrv: Adding entry for modem : offTimeout : 500 ackTimeout : 200
08-31 23:25:38.031   336   336 E SELinux : avc:  denied  { add } for service=display.qservice pid=420 uid=1000 scontext=u:r:hal_graphics_composer_default:s0 tcontext=u:object_r:default_android_vndservice:s0 tclass=service_manager permissive=1
08-31 23:25:38.031   411   411 E         : Could not get passthrough implementation for vendor.qti.hardware.fm@1.0::IFmHci/default.
08-31 23:25:38.031   411   411 I android.hardware.bluetooth@1.0-service: Error while registering FM service: 1
08-31 23:25:38.032   336   336 E SELinux : avc:  denied  { find } for service=display.qservice pid=420 uid=1000 scontext=u:r:hal_graphics_composer_default:s0 tcontext=u:object_r:default_android_vndservice:s0 tclass=service_manager permissive=1
08-31 23:25:38.033   420   420 I qdutils : PartialUpdate status: Enabled
08-31 23:25:38.033   420   420 I qdutils : Left Align: 16
08-31 23:25:38.033   420   420 I qdutils : Width Align: 16
08-31 23:25:38.033   420   420 I qdutils : Top Align: 2
08-31 23:25:38.033   420   420 I qdutils : Height Align: 2
08-31 23:25:38.033   420   420 I qdutils : Min ROI Width: 320
08-31 23:25:38.033   420   420 I qdutils : Min ROI Height: 0
08-31 23:25:38.033   420   420 I qdutils : Needs ROI Merge: 0
08-31 23:25:38.033   420   420 I qdutils : Dynamic Fps: Disabled
08-31 23:25:38.033   420   420 I qdutils : Min Panel fps: 0
08-31 23:25:38.033   420   420 I qdutils : Max Panel fps: 0
08-31 23:25:38.033   420   420 I qdutils : Pluggable: 0
08-31 23:25:38.033   420   420 I qdutils : PingPong Split: 0
08-31 23:25:38.034   420   420 E qdutils : getPluggableNode: Failed to find HDMI node.
08-31 23:25:38.034   420   420 E qdutils : getPluggableNode: Failed to find HDMI node.
08-31 23:25:38.035   416   416 I ServiceManagement: Registered android.hardware.drm@1.2::IDrmFactory/clearkey (start delay of 366ms)
08-31 23:25:38.035   416   416 I ServiceManagement: Removing namespace from process name android.hardware.drm@1.2-service.clearkey to drm@1.2-service.clearkey.
08-31 23:25:38.040   534   534 W media.codec: libminijail[534]: logging seccomp filter failures
08-31 23:25:38.040   433   433 I         : Registration complete for vendor.qti.hardware.alarm@1.0::IAlarm/default.
08-31 23:25:38.042   411   411 E vndksupport: Could not load /vendor/lib64/hw/com.qualcomm.qti.ant@1.0-impl.so from default namespace: dlopen failed: library "com.qualcomm.qti.ant@1.0_vendor.so" not found.
08-31 23:25:38.042   411   411 E ServiceManagement: Failed to dlopen com.qualcomm.qti.ant@1.0-impl.so: unknown error
08-31 23:25:38.042   411   411 E         : Could not get passthrough implementation for com.qualcomm.qti.ant@1.0::IAntHci/default.
08-31 23:25:38.042   411   411 I android.hardware.bluetooth@1.0-service: Error while registering Ant service: 1
08-31 23:25:38.042   416   416 I ServiceManagement: Registered android.hardware.drm@1.2::ICryptoFactory/clearkey (start delay of 373ms)
08-31 23:25:38.042   416   416 I ServiceManagement: Removing namespace from process name android.hardware.drm@1.2-service.clearkey to drm@1.2-service.clearkey.
08-31 23:25:38.043   334   334 E SELinux : avc:  denied  { find } for interface=android.hardware.gnss::IGnss sid=u:r:init:s0 pid=429 scontext=u:r:init:s0 tcontext=u:object_r:hal_gnss_hwservice:s0 tclass=hwservice_manager permissive=1
08-31 23:25:38.044   600   600 I /system/bin/tombstoned: tombstoned successfully initialized
08-31 23:25:38.045   437   437 E         : IOP-HAL: inside HIDL_FETCH_IIop
08-31 23:25:38.045   437   437 E         : IOP-HAL: boot Address of iop object
08-31 23:25:38.057   448   448 I lowmemorykiller: Using in-kernel low memory killer interface
08-31 23:25:38.057   438   438 I ServiceManagement: Registered vendor.qti.hardware.perf@1.0::IPerf/default (start delay of 278ms)
08-31 23:25:38.058   438   438 I ServiceManagement: Removing namespace from process name vendor.qti.hardware.perf@1.0-service to perf@1.0-service.
08-31 23:25:38.059   428   428 I ServiceManagement: Registered android.hardware.wifi@1.3::IWifi/default (start delay of 331ms)
08-31 23:25:38.060   428   428 I ServiceManagement: Removing namespace from process name android.hardware.wifi@1.0-service to wifi@1.0-service.
08-31 23:25:38.064   439   439 I ServiceManagement: Registered vendor.qti.hardware.qteeconnector@1.0::IAppConnector/default (start delay of 275ms)
08-31 23:25:38.064   439   439 I ServiceManagement: Removing namespace from process name vendor.qti.hardware.qteeconnector@1.0-service to qteeconnector@1.0-service.
08-31 23:25:38.069   450   450 D QSEECOMD: : Init rpmb_start ret = 0
08-31 23:25:38.069   450   450 D QSEECOMD: : RPMB system services: Started (Listener ID = 8192)
08-31 23:25:38.069   450   450 E QSEECOMD: : Listener: index = 1, hierarchy = 1
08-31 23:25:38.069   450   450 D QSEECOMD: : Init dlopen(libssd.so, RTLD_NOW) succeeds
08-31 23:25:38.069   450   450 D QSEECOMD: : Init::Init dlsym(g_FSHandle ssd_start) succeeds
08-31 23:25:38.069   450   450 D QSEECOMAPI: : QSEECom_register_listener 12288 sb_length = 0x5000
08-31 23:25:38.086   589   589 D LocSvc_LBSProxy: checkIfLocationExtendedClientExists] File does not Exist
08-31 23:25:38.087   437   437 E         : IOP-HAL: loading library is done
08-31 23:25:38.088   439   439 I ServiceManagement: Registered vendor.qti.hardware.qteeconnector@1.0::IGPAppConnector/default (start delay of 299ms)
08-31 23:25:38.088   439   439 I ServiceManagement: Removing namespace from process name vendor.qti.hardware.qteeconnector@1.0-service to qteeconnector@1.0-service.
08-31 23:25:38.088   419   419 I ServiceManagement: Registered android.hardware.graphics.allocator@2.0::IAllocator/default (start delay of 409ms)
08-31 23:25:38.088   419   419 I ServiceManagement: Removing namespace from process name android.hardware.graphics.allocator@2.0-service to allocator@2.0-service.
08-31 23:25:38.089   419   419 I android.hardware.graphics.allocator@2.0-service: Registration complete for android.hardware.graphics.allocator@2.0::IAllocator/default.
08-31 23:25:38.090   437   437 I ServiceManagement: Registered vendor.qti.hardware.iop@2.0::IIop/default (start delay of 331ms)
08-31 23:25:38.090   438   438 E vendor.qti.hardware.perf@1.0-service: Registered IPerf HAL service success!
08-31 23:25:38.090   437   437 I ServiceManagement: Removing namespace from process name vendor.qti.hardware.iop@2.0-service to iop@2.0-service.
08-31 23:25:38.092   589   615 E QMI_FW  : QMUXD: WARNING qmi_qmux_if_pwr_up_init failed! rc=-6
08-31 23:25:38.092   334   334 E SELinux : avc:  denied  { add } for interface=android.hardware.gnss::IGnss sid=u:r:init:s0 pid=429 scontext=u:r:init:s0 tcontext=u:object_r:hal_gnss_hwservice:s0 tclass=hwservice_manager permissive=1
08-31 23:25:38.094   429   429 I ServiceManagement: Registered android.hardware.gnss@1.1::IGnss/default (start delay of 365ms)
08-31 23:25:38.094   429   429 I LocSvc_HIDL_vendor.qti.gnss@1.0-service: Registration complete for android.hardware.gnss@1.1::IGnss/default.
08-31 23:25:38.096   437   437 I vendor.qti.hardware.iop@2.0-service: Registration complete for vendor.qti.hardware.iop@2.0::IIop/default.
08-31 23:25:38.096   334   334 I hwservicemanager: getTransport: Cannot find entry vendor.qti.gnss@1.0::ILocHidlGnss/gnss_vendor in either framework or device manifest.
08-31 23:25:38.116   478   494 I ServiceManager: Waiting for service 'display.qservice' on '/dev/binder'...
08-31 23:25:38.119   336   336 E SELinux : avc:  denied  { add } for service=vendor.qcom.PeripheralManager pid=442 uid=1000 scontext=u:r:init:s0 tcontext=u:object_r:default_android_vndservice:s0 tclass=service_manager permissive=1
08-31 23:25:38.120   442   442 I PerMgrSrv: Peripheral Mananager service start
08-31 23:25:38.120   442   442 I PerMgrSrv: power-off timeout 500,ms; event-ack timeout 200,ms; debug-mode false
08-31 23:25:38.120   442   442 I PerMgrSrv: Statistics for : modem
08-31 23:25:38.120   442   442 I PerMgrSrv: modem: Current State : is off-line
08-31 23:25:38.120   442   442 I PerMgrSrv: modem: Voter/Listener count : 0/0
08-31 23:25:38.120   442   442 I PerMgrSrv: modem: Power on count : 0
08-31 23:25:38.120   442   442 I PerMgrSrv: modem: Power off count: 0
08-31 23:25:38.120   442   442 I PerMgrSrv: modem: Client list:
08-31 23:25:38.141   442   466 I PerMgrSrv: QMI service start
08-31 23:25:38.163   389   389 D AndroidRuntime: >>>>>> START com.android.internal.os.ZygoteInit uid 0 <<<<<<
08-31 23:25:38.191   618   618 D android.hardware.biometrics.fingerprint@2.1-service: Opening fingerprint hal library...
08-31 23:25:38.195   334   334 I hwservicemanager: getTransport: Cannot find entry android.hardware.audio@5.0::IDevicesFactory/default in either framework or device manifest.
08-31 23:25:38.203   410   410 E audiohalservice: Could not get passthrough implementation for android.hardware.audio@5.0::IDevicesFactory/default.
08-31 23:25:38.205   334   334 I hwservicemanager: getTransport: Cannot find entry android.hardware.audio@4.0::IDevicesFactory/default in either framework or device manifest.
08-31 23:25:38.205   410   410 E audiohalservice: Could not get passthrough implementation for android.hardware.audio@4.0::IDevicesFactory/default.
08-31 23:25:38.221   618   618 I fpc_tac : Application name is: fpctzappfingerprint
08-31 23:25:38.221   618   618 D QSEECOMAPI: : QSEECom_get_handle sb_length = 0x400
08-31 23:25:38.221   618   618 D QSEECOMAPI: : App is not loaded in QSEE
08-31 23:25:38.230   490   490 E RTPServiceImpl: qpLogDiagInit <== result : 1; log_write_mutex is Initialized
08-31 23:25:38.230   490   490 E Diag_Lib: bLogRTPMSgs =0,rtpdata=0,adblog=0
08-31 23:25:38.230   490   490 E RTPServiceImpl: [IMS_AP_RTP]"RTPService callback Registraton"
08-31 23:25:38.230   490   490 I ServiceManagement: Registered vendor.qti.imsrtpservice@1.0::IRTPService/imsrtpservice (start delay of 840ms)
08-31 23:25:38.231   478   494 I ServiceManager: Waiting for service 'display.qservice' on '/dev/binder'...
08-31 23:25:38.232   618   618 D QSEECOMAPI: : app_arch = 1, total_files = 5
08-31 23:25:38.234   389   389 I AndroidRuntime: Using default boot image
08-31 23:25:38.235   389   389 I AndroidRuntime: Leaving lock profiling enabled
08-31 23:25:38.235   524   524 V MediaUtils: physMem: 2954731520
08-31 23:25:38.235   524   524 V MediaUtils: requested limit: 590946300
08-31 23:25:38.235   524   524 I libc    : malloc_limit: Allocation limit enabled, max size 590946300 bytes
08-31 23:25:38.254   389   389 I zygote64: option[0]=-Xzygote
08-31 23:25:38.254   389   389 I zygote64: option[1]=-Xcheck:jni
08-31 23:25:38.254   389   389 I zygote64: option[2]=exit
08-31 23:25:38.254   389   389 I zygote64: option[3]=vfprintf
08-31 23:25:38.254   389   389 I zygote64: option[4]=sensitiveThread
08-31 23:25:38.254   389   389 I zygote64: option[5]=-verbose:gc
08-31 23:25:38.254   389   389 I zygote64: option[6]=-Xms8m
08-31 23:25:38.254   389   389 I zygote64: option[7]=-Xmx768m
08-31 23:25:38.254   389   389 I zygote64: option[8]=-XX:HeapGrowthLimit=288m
08-31 23:25:38.254   389   389 I zygote64: option[9]=-XX:HeapMinFree=512k
08-31 23:25:38.254   389   389 I zygote64: option[10]=-XX:HeapMaxFree=8m
08-31 23:25:38.254   389   389 I zygote64: option[11]=-XX:HeapTargetUtilization=0.75
08-31 23:25:38.254   389   389 I zygote64: option[12]=-Xusejit:true
08-31 23:25:38.254   389   389 I zygote64: option[13]=-Xjitsaveprofilinginfo
08-31 23:25:38.254   389   389 I zygote64: option[14]=-XjdwpOptions:suspend=n,server=y
08-31 23:25:38.254   389   389 I zygote64: option[15]=-XjdwpProvider:default
08-31 23:25:38.254   389   389 I zygote64: option[16]=-Xlockprofthreshold:500
08-31 23:25:38.254   389   389 I zygote64: option[17]=-Ximage-compiler-option
08-31 23:25:38.255   389   389 I zygote64: option[18]=--runtime-arg
08-31 23:25:38.255   389   389 I zygote64: option[19]=-Ximage-compiler-option
08-31 23:25:38.255   389   389 I zygote64: option[20]=-Xms64m
08-31 23:25:38.255   389   389 I zygote64: option[21]=-Ximage-compiler-option
08-31 23:25:38.255   389   389 I zygote64: option[22]=--runtime-arg
08-31 23:25:38.255   389   389 I zygote64: option[23]=-Ximage-compiler-option
08-31 23:25:38.255   389   389 I zygote64: option[24]=-Xmx64m
08-31 23:25:38.255   389   389 I zygote64: option[25]=-Ximage-compiler-option
08-31 23:25:38.255   389   389 I zygote64: option[26]=--compiler-filter=verify-at-runtime
08-31 23:25:38.255   389   389 I zygote64: option[27]=-Ximage-compiler-option
08-31 23:25:38.255   389   389 I zygote64: option[28]=--profile-file=/system/etc/boot-image.prof
08-31 23:25:38.255   389   389 I zygote64: option[29]=-Ximage-compiler-option
08-31 23:25:38.255   389   389 I zygote64: option[30]=--compiler-filter=speed-profile
08-31 23:25:38.255   389   389 I zygote64: option[31]=-Xcompiler-option
08-31 23:25:38.255   389   389 I zygote64: option[32]=--runtime-arg
08-31 23:25:38.255   389   389 I zygote64: option[33]=-Xcompiler-option
08-31 23:25:38.255   389   389 I zygote64: option[34]=-Xms64m
08-31 23:25:38.255   389   389 I zygote64: option[35]=-Xcompiler-option
08-31 23:25:38.255   389   389 I zygote64: option[36]=--runtime-arg
08-31 23:25:38.255   389   389 I zygote64: option[37]=-Xcompiler-option
08-31 23:25:38.255   389   389 I zygote64: option[38]=-Xmx512m
08-31 23:25:38.255   389   389 I zygote64: option[39]=-Xcompiler-option
08-31 23:25:38.255   389   389 I zygote64: option[40]=-j2
08-31 23:25:38.255   389   389 I zygote64: option[41]=-Ximage-compiler-option
08-31 23:25:38.255   389   389 I zygote64: option[42]=-j4
08-31 23:25:38.255   389   389 I zygote64: option[43]=-Ximage-compiler-option
08-31 23:25:38.255   389   389 I zygote64: option[44]=--instruction-set-variant=cortex-a53
08-31 23:25:38.256   389   389 I zygote64: option[45]=-Xcompiler-option
08-31 23:25:38.256   389   389 I zygote64: option[46]=--instruction-set-variant=cortex-a53
08-31 23:25:38.256   389   389 I zygote64: option[47]=-Ximage-compiler-option
08-31 23:25:38.256   389   389 I zygote64: option[48]=--instruction-set-features=default
08-31 23:25:38.256   389   389 I zygote64: option[49]=-Xcompiler-option
08-31 23:25:38.256   389   389 I zygote64: option[50]=--instruction-set-features=default
08-31 23:25:38.256   389   389 I zygote64: option[51]=-Duser.locale=en-US
08-31 23:25:38.256   389   389 I zygote64: option[52]=--cpu-abilist=arm64-v8a
08-31 23:25:38.256   389   389 I zygote64: option[53]=-Xcompiler-option
08-31 23:25:38.256   389   389 I zygote64: option[54]=--generate-mini-debug-info
08-31 23:25:38.256   389   389 I zygote64: option[55]=-Xcore-platform-api-policy:just-warn
08-31 23:25:38.256   389   389 I zygote64: option[56]=-Xfingerprint:google/taimen/taimen:8.1.0/OPM1.171019.021/4565141:user/release-keys
08-31 23:25:38.258   524   524 W /system/bin/mediaextractor: libminijail[524]: failed to get path of fd 4: No such file or directory
08-31 23:25:38.259   524   524 W /system/bin/mediaextractor: libminijail[524]: allowing syscall: connect
08-31 23:25:38.259   524   524 W /system/bin/mediaextractor: libminijail[524]: allowing syscall: fcntl
08-31 23:25:38.259   524   524 W /system/bin/mediaextractor: libminijail[524]: allowing syscall: sendto
08-31 23:25:38.259   524   524 W /system/bin/mediaextractor: libminijail[524]: allowing syscall: socket
08-31 23:25:38.259   524   524 W /system/bin/mediaextractor: libminijail[524]: allowing syscall: writev
08-31 23:25:38.263   389   389 I zygote64: Core platform API reporting enabled, enforcing=false
08-31 23:25:38.264   410   410 I ServiceManagement: Registered android.hardware.audio@2.0::IDevicesFactory/default (start delay of 615ms)
08-31 23:25:38.264   450   450 D QSEECOMD: : Init ssd_start ret = 0
08-31 23:25:38.264   450   450 D QSEECOMD: : SSD system services: Started (Listener ID = 12288)
08-31 23:25:38.264   410   410 I ServiceManagement: Removing namespace from process name android.hardware.audio@2.0-service to audio@2.0-service.
08-31 23:25:38.264   450   450 E QSEECOMD: : Listener: index = 2, hierarchy = 1
08-31 23:25:38.264   449   449 I SurfaceFlinger: Using HWComposer service: 'default'
08-31 23:25:38.265   524   524 W /system/bin/mediaextractor: libminijail[524]: logging seccomp filter failures
08-31 23:25:38.265   449   449 I SurfaceFlinger: SurfaceFlinger is starting
08-31 23:25:38.265   410   410 I audiohalservice: Registration complete for android.hardware.audio@2.0::IDevicesFactory/default.
08-31 23:25:38.265   450   450 E QSEECOMD: : Init dlopen(libsecureui.so, RLTD_NOW) is failed....
08-31 23:25:38.265   450   450 E QSEECOMD: : Listener: index = 3, hierarchy = 1
08-31 23:25:38.266   334   334 I hwservicemanager: getTransport: Cannot find entry android.hardware.audio.effect@5.0::IEffectsFactory/default in either framework or device manifest.
08-31 23:25:38.267   410   410 E audiohalservice: Could not get passthrough implementation for android.hardware.audio.effect@5.0::IEffectsFactory/default.
08-31 23:25:38.268   334   334 I hwservicemanager: getTransport: Cannot find entry android.hardware.audio.effect@4.0::IEffectsFactory/default in either framework or device manifest.
08-31 23:25:38.269   410   410 E audiohalservice: Could not get passthrough implementation for android.hardware.audio.effect@4.0::IEffectsFactory/default.
08-31 23:25:38.269   450   450 D QSEECOMD: : Init dlopen(libdrmtime.so, RTLD_NOW) succeeds
08-31 23:25:38.269   450   450 D QSEECOMD: : Init::Init dlsym(g_FSHandle atime_start) succeeds
08-31 23:25:38.269   450   450 D DrmLibTime: QSEE Time Listener: atime_start
08-31 23:25:38.269   450   450 D QSEECOMAPI: : QSEECom_register_listener 11 sb_length = 0x5000
08-31 23:25:38.273   449   449 I SurfaceFlinger: Enabling backpressure propagation for Client Composition
08-31 23:25:38.273   449   449 I SurfaceFlinger: Treble testing override: 'false'
08-31 23:25:38.275   450   450 D DrmLibTime: registering fs service to QSEECom is done!
08-31 23:25:38.275   450   450 D DrmLibTime: begin to create a thread!
08-31 23:25:38.275   450   450 D DrmLibTime: Creating a pthread in atime_start is done! return 0
08-31 23:25:38.275   450   450 D QSEECOMD: : Init atime_start ret = 0
08-31 23:25:38.275   450   450 D QSEECOMD: : time services: Started (Listener ID = 11)
08-31 23:25:38.275   450   450 E QSEECOMD: : Listener: index = 4, hierarchy = 1
08-31 23:25:38.275   450   450 D QSEECOMD: : Init dlopen(libdrmfs.so, RTLD_NOW) succeeds
08-31 23:25:38.275   450   450 D QSEECOMD: : Init::Init dlsym(g_FSHandle fs_start) succeeds
08-31 23:25:38.275   450   450 D QSEECOMAPI: : QSEECom_register_listener 10 sb_length = 0x5000
08-31 23:25:38.277   496   496 E Diag_Lib:  Diag_LSM_Init: Failed to open handle to diag driver, error = 13
08-31 23:25:38.279   449   449 I SurfaceFlinger: SurfaceFlinger's main thread ready to run. Initializing graphics H/W...
08-31 23:25:38.279   449   449 I SurfaceFlinger: Phase offset NS: 2000000
08-31 23:25:38.279   449   449 D RenderEngine: RenderEngine GLES Backend
08-31 23:25:38.285   449   449 D libEGL  : loaded /vendor/lib64/egl/libEGL_adreno.so
08-31 23:25:38.289   450   487 D DrmLibTime: QSEE Time Listener: dispatch
08-31 23:25:38.289   450   487 D DrmLibTime: before calling ioctl to read the next time_cmd
08-31 23:25:38.297   482   482 I irsc_util: Starting irsc tool
08-31 23:25:38.314   482   482 I irsc_util: Num of entries:293
08-31 23:25:38.315   482   482 I irsc_util: Ending irsc tool
08-31 23:25:38.316   478   478 D PPDaemon: CABL version 2.0.20140905
08-31 23:25:38.323   478   478 D PPDaemon: PU Status from pu node: 1
08-31 23:25:38.324   478   478 D PPDaemon: int dcm_os_intf_control(boolean): Entering
08-31 23:25:38.324   478   478 D PPDaemon: Calling LSM init 
08-31 23:25:38.324   478   494 D PPDaemon: PU Status from pu node: 1
08-31 23:25:38.334   410   410 I ServiceManagement: Registered android.hardware.audio.effect@2.0::IEffectsFactory/default (start delay of 685ms)
08-31 23:25:38.334   410   410 I audiohalservice: Registration complete for android.hardware.audio.effect@2.0::IEffectsFactory/default.
08-31 23:25:38.335   334   334 I hwservicemanager: getTransport: Cannot find entry android.hardware.soundtrigger@2.2::ISoundTriggerHw/default in either framework or device manifest.
08-31 23:25:38.336   410   410 E audiohalservice: Could not get passthrough implementation for android.hardware.soundtrigger@2.2::ISoundTriggerHw/default.
08-31 23:25:38.337   334   334 I hwservicemanager: getTransport: Cannot find entry android.hardware.soundtrigger@2.1::ISoundTriggerHw/default in either framework or device manifest.
08-31 23:25:38.338   410   410 E audiohalservice: Could not get passthrough implementation for android.hardware.soundtrigger@2.1::ISoundTriggerHw/default.
08-31 23:25:38.343   450   450 D QSEECOMD: : Init fs_start ret = 0
08-31 23:25:38.343   450   450 D QSEECOMD: : file system services: Started (Listener ID = 10)
08-31 23:25:38.343   450   450 E QSEECOMD: : Listener: index = 5, hierarchy = 1
08-31 23:25:38.343   450   450 D QSEECOMD: : Init dlopen(libdrmfs.so, RTLD_NOW) succeeds
08-31 23:25:38.343   450   450 D QSEECOMD: : Init::Init dlsym(g_FSHandle gpfs_start) succeeds
08-31 23:25:38.343   450   450 D QSEECOMAPI: : QSEECom_register_listener 28672 sb_length = 0x7e000
08-31 23:25:38.345   478   478 D PPDaemon: Diag_LSM_Init succeeded. 
08-31 23:25:38.350   389   389 D ICU     : Time zone APEX file found: /apex/com.android.tzdata/etc/icu/icu_tzdata.dat
08-31 23:25:38.353   486   486 E Diag_Lib: qpLogDiagInit <== result : 1
08-31 23:25:38.353   486   486 E Diag_Lib: QMID : gIsQXDMDisabled 0, gIsADBDisabled 1, gIsDebugDisabled 0, gIsIMSLogsDisabled 0
08-31 23:25:38.353   486   486 E Diag_Lib: [IMS_QMID] |imsqmiserver.c | 541 | QMID#$$#0#QMI DAEMON STARTED
08-31 23:25:38.354   390   390 D ICU     : Time zone APEX file found: /apex/com.android.tzdata/etc/icu/icu_tzdata.dat
08-31 23:25:38.356   478   494 I ServiceManager: Waiting for service 'display.qservice' on '/dev/binder'...
08-31 23:25:38.362   450   450 D QSEECOMD: : Init gpfs_start ret = 0
08-31 23:25:38.362   450   450 D QSEECOMD: : gpfile system services: Started (Listener ID = 28672)
08-31 23:25:38.362   450   450 E QSEECOMD: : Listener: index = 6, hierarchy = 1
08-31 23:25:38.363   478   478 D PPDaemon: QDCM_Service_ErrorTypes InitUtility(): Entering
08-31 23:25:38.363   478   478 D PPDaemon: MDP version: 0x100c0000.
08-31 23:25:38.363   478   478 D PPDaemon: MDSS version: 0x100c0000.
08-31 23:25:38.363   478   478 D PPDaemon: QDCM_Service_RegisterCallback() successful.
08-31 23:25:38.363   478   478 D PPDaemon: Panel Name: mipi_mot_cmd_boe_1080p_546_v0
08-31 23:25:38.363   478   478 D PPDaemon: QDCM_Service_ErrorTypes InitUtility(): Exiting
08-31 23:25:38.363   478   478 D PPDaemon: intf.hContext = 0xf6124040, qdcmContextHandle = 0xf6124040
08-31 23:25:38.363   478   478 D PPDaemon: int dcm_os_intf_control(boolean): Exiting
08-31 23:25:38.364   480   501 I adbd    : initializing functionfs
08-31 23:25:38.364   480   501 I adbd    : opening control endpoint /dev/usb-ffs/adb/ep0
08-31 23:25:38.366   480   501 I adbd    : functionfs successfully initialized
08-31 23:25:38.366   480   501 I adbd    : registering usb transport
08-31 23:25:38.366   480   502 I adbd    : <unknown>: read thread spawning
08-31 23:25:38.369   480   480 I adbd    : <unknown>: already offline
08-31 23:25:38.370   410   410 E SoundTriggerHalImpl: couldn't load sound trigger module sound_trigger.primary (No such file or directory)
08-31 23:25:38.371   480   503 I adbd    : <unknown>: write thread spawning
08-31 23:25:38.373   410   410 I ServiceManagement: Registered android.hardware.soundtrigger@2.0::ISoundTriggerHw/default (start delay of 724ms)
08-31 23:25:38.373   410   410 I audiohalservice: Registration complete for android.hardware.soundtrigger@2.0::ISoundTriggerHw/default.
08-31 23:25:38.376   627   627 I NetUtilsWrapper: Unexpected command: /system/bin/iptables -w -W 10000 -t mangle -A PREROUTING -m mark --mark 0x20 -j ACCEPT
08-31 23:25:38.378   334   334 I hwservicemanager: getTransport: Cannot find entry android.hardware.bluetooth.audio@2.0::IBluetoothAudioProvidersFactory/default in either framework or device manifest.
08-31 23:25:38.378   491   491 I imsrcsd : Uce Service HAL  is starting up...
08-31 23:25:38.378   410   410 E audiohalservice: Could not get passthrough implementation for android.hardware.bluetooth.audio@2.0::IBluetoothAudioProvidersFactory/default.
08-31 23:25:38.378   410   410 W audiohalservice: Could not register Bluetooth Audio API 2.0
08-31 23:25:38.379   334   334 I hwservicemanager: getTransport: Cannot find entry android.hardware.bluetooth.a2dp@1.0::IBluetoothAudioOffload/default in either framework or device manifest.
08-31 23:25:38.381   410   410 E audiohalservice: Could not get passthrough implementation for android.hardware.bluetooth.a2dp@1.0::IBluetoothAudioOffload/default.
08-31 23:25:38.381   410   410 W audiohalservice: Could not register Bluetooth audio offload 1.0
08-31 23:25:38.381   491   491 I imsrcsd : Uce Service HAL  loading imsrcsbaseimpl
08-31 23:25:38.382   420   420 W qdcopybit: open_copybit i = 0 surface_id=-1026555902
08-31 23:25:38.382   420   420 W qdcopybit: open_copybit i = 1 surface_id=-1026555901
08-31 23:25:38.382   420   420 W qdcopybit: open_copybit i = 2 surface_id=-1026555900
08-31 23:25:38.382   420   420 W qdcopybit: open_copybit i = 3 surface_id=-1026555899
08-31 23:25:38.382   420   420 W qdcopybit: open_copybit i = 4 surface_id=-1026555898
08-31 23:25:38.382   420   420 W qdcopybit: open_copybit i = 5 surface_id=-1026555897
08-31 23:25:38.382   420   420 W qdcopybit: open_copybit i = 6 surface_id=-1026555896
08-31 23:25:38.382   420   420 W qdcopybit: open_copybit i = 7 surface_id=-1026555895
08-31 23:25:38.382   420   420 W qdcopybit: open_copybit i = 8 surface_id=-1026555894
08-31 23:25:38.382   420   420 W qdcopybit: open_copybit i = 9 surface_id=-1026555893
08-31 23:25:38.382   420   420 W qdcopybit: open_copybit i = 10 surface_id=-1026555892
08-31 23:25:38.382   420   420 W qdcopybit: open_copybit i = 11 surface_id=-1026555891
08-31 23:25:38.382   420   420 W qdcopybit: open_copybit i = 12 surface_id=-1026555890
08-31 23:25:38.382   420   420 W qdcopybit: open_copybit i = 13 surface_id=-1026555889
08-31 23:25:38.382   420   420 W qdcopybit: open_copybit i = 14 surface_id=-1026555888
08-31 23:25:38.382   420   420 W qdcopybit: open_copybit i = 15 surface_id=-1026555887
08-31 23:25:38.382   420   420 W qdcopybit: open_copybit i = 16 surface_id=-1026555886
08-31 23:25:38.382   420   420 W qdcopybit: open_copybit i = 17 surface_id=-1026555885
08-31 23:25:38.382   420   420 W qdcopybit: open_copybit i = 18 surface_id=-1026555884
08-31 23:25:38.382   420   420 W qdcopybit: open_copybit i = 19 surface_id=-1026555883
08-31 23:25:38.382   420   420 W qdcopybit: open_copybit i = 20 surface_id=-1026555882
08-31 23:25:38.382   420   420 W qdcopybit: open_copybit i = 21 surface_id=-1026555881
08-31 23:25:38.382   420   420 W qdcopybit: open_copybit i = 22 surface_id=-1026555880
08-31 23:25:38.382   420   420 W qdcopybit: open_copybit i = 23 surface_id=-1026555879
08-31 23:25:38.382   420   420 W qdcopybit: open_copybit i = 24 surface_id=-1026555878
08-31 23:25:38.382   420   420 W qdcopybit: open_copybit i = 25 surface_id=-1026555877
08-31 23:25:38.382   420   420 W qdcopybit: open_copybit i = 26 surface_id=-1026555876
08-31 23:25:38.382   420   420 W qdcopybit: open_copybit i = 27 surface_id=-1026555875
08-31 23:25:38.382   420   420 W qdcopybit: open_copybit i = 28 surface_id=-1026555874
08-31 23:25:38.382   420   420 W qdcopybit: open_copybit i = 29 surface_id=-1026555873
08-31 23:25:38.382   420   420 W qdcopybit: open_copybit i = 30 surface_id=-1026555872
08-31 23:25:38.382   420   420 W qdcopybit: open_copybit i = 31 surface_id=-1026555871
08-31 23:25:38.382   420   420 W qdcopybit: open_copybit: 2 Plane YUV i=0 surface_id=-1026555869
08-31 23:25:38.382   420   420 W qdcopybit: open_copybit: 2 Plane YUV i=1 surface_id=-1026555868
08-31 23:25:38.382   420   420 W qdcopybit: open_copybit: 2 Plane YUV i=2 surface_id=-1026555867
08-31 23:25:38.382   420   420 W qdcopybit: open_copybit: 2 Plane YUV i=3 surface_id=-1026555866
08-31 23:25:38.382   420   420 W qdcopybit: open_copybit: 3 Plane YUV i=0 surface_id=-1026555864
08-31 23:25:38.383   420   420 I qdhwcomposer: Initializing Qualcomm Hardware Composer
08-31 23:25:38.383   420   420 I qdhwcomposer: MDP version: 500
08-31 23:25:38.383   420   420 I HWC2On1Adapter: Found support for HWC virtual displays
08-31 23:25:38.383   420   420 D qdhwcomposer: hwc_getDisplayAttributes disp = 0, width = 1080
08-31 23:25:38.383   420   420 D qdhwcomposer: hwc_getDisplayAttributes disp = 0, height = 1920
08-31 23:25:38.383   420   420 E qdhwcomposer: Unknown display attribute 6
08-31 23:25:38.383   420   420 D qdhwcomposer: hwc_getDisplayAttributes disp = 0, width = 1080
08-31 23:25:38.383   420   420 D qdhwcomposer: hwc_getDisplayAttributes disp = 0, height = 1920
08-31 23:25:38.383   420   420 E HWC2On1Adapter: Setting active config to 0 for HWC1 config 0
08-31 23:25:38.383   420   420 I qdhwcomposer: hwc_registerProcs
08-31 23:25:38.383   420   420 I qdhwcomposer: Initializing UEVENT Thread
08-31 23:25:38.383   420   420 I qdhwcomposer: Initializing VSYNC Thread
08-31 23:25:38.387   420   510 I qdhwcomposer: vsync_loop: Reading event 0 for dpy 0 from /sys/class/graphics/fb0/vsync_event
08-31 23:25:38.387   420   420 I ServiceManagement: Registered android.hardware.graphics.composer@2.1::IComposer/default (start delay of 708ms)
08-31 23:25:38.387   420   510 I qdhwcomposer: vsync_loop: Reading event 1 for dpy 0 from /sys/class/graphics/fb0/show_blank_event
08-31 23:25:38.387   420   510 I qdhwcomposer: vsync_loop: Reading event 2 for dpy 0 from /sys/class/graphics/fb0/msm_fb_thermal_level
08-31 23:25:38.387   420   510 I qdhwcomposer: vsync_loop: Reading event 3 for dpy 0 from /sys/class/graphics/fb0/cec/rd_msg
08-31 23:25:38.387   420   510 E qdhwcomposer: vsync_loop:unable to open event node for dpy=0 event=3, No such file or directory
08-31 23:25:38.387   420   420 I ServiceManagement: Removing namespace from process name android.hardware.graphics.composer@2.1-service to composer@2.1-service.
08-31 23:25:38.387   420   510 I qdhwcomposer: vsync_loop: Reading event 0 for dpy 1 from /sys/class/graphics/fb-1/vsync_event
08-31 23:25:38.387   420   510 I qdhwcomposer: vsync_loop: Reading event 1 for dpy 1 from /sys/class/graphics/fb-1/show_blank_event
08-31 23:25:38.387   420   510 I qdhwcomposer: vsync_loop: Reading event 2 for dpy 1 from /sys/class/graphics/fb-1/msm_fb_thermal_level
08-31 23:25:38.387   420   510 I qdhwcomposer: vsync_loop: Reading event 3 for dpy 1 from /sys/class/graphics/fb-1/cec/rd_msg
08-31 23:25:38.387   420   510 I qdhwcomposer: vsync_loop: Reading event 0 for dpy 2 from /sys/class/graphics/fb-1/vsync_event
08-31 23:25:38.387   420   510 I qdhwcomposer: vsync_loop: Reading event 1 for dpy 2 from /sys/class/graphics/fb-1/show_blank_event
08-31 23:25:38.387   420   510 I qdhwcomposer: vsync_loop: Reading event 2 for dpy 2 from /sys/class/graphics/fb-1/msm_fb_thermal_level
08-31 23:25:38.387   420   510 I qdhwcomposer: vsync_loop: Reading event 3 for dpy 2 from /sys/class/graphics/fb-1/cec/rd_msg
08-31 23:25:38.387   420   510 I qdhwcomposer: vsync_loop: Reading event 0 for dpy 3 from /sys/class/graphics/fb-1/vsync_event
08-31 23:25:38.387   420   510 I qdhwcomposer: vsync_loop: Reading event 1 for dpy 3 from /sys/class/graphics/fb-1/show_blank_event
08-31 23:25:38.387   420   510 I qdhwcomposer: vsync_loop: Reading event 2 for dpy 3 from /sys/class/graphics/fb-1/msm_fb_thermal_level
08-31 23:25:38.387   420   510 I qdhwcomposer: vsync_loop: Reading event 3 for dpy 3 from /sys/class/graphics/fb-1/cec/rd_msg
08-31 23:25:38.387   420   510 I qdhwcomposer: vsync_loop: Reading event 0 for dpy 4 from /sys/class/graphics/fb-1/vsync_event
08-31 23:25:38.387   420   510 I qdhwcomposer: vsync_loop: Reading event 1 for dpy 4 from /sys/class/graphics/fb-1/show_blank_event
08-31 23:25:38.387   420   510 I qdhwcomposer: vsync_loop: Reading event 2 for dpy 4 from /sys/class/graphics/fb-1/msm_fb_thermal_level
08-31 23:25:38.387   420   510 I qdhwcomposer: vsync_loop: Reading event 3 for dpy 4 from /sys/class/graphics/fb-1/cec/rd_msg
08-31 23:25:38.387   420   510 I qdhwcomposer: vsync_loop: Reading event 0 for dpy 5 from /sys/class/graphics/fb-1/vsync_event
08-31 23:25:38.387   420   510 I qdhwcomposer: vsync_loop: Reading event 1 for dpy 5 from /sys/class/graphics/fb-1/show_blank_event
08-31 23:25:38.387   420   510 I qdhwcomposer: vsync_loop: Reading event 2 for dpy 5 from /sys/class/graphics/fb-1/msm_fb_thermal_level
08-31 23:25:38.388   420   510 I qdhwcomposer: vsync_loop: Reading event 3 for dpy 5 from /sys/class/graphics/fb-1/cec/rd_msg
08-31 23:25:38.388   420   510 I qdhwcomposer: vsync_loop: Reading event 0 for dpy 6 from /sys/class/graphics/fb-1/vsync_event
08-31 23:25:38.388   420   510 I qdhwcomposer: vsync_loop: Reading event 1 for dpy 6 from /sys/class/graphics/fb-1/show_blank_event
08-31 23:25:38.388   420   510 I qdhwcomposer: vsync_loop: Reading event 2 for dpy 6 from /sys/class/graphics/fb-1/msm_fb_thermal_level
08-31 23:25:38.388   420   420 I android.hardware.graphics.composer@2.1-service: Registration complete for android.hardware.graphics.composer@2.1::IComposer/default.
08-31 23:25:38.388   420   510 I qdhwcomposer: vsync_loop: Reading event 3 for dpy 6 from /sys/class/graphics/fb-1/cec/rd_msg
08-31 23:25:38.388   420   510 I qdhwcomposer: vsync_loop: Reading event 0 for dpy 7 from /sys/class/graphics/fb-1/vsync_event
08-31 23:25:38.388   420   510 I qdhwcomposer: vsync_loop: Reading event 1 for dpy 7 from /sys/class/graphics/fb-1/show_blank_event
08-31 23:25:38.388   420   510 I qdhwcomposer: vsync_loop: Reading event 2 for dpy 7 from /sys/class/graphics/fb-1/msm_fb_thermal_level
08-31 23:25:38.388   420   510 I qdhwcomposer: vsync_loop: Reading event 3 for dpy 7 from /sys/class/graphics/fb-1/cec/rd_msg
08-31 23:25:38.392   450   450 D QSEECOMD: : Init dlopen(libqisl.so, RTLD_NOW) succeeds
08-31 23:25:38.392   450   450 D QSEECOMD: : Init::Init dlsym(g_FSHandle qisl_start) succeeds
08-31 23:25:38.396   478   494 D PPDaemon: PPFeatureControl: Successfully loaded libdisplayconfig.so
08-31 23:25:38.397   478   494 I ServiceManager: Waiting for service 'display.qservice' on '/dev/binder'...
08-31 23:25:38.400   450   513 I QISL    : QSEE Interrupt Service Listener Thread is started
08-31 23:25:38.401   450   513 D QSEECOMAPI: : QSEECom_register_listener 36864 sb_length = 0x1f4
08-31 23:25:38.405   450   513 I QISL    : QSEE Interrupt Service Listener was activated successfully
08-31 23:25:38.405   450   450 D QSEECOMD: : Init qisl_start ret = 0
08-31 23:25:38.405   450   450 D QSEECOMD: : interrupt services: Started (Listener ID = 36864)
08-31 23:25:38.405   450   450 E QSEECOMD: : Listener: index = 7, hierarchy = 1
08-31 23:25:38.419   450   450 D QSEECOMD: : Init dlopen(libGPreqcancel.so, RTLD_NOW) succeeds
08-31 23:25:38.419   450   450 D QSEECOMD: : Init::Init dlsym(g_FSHandle gp_reqcancel_start) succeeds
08-31 23:25:38.419   450   450 D QSEECOMAPI: : QSEECom_register_listener 4352 sb_length = 0x5000
08-31 23:25:38.421   450   450 D QSEECOMD: : Init gp_reqcancel_start ret = 0
08-31 23:25:38.421   450   450 D QSEECOMD: : gp request cancellation services: Started (Listener ID = 4352)
08-31 23:25:38.424   506   506 E /vendor/bin/adsprpcd: vendor/qcom/proprietary/adsprpc/src/adsprpcd.c:29:adsp daemon starting
08-31 23:25:38.424   492   492 I tftp_server: Initializing tftp_server RING buffer
08-31 23:25:38.424   492   492 I tftp_server: Starting...
08-31 23:25:38.427   508   508 I wcnss_service: dynamic nv only for QRD platform, current platform:MTP.
08-31 23:25:38.428   449   449 D libEGL  : loaded /vendor/lib64/egl/libGLESv1_CM_adreno.so
08-31 23:25:38.428   508   508 E wcnss_service: CAL file not found
08-31 23:25:38.429   450   450 D QSEECOMAPI: : QSEECom_get_handle sb_length = 0x400
08-31 23:25:38.429   450   450 D QSEECOMAPI: : App is not loaded in QSEE
08-31 23:25:38.429   450   450 E QSEECOMAPI: : Error::Cannot open the file /firmware/image/keymaste.mdt errno = 2
08-31 23:25:38.429   450   450 E QSEECOMAPI: : Error::Loading image failed with ret = -1
08-31 23:25:38.429   450   450 D QSEECOMAPI: : QSEECom_get_handle sb_length = 0x400
08-31 23:25:38.429   450   450 D QSEECOMAPI: : App is already loaded QSEE and app id = 3
08-31 23:25:38.433   449   449 D libEGL  : loaded /vendor/lib64/egl/libGLESv2_adreno.so
08-31 23:25:38.438   390   390 D AndroidRuntime: >>>>>> START com.android.internal.os.ZygoteInit uid 0 <<<<<<
08-31 23:25:38.442   445   445 I FastMixerState: sMaxFastTracks = 8
08-31 23:25:38.445   445   445 V MediaUtils: physMem: 2954731520
08-31 23:25:38.445   445   445 V MediaUtils: requested limit: 536870912
08-31 23:25:38.445   445   445 I libc    : malloc_limit: Allocation limit enabled, max size 536870912 bytes
08-31 23:25:38.456   478   494 I ServiceManager: Waiting for service 'display.qservice' on '/dev/binder'...
08-31 23:25:38.459   628   628 I NetUtilsWrapper: Unexpected command: /system/bin/iptables -w -W 10000 -t mangle -D PREROUTING -m mark --mark 0x20 -j ACCEPT
08-31 23:25:38.459   536   536 I /apex/com.android.media.swcodec/bin/mediaswcodec: media swcodec service starting
08-31 23:25:38.475   388   388 D TetherController: Setting IP forward enable = 0
08-31 23:25:38.477   388   388 D FirewallController: Could not read /proc/self/uid_map, max uid defaulting to 4294967294
08-31 23:25:38.478   536   536 W /apex/com.android.media.swcodec/bin/mediaswcodec: Could not read additional policy file '/vendor/etc/seccomp_policy/mediaswcodec.policy'
08-31 23:25:38.479   536   536 W /apex/com.android.media.swcodec/bin/mediaswcodec: libminijail[536]: failed to get path of fd 4: No such file or directory
08-31 23:25:38.479   536   536 W /apex/com.android.media.swcodec/bin/mediaswcodec: libminijail[536]: allowing syscall: connect
