08-31 23:25:51.904  1365  1365 I mm-camera: chromatix_load_library:51/system/vendor/lib/libchromatix_ov16860_cpp_video.so
08-31 23:25:51.904  1365  1365 E mm-camera-sensor: hash_find:246ov16860_cpp_liveshot.so NOT in HASH
08-31 23:25:51.904  1365  1365 E mm-camera-sensor: mot_chromatix_load_library:access fails name No such file or directory
08-31 23:25:51.904  1365  1365 E mm-camera-sensor: mot_chromatix_load_library: loading as old style
08-31 23:25:51.904  1365  1365 I mm-camera: chromatix_load_library:51/system/vendor/lib/libchromatix_ov16860_cpp_liveshot.so
08-31 23:25:51.904  1365  1365 E mm-camera-sensor: hash_find:246ov16860_postproc.so NOT in HASH
08-31 23:25:51.905  1365  1365 E mm-camera-sensor: mot_chromatix_load_library:access fails name No such file or directory
08-31 23:25:51.905  1365  1365 E mm-camera-sensor: mot_chromatix_load_library: loading as old style
08-31 23:25:51.905  1365  1365 I mm-camera: chromatix_load_library:51/system/vendor/lib/libchromatix_ov16860_postproc.so
08-31 23:25:51.905  1365  1365 E mm-camera-sensor: hash_find:246ov16860_zsl_video_mot_lc898212xd.so NOT in HASH
08-31 23:25:51.905  1365  1365 E mm-camera-sensor: mot_chromatix_load_library:access fails name No such file or directory
08-31 23:25:51.905  1365  1365 E mm-camera-sensor: mot_chromatix_load_library: loading as old style
08-31 23:25:51.905  1365  1365 I mm-camera: chromatix_load_library:51/system/vendor/lib/libchromatix_ov16860_zsl_video_mot_lc898212xd.so
08-31 23:25:51.905  1365  1365 E mm-camera-sensor: hash_find:246ov16860_zsl_preview_mot_lc898212xd.so NOT in HASH
08-31 23:25:51.905  1365  1365 E mm-camera-sensor: mot_chromatix_load_library:access fails name No such file or directory
08-31 23:25:51.905  1365  1365 E mm-camera-sensor: mot_chromatix_load_library: loading as old style
08-31 23:25:51.905  1365  1365 I mm-camera: chromatix_load_library:51/system/vendor/lib/libchromatix_ov16860_zsl_preview_mot_lc898212xd.so
08-31 23:25:51.906  1365  1365 E mm-camera-sensor: hash_find:246ov16860_hfr_60.so NOT in HASH
08-31 23:25:51.906  1365  1365 E mm-camera-sensor: mot_chromatix_load_library:access fails name No such file or directory
08-31 23:25:51.906  1365  1365 E mm-camera-sensor: mot_chromatix_load_library: loading as old style
08-31 23:25:51.906  1365  1365 I mm-camera: chromatix_load_library:51/system/vendor/lib/libchromatix_ov16860_hfr_60.so
08-31 23:25:51.906  1365  1365 E mm-camera-sensor: hash_find:246ov16860_cpp_hfr_60.so NOT in HASH
08-31 23:25:51.906  1365  1365 E mm-camera-sensor: mot_chromatix_load_library:access fails name No such file or directory
08-31 23:25:51.906  1365  1365 E mm-camera-sensor: mot_chromatix_load_library: loading as old style
08-31 23:25:51.906  1365  1365 I mm-camera: chromatix_load_library:51/system/vendor/lib/libchromatix_ov16860_cpp_hfr_60.so
08-31 23:25:51.907  1365  1365 E mm-camera-sensor: hash_find:246ov16860_hfr_60_mot_lc898212xd.so NOT in HASH
08-31 23:25:51.907  1365  1365 E mm-camera-sensor: mot_chromatix_load_library:access fails name No such file or directory
08-31 23:25:51.907  1365  1365 E mm-camera-sensor: mot_chromatix_load_library: loading as old style
08-31 23:25:51.907  1365  1365 I mm-camera: chromatix_load_library:51/system/vendor/lib/libchromatix_ov16860_hfr_60_mot_lc898212xd.so
08-31 23:25:51.907  1365  1365 E mm-camera-sensor: hash_find:246ov16860_hfr_120.so NOT in HASH
08-31 23:25:51.907  1365  1365 E mm-camera-sensor: mot_chromatix_load_library:access fails name No such file or directory
08-31 23:25:51.907  1365  1365 E mm-camera-sensor: mot_chromatix_load_library: loading as old style
08-31 23:25:51.907  1365  1365 I mm-camera: chromatix_load_library:51/system/vendor/lib/libchromatix_ov16860_hfr_120.so
08-31 23:25:51.908  1365  1365 E mm-camera-sensor: hash_find:246ov16860_cpp_hfr_120.so NOT in HASH
08-31 23:25:51.908  1365  1365 E mm-camera-sensor: mot_chromatix_load_library:access fails name No such file or directory
08-31 23:25:51.908  1365  1365 E mm-camera-sensor: mot_chromatix_load_library: loading as old style
08-31 23:25:51.908  1365  1365 I mm-camera: chromatix_load_library:51/system/vendor/lib/libchromatix_ov16860_cpp_hfr_120.so
08-31 23:25:51.908  1365  1365 E mm-camera-sensor: hash_find:246ov16860_hfr_120_mot_lc898212xd.so NOT in HASH
08-31 23:25:51.908  1365  1365 E mm-camera-sensor: mot_chromatix_load_library:access fails name No such file or directory
08-31 23:25:51.908  1365  1365 E mm-camera-sensor: mot_chromatix_load_library: loading as old style
08-31 23:25:51.908  1365  1365 I mm-camera: chromatix_load_library:51/system/vendor/lib/libchromatix_ov16860_hfr_120_mot_lc898212xd.so
08-31 23:25:51.908  1365  1365 E mm-camera-sensor: mot_chromatix_load_library:access fails name No such file or directory
08-31 23:25:51.909  1365  1365 E mm-camera-sensor: mot_chromatix_load_library: loading as old style
08-31 23:25:51.909  1365  1365 I mm-camera: chromatix_load_library:51/system/vendor/lib/libchromatix_ov5693_common.so
08-31 23:25:51.909  1365  1365 E mm-camera-sensor: hash_find:246ov5693_snapshot.so NOT in HASH
08-31 23:25:51.909  1365  1365 E mm-camera-sensor: mot_chromatix_load_library:access fails name No such file or directory
08-31 23:25:51.909  1365  1365 E mm-camera-sensor: mot_chromatix_load_library: loading as old style
08-31 23:25:51.909  1365  1365 I mm-camera: chromatix_load_library:51/system/vendor/lib/libchromatix_ov5693_snapshot.so
08-31 23:25:51.909  1365  1365 E mm-camera-sensor: hash_find:246ov5693_default_video.so NOT in HASH
08-31 23:25:51.909  1365  1365 E mm-camera-sensor: mot_chromatix_load_library:access fails name No such file or directory
08-31 23:25:51.910  1365  1365 E mm-camera-sensor: mot_chromatix_load_library: loading as old style
08-31 23:25:51.910  1365  1365 I mm-camera: chromatix_load_library:51/system/vendor/lib/libchromatix_ov5693_default_video.so
08-31 23:25:51.910  1365  1365 E mm-camera-sensor: hash_find:246ov5693_liveshot.so NOT in HASH
08-31 23:25:51.910  1365  1365 E mm-camera-sensor: mot_chromatix_load_library:access fails name No such file or directory
08-31 23:25:51.910  1365  1365 E mm-camera-sensor: mot_chromatix_load_library: loading as old style
08-31 23:25:51.910  1365  1365 I mm-camera: chromatix_load_library:51/system/vendor/lib/libchromatix_ov5693_liveshot.so
08-31 23:25:51.910  1365  1365 E mm-camera-sensor: hash_find:246ov5693_cpp_snapshot.so NOT in HASH
08-31 23:25:51.910  1365  1365 E mm-camera-sensor: mot_chromatix_load_library:access fails name No such file or directory
08-31 23:25:51.910  1365  1365 E mm-camera-sensor: mot_chromatix_load_library: loading as old style
08-31 23:25:51.910  1365  1365 I mm-camera: chromatix_load_library:51/system/vendor/lib/libchromatix_ov5693_cpp_snapshot.so
08-31 23:25:51.911  1365  1365 E mm-camera-sensor: hash_find:246ov5693_cpp_video.so NOT in HASH
08-31 23:25:51.911  1365  1365 E mm-camera-sensor: mot_chromatix_load_library:access fails name No such file or directory
08-31 23:25:51.911  1365  1365 E mm-camera-sensor: mot_chromatix_load_library: loading as old style
08-31 23:25:51.911  1365  1365 I mm-camera: chromatix_load_library:51/system/vendor/lib/libchromatix_ov5693_cpp_video.so
08-31 23:25:51.911  1365  1365 E mm-camera-sensor: hash_find:246ov5693_cpp_liveshot.so NOT in HASH
08-31 23:25:51.911  1365  1365 E mm-camera-sensor: mot_chromatix_load_library:access fails name No such file or directory
08-31 23:25:51.911  1365  1365 E mm-camera-sensor: mot_chromatix_load_library: loading as old style
08-31 23:25:51.911  1365  1365 I mm-camera: chromatix_load_library:51/system/vendor/lib/libchromatix_ov5693_cpp_liveshot.so
08-31 23:25:51.911  1365  1365 E mm-camera-sensor: hash_find:246ov5693_postproc.so NOT in HASH
08-31 23:25:51.911  1365  1365 E mm-camera-sensor: mot_chromatix_load_library:access fails name No such file or directory
08-31 23:25:51.912  1365  1365 E mm-camera-sensor: mot_chromatix_load_library: loading as old style
08-31 23:25:51.912  1365  1365 I mm-camera: chromatix_load_library:51/system/vendor/lib/libchromatix_ov5693_postproc.so
08-31 23:25:51.912  1365  1365 E mm-camera-sensor: hash_find:246ov5693_default_video_3a.so NOT in HASH
08-31 23:25:51.912  1365  1365 E mm-camera-sensor: mot_chromatix_load_library:access fails name No such file or directory
08-31 23:25:51.912  1365  1365 E mm-camera-sensor: mot_chromatix_load_library: loading as old style
08-31 23:25:51.912  1365  1365 I mm-camera: chromatix_load_library:51/system/vendor/lib/libchromatix_ov5693_default_video_3a.so
08-31 23:25:51.912  1365  1365 E mm-camera-sensor: hash_find:246ov5693_default_preview_3a.so NOT in HASH
08-31 23:25:51.912  1365  1365 E mm-camera-sensor: mot_chromatix_load_library:access fails name No such file or directory
08-31 23:25:51.912  1365  1365 E mm-camera-sensor: mot_chromatix_load_library: loading as old style
08-31 23:25:51.912  1365  1365 I mm-camera: chromatix_load_library:51/system/vendor/lib/libchromatix_ov5693_default_preview_3a.so
08-31 23:25:51.913  1365  1365 E mm-camera-sensor: hash_find:246ov5693_hfr_120.so NOT in HASH
08-31 23:25:51.913  1365  1365 E mm-camera-sensor: mot_chromatix_load_library:access fails name No such file or directory
08-31 23:25:51.913  1365  1365 E mm-camera-sensor: mot_chromatix_load_library: loading as old style
08-31 23:25:51.913  1365  1365 I mm-camera: chromatix_load_library:51/system/vendor/lib/libchromatix_ov5693_hfr_120.so
08-31 23:25:51.913  1365  1365 E mm-camera-sensor: hash_find:246ov5693_cpp_hfr_120.so NOT in HASH
08-31 23:25:51.913  1365  1365 E mm-camera-sensor: mot_chromatix_load_library:access fails name No such file or directory
08-31 23:25:51.913  1365  1365 E mm-camera-sensor: mot_chromatix_load_library: loading as old style
08-31 23:25:51.913  1365  1365 I mm-camera: chromatix_load_library:51/system/vendor/lib/libchromatix_ov5693_cpp_hfr_120.so
08-31 23:25:51.914  1365  1365 E mm-camera-sensor: hash_find:246ov5693_hfr_120_3a.so NOT in HASH
08-31 23:25:51.914  1365  1365 E mm-camera-sensor: mot_chromatix_load_library:access fails name No such file or directory
08-31 23:25:51.914  1365  1365 E mm-camera-sensor: mot_chromatix_load_library: loading as old style
08-31 23:25:51.914  1365  1365 I mm-camera: chromatix_load_library:51/system/vendor/lib/libchromatix_ov5693_hfr_120_3a.so
08-31 23:25:51.918  1365  1365 I mm-camera: server_process_module_init:103, int mods
08-31 23:25:51.918  1365  1365 E mm-camera: iface_util_setloglevel:10187 IFACE_Loglevel 1
08-31 23:25:51.936  1365  1365 E mm-camera-isp2: module_chroma_enhan40_init:98 name chroma_enhan40
08-31 23:25:51.938  1365  1365 E mm-camera-isp2: module_color_correct40_init:103 name color_correct40
08-31 23:25:51.939  1365  1365 E mm-camera-isp2: module_luma_adaptation40_init:98 name luma_adaptation40
08-31 23:25:51.943   837   837 W ServiceManagement: Waited one second for android.hardware.power@1.0::IPower/default
08-31 23:25:51.944   837   837 I ServiceManagement: getService: Trying again for android.hardware.power@1.0::IPower/default...
08-31 23:25:51.951  1365  1365 E mm-camera-isp2: module_chroma_enhan40_init:98 name chroma_enhan40
08-31 23:25:51.952  1365  1365 E mm-camera-isp2: module_color_correct40_init:103 name color_correct40
08-31 23:25:51.952  1365  1365 E mm-camera-isp2: module_luma_adaptation40_init:98 name luma_adaptation40
08-31 23:25:51.954  1365  1365 E mm-camera-isp2: isp_resource_gen_hws_caps:3563 i 0 isp id 0
08-31 23:25:51.954  1365  1365 E mm-camera-isp2: isp_resource_gen_hws_caps:3563 i 1 isp id 1
08-31 23:25:51.955  1365  1365 E mm-camera-isp2: module_isp_init:735 module 0xe7765a80
08-31 23:25:51.963  1365  1365 E mm-camera: vpe_module_init:27 name=vpe
08-31 23:25:51.963  1365  1365 E mm-camera: vpe_hardware_find_subdev:719: entity.name=video0 entity.revision=0
08-31 23:25:51.963  1365  1365 E mm-camera: vpe_hardware_find_subdev:719: entity.name=msm_cci entity.revision=0
08-31 23:25:51.963  1365  1365 E mm-camera: vpe_hardware_find_subdev:719: entity.name=v4l-subdev0 entity.revision=0
08-31 23:25:51.963  1365  1365 E mm-camera: vpe_hardware_find_subdev:719: entity.name=v4l-subdev1 entity.revision=0
08-31 23:25:51.963  1365  1365 E mm-camera: vpe_hardware_find_subdev:719: entity.name=v4l-subdev2 entity.revision=0
08-31 23:25:51.964  1365  1365 E mm-camera: vpe_hardware_find_subdev:719: entity.name=v4l-subdev3 entity.revision=0
08-31 23:25:51.964  1365  1365 E mm-camera: vpe_hardware_find_subdev:719: entity.name=v4l-subdev4 entity.revision=0
08-31 23:25:51.964  1365  1365 E mm-camera: vpe_hardware_find_subdev:719: entity.name=v4l-subdev5 entity.revision=0
08-31 23:25:51.964  1365  1365 E mm-camera: vpe_hardware_find_subdev:719: entity.name=v4l-subdev6 entity.revision=0
08-31 23:25:51.964  1365  1365 E mm-camera: vpe_hardware_find_subdev:719: entity.name=v4l-subdev7 entity.revision=0
08-31 23:25:51.964  1365  1365 E mm-camera: vpe_hardware_find_subdev:719: entity.name=v4l-subdev8 entity.revision=0
08-31 23:25:51.964  1365  1365 E mm-camera: vpe_hardware_find_subdev:719: entity.name=v4l-subdev9 entity.revision=0
08-31 23:25:51.964  1365  1365 E mm-camera: vpe_hardware_find_subdev:719: entity.name=v4l-subdev10 entity.revision=10
08-31 23:25:51.964  1365  1365 E mm-camera: vpe_hardware_find_subdev:719: entity.name=v4l-subdev11 entity.revision=0
08-31 23:25:51.964  1365  1365 E mm-camera: vpe_hardware_find_subdev:719: entity.name=v4l-subdev12 entity.revision=0
08-31 23:25:51.964  1365  1365 E mm-camera: vpe_hardware_find_subdev:719: entity.name=v4l-subdev13 entity.revision=0
08-31 23:25:51.964  1365  1365 E mm-camera: vpe_hardware_find_subdev:719: entity.name=v4l-subdev14 entity.revision=0
08-31 23:25:51.964  1365  1365 E mm-camera: vpe_hardware_find_subdev:719: entity.name=v4l-subdev15 entity.revision=0
08-31 23:25:51.964  1365  1365 E mm-camera: vpe_hardware_find_subdev:719: entity.name=v4l-subdev16 entity.revision=0
08-31 23:25:51.964  1365  1365 E mm-camera: vpe_hardware_find_subdev:719: entity.name=v4l-subdev17 entity.revision=0
08-31 23:25:51.964  1365  1365 E mm-camera: vpe_hardware_find_subdev:714: done enumerating media entities
08-31 23:25:51.964  1365  1365 E mm-camera: vpe_hardware_find_subdev:719: entity.name=video1 entity.revision=0
08-31 23:25:51.964  1365  1365 E mm-camera: vpe_hardware_find_subdev:714: done enumerating media entities
08-31 23:25:51.964  1365  1365 E mm-camera: vpe_hardware_find_subdev:719: entity.name=video2 entity.revision=0
08-31 23:25:51.964  1365  1365 E mm-camera: vpe_hardware_find_subdev:714: done enumerating media entities
08-31 23:25:51.964  1365  1365 E mm-camera: vpe_hardware_find_subdev:686: no more media devices
08-31 23:25:51.964  1365  1365 E mm-camera: vpe_hardware_find_subdev:731: no vpe device found.
08-31 23:25:51.964  1365  1365 E mm-camera: vpe_hardware_create:31: error: cannot find vpe subdev
08-31 23:25:51.964  1365  1365 E mm-camera: vpe_module_create_vpe_ctrl:147, failed, cannnot create vpe hardware instance
08-31 23:25:51.964  1365  1365 E mm-camera: vpe_module_init:35 failed
08-31 23:25:51.964  1365  1365 E mm-camera-vpu: vpu_module_init:54, INFO name=vpu
08-31 23:25:51.964  1365  1365 E mm-camera-pp: [INFO] base_module_init:142, name=tmod
08-31 23:25:51.965  1365  1365 E mm-camera-pp: [INFO] base_module_init:142, name=ezt
08-31 23:25:51.971  1365  1365 E mm-camera-img: frameproc_comp_load:884] Warning linking img_algo_frame_ind
08-31 23:25:51.971  1365  1365 E mm-camera-img: frameproc_comp_load:891] Warning linking img_algo_meta_ind
08-31 23:25:51.971  1365  1365 E mm-camera-img: frameproc_comp_load:898] Warning linking img_algo_set_frame_ops
08-31 23:25:51.973  1365  1365 E mm-camera-img: frameproc_comp_load:884] Warning linking img_algo_frame_ind
08-31 23:25:51.973  1365  1365 E mm-camera-img: frameproc_comp_load:891] Warning linking img_algo_meta_ind
08-31 23:25:51.977  1365  1365 E cac3    : (cac3_init:41) CAC3/Skin RNR lib version: v1.5. Built on Apr 12 2018,14:58:18
08-31 23:25:51.991  1365  1365 E libcac3gpu: clCreateProgramWithSource             
08-31 23:25:52.330  1365  1365 E libcac3gpu: clCreateProgramWithSource             
08-31 23:25:52.420   535   754 W ServiceManagement: Waited one second for android.frameworks.sensorservice@1.0::ISensorManager/default
08-31 23:25:52.421   535   754 I ServiceManagement: getService: Trying again for android.frameworks.sensorservice@1.0::ISensorManager/default...
08-31 23:25:52.615  1365  1365 E libcac3gpu: clCreateProgramWithSource             
08-31 23:25:52.808   837   872 W ServiceManagement: Waited one second for android.hardware.power@1.0::IPower/default
08-31 23:25:52.809   837   872 I ServiceManagement: getService: Trying again for android.hardware.power@1.0::IPower/default...
08-31 23:25:52.898  1365  1365 E librnrgpu: clCreateProgramWithSource             
08-31 23:25:52.944   837   837 W ServiceManagement: Waited one second for android.hardware.power@1.0::IPower/default
08-31 23:25:52.945   837   837 I ServiceManagement: getService: Trying again for android.hardware.power@1.0::IPower/default...
08-31 23:25:53.299  1365  1365 E librnrgpu: clCreateProgramWithSource             
08-31 23:25:53.421   535   754 W ServiceManagement: Waited one second for android.frameworks.sensorservice@1.0::ISensorManager/default
08-31 23:25:53.422   535   754 I ServiceManagement: getService: Trying again for android.frameworks.sensorservice@1.0::ISensorManager/default...
08-31 23:25:53.674  1365  1365 E librnrgpu: clCreateProgramWithSource             
08-31 23:25:53.809   837   872 W ServiceManagement: Waited one second for android.hardware.power@1.0::IPower/default
08-31 23:25:53.810   837   872 I ServiceManagement: getService: Trying again for android.hardware.power@1.0::IPower/default...
08-31 23:25:53.945   837   837 W ServiceManagement: Waited one second for android.hardware.power@1.0::IPower/default
08-31 23:25:53.946   837   837 I ServiceManagement: getService: Trying again for android.hardware.power@1.0::IPower/default...
08-31 23:25:54.047  1365  1365 E librnrgpu: clCreateProgramWithSource             
08-31 23:25:54.423   535   754 W ServiceManagement: Waited one second for android.frameworks.sensorservice@1.0::ISensorManager/default
08-31 23:25:54.423  1365  1365 E librnrgpu: clCreateProgramWithSource             
08-31 23:25:54.423   535   754 I ServiceManagement: getService: Trying again for android.frameworks.sensorservice@1.0::ISensorManager/default...
08-31 23:25:54.797  1365  1365 E libldsgpu: clCreateProgramWithSource             
08-31 23:25:54.810   837   872 W ServiceManagement: Waited one second for android.hardware.power@1.0::IPower/default
08-31 23:25:54.811   837   872 I ServiceManagement: getService: Trying again for android.hardware.power@1.0::IPower/default...
08-31 23:25:54.947   837   837 W ServiceManagement: Waited one second for android.hardware.power@1.0::IPower/default
08-31 23:25:54.947   837   837 I ServiceManagement: getService: Trying again for android.hardware.power@1.0::IPower/default...
08-31 23:25:55.250  1365  1365 E libldsgpu: clCreateProgramWithSource             
08-31 23:25:55.424   535   754 W ServiceManagement: Waited one second for android.frameworks.sensorservice@1.0::ISensorManager/default
08-31 23:25:55.425   535   754 I ServiceManagement: getService: Trying again for android.frameworks.sensorservice@1.0::ISensorManager/default...
08-31 23:25:55.701  1365  1365 E libldsgpu: clCreateProgramWithSource             
08-31 23:25:55.811   837   872 W ServiceManagement: Waited one second for android.hardware.power@1.0::IPower/default
08-31 23:25:55.812   837   872 I ServiceManagement: getService: Trying again for android.hardware.power@1.0::IPower/default...
08-31 23:25:55.947   837   837 W ServiceManagement: Waited one second for android.hardware.power@1.0::IPower/default
08-31 23:25:55.948   837   837 I ServiceManagement: getService: Trying again for android.hardware.power@1.0::IPower/default...
08-31 23:25:56.005  1365  1365 E libldsgpu: clCreateProgramWithSource             
08-31 23:25:56.288  1365  1365 E libldsgpu: clCreateProgramWithSource             
08-31 23:25:56.425   535   754 W ServiceManagement: Waited one second for android.frameworks.sensorservice@1.0::ISensorManager/default
08-31 23:25:56.426   535   754 I ServiceManagement: getService: Trying again for android.frameworks.sensorservice@1.0::ISensorManager/default...
08-31 23:25:56.571  1365  1365 E libldsgpu: clCreateProgramWithSource             
08-31 23:25:56.812   837   872 W ServiceManagement: Waited one second for android.hardware.power@1.0::IPower/default
08-31 23:25:56.813   837   872 I ServiceManagement: getService: Trying again for android.hardware.power@1.0::IPower/default...
08-31 23:25:56.948   837   837 W ServiceManagement: Waited one second for android.hardware.power@1.0::IPower/default
08-31 23:25:56.949   837   837 I ServiceManagement: getService: Trying again for android.hardware.power@1.0::IPower/default...
08-31 23:25:57.034  1365  1365 E libldsgpu: clCreateProgramWithSource             
08-31 23:25:57.426   535   754 W ServiceManagement: Waited one second for android.frameworks.sensorservice@1.0::ISensorManager/default
08-31 23:25:57.426   535   754 I ServiceManagement: getService: Trying again for android.frameworks.sensorservice@1.0::ISensorManager/default...
08-31 23:25:57.488  1365  1365 E mm-camera: pproc_module_init:3104 num_sub_mods:9
08-31 23:25:57.489  1365  1365 E mm-camera: module_faceproc_init:2238] use_fd_arm 0
08-31 23:25:57.491  1365  1365 E mm-camera-img: faceproc_save_album:1087] Error No album 
08-31 23:25:57.491  1365  1365 E mm-camera-img: faceproc_comp_eng_destroy: Album save failed -1
08-31 23:25:57.491  1365  1365 E hdr     : module_hdr_lib_query_mod:221] Supported scenemode cnt 1
08-31 23:25:57.492  1365  1365 E mm-camera-img: frameproc_comp_load:846] Error opening frameproc library libmmcamera_chromaflash_lib.so error dlopen failed: cannot locate symbol "_Z22chromaFlash_icRvJzIm8lbbbbbbbfffjjffffffjfffffiffjjj" referenced by "/system/vendor/lib/libmmcamera_chromaflash_lib.so"...
08-31 23:25:57.492  1365  1365 E mm-camera: module_imgbase_init_imglib_chroma_flash:2549] Error rc -6
08-31 23:25:57.492  1365  1365 E mm-camera-img: module_imglib_create_topology:742] Can not init the module imglib_chroma_flash
08-31 23:25:57.496  1365  1365 E mm-camera-img: frameproc_comp_load:884] Warning linking img_algo_frame_ind
08-31 23:25:57.496  1365  1365 E mm-camera-img: frameproc_comp_load:891] Warning linking img_algo_meta_ind
08-31 23:25:57.505  1365  1365 I chatty  : uid=1006(camera) mm-qcamera-daem identical 1 line
08-31 23:25:57.505  1365  1365 E mm-camera-img: frameproc_comp_load:891] Warning linking img_algo_meta_ind
08-31 23:25:57.510  1365  1365 E mm-camera-img: frameproc_comp_load:884] Warning linking img_algo_frame_ind
08-31 23:25:57.510  1365  1365 E mm-camera-img: frameproc_comp_load:891] Warning linking img_algo_meta_ind
08-31 23:25:57.511  1365  1365 E mm-camera-img: frameproc_comp_load:846] Error opening frameproc library libmmcamera_stillmore_lib.so error dlopen failed: cannot locate symbol "_ZN4qrcp20stillMore_uf6H4LqsSkEv" referenced by "/system/vendor/lib/libmmcamera_stillmore_lib.so"...
08-31 23:25:57.511  1365  1365 E mm-camera: module_imgbase_init_imglib_stillmore:2549] Error rc -6
08-31 23:25:57.511  1365  1365 E mm-camera-img: module_imglib_create_topology:742] Can not init the module imglib_stillmore
08-31 23:25:57.511  1365  1365 E mm-camera: module_drsd_init:1503] 
08-31 23:25:57.511  1365  1431 E mm-camera: ota_tuning_notify_thread: notify_add_watch error No such file or directory
08-31 23:25:57.511  1365  1365 E mm-camera: server_start: CAMERA_DAEMON:waiting for camera to open
08-31 23:25:57.520   412  1134 I QCameraHalWatchdog: Stopped Watchdog Thread (11583ms)[openCamera]
08-31 23:25:57.520   412  1134 I QCamera2HWI: [KPI Perf] openCamera: X PROFILE_OPEN_CAMERA camera id 0, rc: -2147483648
08-31 23:25:57.520   412  1134 E CamDev@1.0-impl: Could not open camera 0: -19
08-31 23:25:57.520   516   516 E CameraProviderManager: DeviceInfo1: Unable to open camera device 0 to check for a flash unit: INTERNAL_ERROR
08-31 23:25:57.520   516   516 I CameraProviderManager: Enumerating new camera device: device@1.0/legacy/1
08-31 23:25:57.523   412  1134 I CamDev@1.0-impl: Opening camera 1
08-31 23:25:57.523   412  1134 I QCamera2Factory: cameraDeviceOpen: Open camera id 1 API version 256
08-31 23:25:57.526   412  1134 I QCamera2HWI: [KPI Perf] openCamera: E PROFILE_OPEN_CAMERA camera id 1
08-31 23:25:57.526   412  1134 I QCameraHalWatchdog: Starting Watchdog Thread...
08-31 23:25:57.527  1365  1365 D mm-camera: mct: mct_controller_new: Creating new mct_controller with session-id 2
08-31 23:25:57.527  1365  1436 I mm-camera: module_sensor_start_session:1122session 2
08-31 23:25:57.527  1365  1439 E mm-camera-isp2: isp_module_start_session:173 session id 2
08-31 23:25:57.527  1365  1438 I mm-camera-sensor: sensor_process_thread_message:52Processing Pipe message 2
08-31 23:25:57.527  1365  1438 E mm-camera-sensor: csid_open:188sd name /dev/v4l-subdev3
08-31 23:25:57.529  1365  1442 D mm-camera: cpp_module_start_session:439, info: starting session 2
08-31 23:25:57.530  1365  1443 E mm-camera-img: module_imglib_start_session:1785 ###Img_Loglevel 1
08-31 23:25:57.531  1365  1444 E mm-camera: module_drsd_start_session:1180] E
08-31 23:25:57.531  1365  1443 E mm-camera: module_faceproc_start_session:1767] session cnt 1
08-31 23:25:57.533  1365  1439 E mm-camera-isp2: isp_module_start_session:371 num_session_opened 1
08-31 23:25:57.537  1365  1438 E mm-camera-sensor: sensor_process_thread_message:105sensor_process_thread_message: task took 10 ms
08-31 23:25:57.539  1365  1442 D mm-camera: cpp_module_start_session:530, info: cpp_thread created.
08-31 23:25:57.539  1365  1450 D mm-camera: cpp_thread_func:65: cpp_thread entering the polling loop...
08-31 23:25:57.539  1365  1442 D mm-camera: cpp_module_start_session:534, info: session 2 started.
08-31 23:25:57.539  1365  1442 D mm-camera: c2d_module_start_session:284, info: starting session 2
08-31 23:25:57.539  1365  1442 D mm-camera: c2d_module_start_session:340, info: c2d_thread created.
08-31 23:25:57.539  1365  1451 D mm-camera: c2d_thread_func:42: c2d_thread entering the polling loop...
08-31 23:25:57.541  1365  1442 D mm-camera: c2d_module_start_session:369, info: session 2 started.
08-31 23:25:57.541  1365  1442 E mm-camera-pp: [INFO] base_module_start_session:91, E, session=2
08-31 23:25:57.541  1365  1442 E mm-camera-eztune: [INFO] eztune_module_start_session:40, E, session=2
08-31 23:25:57.591  1365  1438 I mm-camera-sensor: sensor_process_thread_message:52Processing Pipe message 2
08-31 23:25:57.591  1365  1438 I mm-camera: sensor_set_position:2097Position ID: 1
08-31 23:25:57.591  1365  1438 I mm-camera: sensor_set_mode:2129Sensor Mode ID: 1
08-31 23:25:57.591  1365  1436 I mm-camera: module_sensor_init_session:1008Success
08-31 23:25:57.591  1365  1436 E mm-camera: module_sensor_start_session:1174SUCCESS
08-31 23:25:57.591  1365  1438 I mm-camera-sensor: moto_led_calibration_init:436 Enter: cam_id:1 status:0
08-31 23:25:57.591  1365  1438 I mm-camera-sensor: moto_led_calibration_get_mod_serial_num: sn=3041344b
08-31 23:25:57.591  1365  1438 E mm-camera-sensor: moto_led_calibration_read_write_led_cal:141 open /pds/camera/ledcal/front failed (No such file or directory)
08-31 23:25:57.591  1365  1438 I mm-camera-sensor: module_sensor_offload_init_config:153flash subdev id = -1
08-31 23:25:57.591  1365  1438 I mm-camera: sensor_get_fast_aec_wait_frames:1712exit: wait_frame_count 0
08-31 23:25:57.591  1365  1438 I mm-camera-sensor: module_sensor_offload_init_config:199Success
08-31 23:25:57.591  1365  1438 E mm-camera-sensor: sensor_process_thread_message:105sensor_process_thread_message: task took 0 ms
08-31 23:25:57.591  1365  1365 E mm-camera: module_sensor_query_mod:5702led flash is not supported for this sensor.
08-31 23:25:57.591  1365  1365 I mm-camera: sensor_get_cur_chromatix_name:2692hal version 0 capture intent 0 cur_stream_mask 1
08-31 23:25:57.591  1365  1365 E mm-camera: sensor_get_cur_chromatix_name:2742Error: Load default preview chroamtix
08-31 23:25:57.591  1365  1365 I mm-camera: sensor_get_cur_chromatix_name:2748chromatix_lib_name[0] = libchromatix_ov5693_snapshot.so
08-31 23:25:57.591  1365  1365 I mm-camera: sensor_get_cur_chromatix_name:2748chromatix_lib_name[1] = libchromatix_ov5693_snapshot.so
08-31 23:25:57.591  1365  1365 I mm-camera: sensor_get_cur_chromatix_name:2749chromatix_lib_name[2] = NULL
08-31 23:25:57.591  1365  1365 I mm-camera: sensor_get_cur_chromatix_name:2748chromatix_lib_name[3] = libchromatix_ov5693_common.so
08-31 23:25:57.591  1365  1365 I mm-camera: sensor_get_cur_chromatix_name:2748chromatix_lib_name[4] = libchromatix_ov5693_cpp_snapshot.so
08-31 23:25:57.591  1365  1365 I mm-camera: sensor_get_cur_chromatix_name:2748chromatix_lib_name[5] = libchromatix_ov5693_cpp_snapshot.so
08-31 23:25:57.591  1365  1365 I mm-camera: sensor_get_cur_chromatix_name:2749chromatix_lib_name[6] = NULL
08-31 23:25:57.591  1365  1365 I mm-camera: sensor_get_cur_chromatix_name:2749chromatix_lib_name[7] = NULL
08-31 23:25:57.591  1365  1365 I mm-camera: sensor_get_cur_chromatix_name:2749chromatix_lib_name[8] = NULL
08-31 23:25:57.591  1365  1365 I mm-camera: sensor_get_cur_chromatix_name:2748chromatix_lib_name[9] = libchromatix_ov5693_cpp_video.so
08-31 23:25:57.591  1365  1365 I mm-camera: sensor_get_cur_chromatix_name:2748chromatix_lib_name[10] = libchromatix_ov5693_postproc.so
08-31 23:25:57.591  1365  1365 I mm-camera: sensor_get_cur_chromatix_name:2748chromatix_lib_name[11] = libchromatix_ov5693_default_preview_3a.so
08-31 23:25:57.592  1365  1365 E mm-camera-isp2: isp_resource_query_mod:145 num_isp_preallocate 0 num_session_opened 1 dual_vfe_enabled 0
08-31 23:25:57.592  1365  1365 E AEC_PORT: aec_port_query_capabilities:207  Get AEC version function not implemented
08-31 23:25:57.592  1365  1365 D mm-camera: feature_mask 0xc9e hw version 0x40030000 max_pixel_bandwidth 453333312
08-31 23:25:57.592  1365  1365 E mm-camera: module_faceproc_query_mod:1920] Caps ROI 32 scene_mode_cnt 1 HW analysis supported 0
08-31 23:25:57.592  1365  1365 E hdr     : module_hdr_lib_query_mod:221] Supported scenemode cnt 2
08-31 23:25:57.592  1365  1365 I mm-camera: module_module_set_session_data:6040max delay 2 report delay 1 retry skip 0
08-31 23:25:57.594  1365  1365 E AEC_PORT: aec_port_set_session_data:302  3A VERSION --> 5.0.0.r2
08-31 23:25:57.598  1365  1365 D         : mot_tof_open: open done fd=47
08-31 23:25:57.598  1365  1365 D         : mot_tof_init: init start fd=47
08-31 23:25:57.599  1365  1365 D         : mot_tof_init: init done fd=47
08-31 23:25:57.599  1365  1365 E mm-camera-CORE: af_alg_DCIAF_create:2067  Creation Successful
08-31 23:25:57.600  1365  1454 D mm-camera: mct: mct_pipeline_start_stream_internal: Adding session stream streamid= 0xf for session=2
08-31 23:25:57.600  1365  1454 D mm-camera: mct: mct_pipeline_start_stream_internal:Linking session stream for session 2
08-31 23:25:57.601  1365  1454 D mm-camera: mct: mct_stream_start_link: Start linking Session-stream 0x2000f
08-31 23:25:57.601  1365  1454 E mm-camera: module_iface_set_mod_func: set module type = 8, identity 2000f
08-31 23:25:57.601  1365  1454 E mm-camera-sensor: port_sensor_caps_reserve:86session id doesn't match
08-31 23:25:57.601  1365  1454 E mm-camera-sensor: port_sensor_caps_reserve:86session id doesn't match
08-31 23:25:57.601  1365  1454 I mm-camera-sensor: port_sensor_caps_reserve:151ide 2000f stream type 9 w*h 0*0
08-31 23:25:57.601  1365  1454 E mm-camera: iface_util_find_primary_cid:326 error cannot find primary sensor format cids 1
08-31 23:25:57.601  1365  1454 E mm-camera: iface_reserve_sink_port: security mode :0
08-31 23:25:57.601  1365  1454 I mm-camera-sensor: port_sensor_ext_link_func:275ide 2000f
08-31 23:25:57.601  1365  1454 E mm-camera-isp2: isp_port_check_caps_reserve:776 port 0xe25888c0 ide 2000f type 9 dim 0 0
08-31 23:25:57.602  1365  1454 E mm-camera: int_link = 0xe258c100
08-31 23:25:57.602  1365  1454 D mm-camera: pproc_port_add_modules_to_stream:434, LINK linking mods tmod and afs for identity 2000f
08-31 23:25:57.602  1365  1454 D mm-camera: pproc_port_add_modules_to_stream:434, LINK linking mods afs and mot_vstab for identity 2000f
08-31 23:25:57.602  1365  1454 D MotISP_VSTAB: created
08-31 23:25:57.603  1365  1454 I mm-camera: VSTAB sink port width is 0x0 for stream 9
08-31 23:25:57.603  1365  1454 D mm-camera: pproc_port_add_modules_to_stream:434, LINK linking mods mot_vstab and c2d for identity 2000f
08-31 23:25:57.603  1365  1454 D mm-camera: c2d_port_check_caps_reserve:78, identity=0x2000f
08-31 23:25:57.603  1365  1454 D mm-camera: c2d_port_check_caps_reserve:156, identity=0x2000f, reserved
08-31 23:25:57.603  1365  1454 D mm-camera: c2d_module_notify_add_stream:1464, info: success, identity=0x2000f
08-31 23:25:57.603  1365  1454 D mm-camera: pproc_port_add_modules_to_stream:434, LINK linking mods c2d and cpp for identity 2000f
08-31 23:25:57.603  1365  1454 D mm-camera: c2d_port_check_caps_reserve:78, identity=0x2000f
08-31 23:25:57.603  1365  1454 E mm-camera: Interleaved flag is 0, identity 131087 port type 0
08-31 23:25:57.603  1365  1454 D mm-camera: c2d_port_check_caps_reserve:156, identity=0x2000f, reserved
08-31 23:25:57.603  1365  1454 D mm-camera: cpp_port_check_caps_reserve:137, identity=0x2000f, reserved
08-31 23:25:57.603  1365  1454 D mm-camera: cpp_module_notify_add_stream:2142, info: success, identity=0x2000f
08-31 23:25:57.603  1365  1454 D mm-camera: pproc_port_add_modules_to_stream:434, LINK linking mods cpp and cac for identity 2000f
08-31 23:25:57.603  1365  1454 D mm-camera: cpp_port_check_caps_reserve:137, identity=0x2000f, reserved
08-31 23:25:57.603  1365  1454 D mm-camera: pproc_port_add_modules_to_stream:434, LINK linking mods cac and llvd for identity 2000f
08-31 23:25:57.603  1365  1454 E mm-camera: module_imgbase_port_ext_link_llvd:1986] add identity 2000f session 2 stream 15 port 0xe25b59c0 
08-31 23:25:57.604  1365  1454 D mm-camera: pproc_port_add_modules_to_stream:434, LINK linking mods llvd and sw_tnr for identity 2000f
08-31 23:25:57.605  1365  1454 E mm-camera: module_imgbase_port_ext_link_llvd:1986] add identity 2000f session 2 stream 15 port 0xe25b5b00 
08-31 23:25:57.605  1365  1454 E mm-camera: module_imgbase_port_ext_link_sw_tnr:1986] add identity 2000f session 2 stream 15 port 0xe25b6640 
08-31 23:25:57.605  1365  1454 D mm-camera: pproc_port_add_modules_to_stream:434, LINK linking mods sw_tnr and ezt for identity 2000f
08-31 23:25:57.605  1365  1454 E mm-camera: module_imgbase_port_ext_link_sw_tnr:1986] add identity 2000f session 2 stream 15 port 0xe25b6780 
08-31 23:25:57.605  1365  1454 E mm-camera: pproc_port_add_modules_to_stream:455] X rc: 1
08-31 23:25:57.610  1365  1454 I ServiceManagement: getService: Trying again for android.frameworks.sensorservice@1.0::ISensorManager/default...
08-31 23:25:57.813   837   872 W ServiceManagement: Waited one second for android.hardware.power@1.0::IPower/default
08-31 23:25:57.814   837   872 I ServiceManagement: getService: Trying again for android.hardware.power@1.0::IPower/default...
08-31 23:25:57.949   837   837 W ServiceManagement: Waited one second for android.hardware.power@1.0::IPower/default
08-31 23:25:57.950   837   837 I ServiceManagement: getService: Trying again for android.hardware.power@1.0::IPower/default...
08-31 23:25:58.427   535   754 W ServiceManagement: Waited one second for android.frameworks.sensorservice@1.0::ISensorManager/default
08-31 23:25:58.428   535   754 I ServiceManagement: getService: Trying again for android.frameworks.sensorservice@1.0::ISensorManager/default...
08-31 23:25:58.610  1365  1454 W ServiceManagement: Waited one second for android.frameworks.sensorservice@1.0::ISensorManager/default
08-31 23:25:58.611  1365  1454 I ServiceManagement: getService: Trying again for android.frameworks.sensorservice@1.0::ISensorManager/default...
08-31 23:25:58.814   837   872 W ServiceManagement: Waited one second for android.hardware.power@1.0::IPower/default
08-31 23:25:58.815   837   872 I ServiceManagement: getService: Trying again for android.hardware.power@1.0::IPower/default...
08-31 23:25:58.951   837   837 W ServiceManagement: Waited one second for android.hardware.power@1.0::IPower/default
08-31 23:25:58.951   837   837 I ServiceManagement: getService: Trying again for android.hardware.power@1.0::IPower/default...
08-31 23:25:59.429   535   754 W ServiceManagement: Waited one second for android.frameworks.sensorservice@1.0::ISensorManager/default
08-31 23:25:59.429   535   754 I ServiceManagement: getService: Trying again for android.frameworks.sensorservice@1.0::ISensorManager/default...
08-31 23:25:59.611  1365  1454 W ServiceManagement: Waited one second for android.frameworks.sensorservice@1.0::ISensorManager/default
08-31 23:25:59.612  1365  1454 I ServiceManagement: getService: Trying again for android.frameworks.sensorservice@1.0::ISensorManager/default...
08-31 23:25:59.815   837   872 W ServiceManagement: Waited one second for android.hardware.power@1.0::IPower/default
08-31 23:25:59.816   837   872 I ServiceManagement: getService: Trying again for android.hardware.power@1.0::IPower/default...
08-31 23:25:59.951   837   837 W ServiceManagement: Waited one second for android.hardware.power@1.0::IPower/default
08-31 23:25:59.952   837   837 I ServiceManagement: getService: Trying again for android.hardware.power@1.0::IPower/default...
08-31 23:26:00.430   535   754 W ServiceManagement: Waited one second for android.frameworks.sensorservice@1.0::ISensorManager/default
08-31 23:26:00.430   535   754 I ServiceManagement: getService: Trying again for android.frameworks.sensorservice@1.0::ISensorManager/default...
08-31 23:26:00.612  1365  1454 W ServiceManagement: Waited one second for android.frameworks.sensorservice@1.0::ISensorManager/default
08-31 23:26:00.613  1365  1454 I ServiceManagement: getService: Trying again for android.frameworks.sensorservice@1.0::ISensorManager/default...
08-31 23:26:00.816   837   872 W ServiceManagement: Waited one second for android.hardware.power@1.0::IPower/default
08-31 23:26:00.817   837   872 I ServiceManagement: getService: Trying again for android.hardware.power@1.0::IPower/default...
08-31 23:26:00.952   837   837 W ServiceManagement: Waited one second for android.hardware.power@1.0::IPower/default
08-31 23:26:00.953   837   837 I ServiceManagement: getService: Trying again for android.hardware.power@1.0::IPower/default...
08-31 23:26:01.430   535   754 W ServiceManagement: Waited one second for android.frameworks.sensorservice@1.0::ISensorManager/default
08-31 23:26:01.432   535   754 I ServiceManagement: getService: Trying again for android.frameworks.sensorservice@1.0::ISensorManager/default...
08-31 23:26:01.613  1365  1454 W ServiceManagement: Waited one second for android.frameworks.sensorservice@1.0::ISensorManager/default
08-31 23:26:01.614  1365  1454 I ServiceManagement: getService: Trying again for android.frameworks.sensorservice@1.0::ISensorManager/default...
08-31 23:26:01.817   837   872 W ServiceManagement: Waited one second for android.hardware.power@1.0::IPower/default
08-31 23:26:01.818   837   872 I ServiceManagement: getService: Trying again for android.hardware.power@1.0::IPower/default...
08-31 23:26:01.954   837   837 W ServiceManagement: Waited one second for android.hardware.power@1.0::IPower/default
08-31 23:26:01.955   837   837 I ServiceManagement: getService: Trying again for android.hardware.power@1.0::IPower/default...
08-31 23:26:02.432   535   754 W ServiceManagement: Waited one second for android.frameworks.sensorservice@1.0::ISensorManager/default
08-31 23:26:02.433   535   754 I ServiceManagement: getService: Trying again for android.frameworks.sensorservice@1.0::ISensorManager/default...
08-31 23:26:02.605  1365  1456 E mm-camera: mct_util_timer_handler:Error Backend stuck during HAL Command Raising SIGABRT 
08-31 23:26:02.605  1365  1455 E mm-camera: mct: mct_pipeline_process_serv_msg: Session stream linking timedout sending error msg
08-31 23:26:02.605  1365  1457 E mm-camera: mct: mct_controller_proc_bus_msg_internal: MCT_BUS_MSG_SEND_HW_ERROR
08-31 23:26:02.605  1365  1365 E mm-camera: main: camera daemon notify error
08-31 23:26:02.605  1365  1456 F libc    : Fatal signal 6 (SIGABRT), code -6 (SI_TKILL) in tid 1456 (POSIX timer 1), pid 1365 (mm-qcamera-daem)
08-31 23:26:02.605   412  1134 E mm-camera-intf: mm_camera_query_capability: cannot get camera capabilities, rc = -1
08-31 23:26:02.605   412  1134 E QCamera2HWI: initCapabilities: failed to query capability
08-31 23:26:02.605   412  1459 E mm-camera-intf: mm_camera_event_notify: Camera Event DAEMON DIED received
08-31 23:26:02.606   412  1134 E QCamera2HWI: initCapabilities failed.
08-31 23:26:02.606  1365  1365 D mm-camera: mct: mct_controller_destroy: Initiating destroy sequence
08-31 23:26:02.611  1365  1365 D mm-camera: mct: mct_controller_destroy: serv_thread closed
08-31 23:26:02.611  1365  1457 D mm-camera: mct: mct_bus_handler_thread_run: Force Exit
08-31 23:26:02.612  1365  1365 D mm-camera: mct: mct_controller_destroy: bus_handler thread closed
08-31 23:26:02.612  1365  1365 D mm-camera: mct: mct_pipeline_stop_session - E
08-31 23:26:02.614  1365  1454 W ServiceManagement: Waited one second for android.frameworks.sensorservice@1.0::ISensorManager/default
08-31 23:26:02.615  1365  1454 I ServiceManagement: getService: Trying again for android.frameworks.sensorservice@1.0::ISensorManager/default...
08-31 23:26:02.651  1486  1486 I crash_dump32: obtaining output fd from tombstoned, type: kDebuggerdTombstone
08-31 23:26:02.652   600   600 I /system/bin/tombstoned: received crash request for pid 1456
08-31 23:26:02.652  1486  1486 I crash_dump32: performing dump of process 1365 (target tid = 1456)
08-31 23:26:02.668  1486  1486 F DEBUG   : *** *** *** *** *** *** *** *** *** *** *** *** *** *** *** ***
08-31 23:26:02.668  1486  1486 F DEBUG   : LineageOS Version: '17.1-20220630-UNOFFICIAL-athene'
08-31 23:26:02.668  1486  1486 F DEBUG   : Build fingerprint: 'google/taimen/taimen:8.1.0/OPM1.171019.021/4565141:user/release-keys'
08-31 23:26:02.669  1486  1486 F DEBUG   : Revision: '0'
08-31 23:26:02.669  1486  1486 F DEBUG   : ABI: 'arm'
08-31 23:26:02.669  1486  1486 F DEBUG   : Timestamp: 1970-08-31 23:26:02+0000
08-31 23:26:02.669  1486  1486 F DEBUG   : pid: 1365, tid: 1456, name: POSIX timer 1  >>> /vendor/bin/mm-qcamera-daemon <<<
08-31 23:26:02.669  1486  1486 F DEBUG   : uid: 1006
08-31 23:26:02.669  1486  1486 F DEBUG   : signal 6 (SIGABRT), code -6 (SI_TKILL), fault addr --------
08-31 23:26:02.669  1486  1486 F DEBUG   :     r0  00000000  r1  000005b0  r2  00000006  r3  dabc31b8
08-31 23:26:02.669  1486  1486 F DEBUG   :     r4  dabc31b8  r5  dabc31a8  r6  dabc3158  r7  0000010c
08-31 23:26:02.669  1486  1486 F DEBUG   :     r8  dabc3188  r9  dabc3178  r10 dabc3168  r11 00000070
08-31 23:26:02.670  1486  1486 F DEBUG   :     ip  dabc3198  sp  dabc3138  lr  e62599c7  pc  e335c320
08-31 23:26:02.673  1486  1486 F DEBUG   : 
08-31 23:26:02.673  1486  1486 F DEBUG   : backtrace:
08-31 23:26:02.673  1486  1486 F DEBUG   :       #00 pc 00098320  /apex/com.android.runtime/lib/bionic/libc.so (tgkill+12) (BuildId: 2f913c25dc2cb38e6710ab59b8e5fb5c)
08-31 23:26:02.673  1486  1486 F DEBUG   :       #01 pc 0000f9c3  /system/vendor/lib/libmmcamera2_mct.so (mct_util_timer_handler+18) (BuildId: a058ec54c9c1773f4507e55f37564d88)
08-31 23:26:02.673  1486  1486 F DEBUG   :       #02 pc 000666bf  /apex/com.android.runtime/lib/bionic/libc.so (__timer_thread_start(void*)+98) (BuildId: 2f913c25dc2cb38e6710ab59b8e5fb5c)
08-31 23:26:02.673  1486  1486 F DEBUG   :       #03 pc 000a6b73  /apex/com.android.runtime/lib/bionic/libc.so (__pthread_start(void*)+20) (BuildId: 2f913c25dc2cb38e6710ab59b8e5fb5c)
08-31 23:26:02.673  1486  1486 F DEBUG   :       #04 pc 00060713  /apex/com.android.runtime/lib/bionic/libc.so (__start_thread+30) (BuildId: 2f913c25dc2cb38e6710ab59b8e5fb5c)
08-31 23:26:02.818   837   872 W ServiceManagement: Waited one second for android.hardware.power@1.0::IPower/default
08-31 23:26:02.819   837   872 I ServiceManagement: getService: Trying again for android.hardware.power@1.0::IPower/default...
08-31 23:26:02.955   837   837 W ServiceManagement: Waited one second for android.hardware.power@1.0::IPower/default
08-31 23:26:02.956   837   837 I ServiceManagement: getService: Trying again for android.hardware.power@1.0::IPower/default...
08-31 23:26:02.956  1486  1486 E crash_dump32: unable to connect to activity manager: No such file or directory
08-31 23:26:02.956   600   600 E /system/bin/tombstoned: Tombstone written to: /data/tombstones/tombstone_01
08-31 23:26:03.433   535   754 W ServiceManagement: Waited one second for android.frameworks.sensorservice@1.0::ISensorManager/default
08-31 23:26:03.434   535   754 I ServiceManagement: getService: Trying again for android.frameworks.sensorservice@1.0::ISensorManager/default...
08-31 23:26:03.505  1496  1496 I mm-camera: module_sensor_init:6678Enter
08-31 23:26:03.505  1496  1496 I mm-camera: module_sensor_init:6680Sensor driver Version: 2.7.0
08-31 23:26:03.505  1496  1496 I mm-camera: module_sensor_init:6681Sensor SDK capabilities: Bayer,YUV and mono sensor,        short and long exposure-gain control,         in-sensor VHDR with AE stats, PDAF with Phase difference         or PD Pixel stats, HAL3, support common apis for gain calculation,         filling integration time, fll and gain, and PDAF HW stats parsing
08-31 23:26:03.505  1496  1496 I mm-camera: module_sensor_init:6683Actuator driver Version: 1.0.0
08-31 23:26:03.505  1496  1496 I mm-camera: module_sensor_init:6684Actuator SDK capabilities: VCM, PIEZO, HVCM, BIVCM
08-31 23:26:03.505  1496  1496 I mm-camera: module_sensor_init:6686EEPROM driver Version: 2.1.0
08-31 23:26:03.505  1496  1496 I mm-camera: module_sensor_init:6687EEPROM SDK capabilities: US_DRIVER_POWERUP
08-31 23:26:03.505  1496  1496 I mm-camera: module_sensor_init:6689Flash driver Version: 1.0.0
08-31 23:26:03.505  1496  1496 I mm-camera: module_sensor_init:6690Flash SDK capabilities: PMIC, I2C, GPIO
08-31 23:26:03.505  1496  1496 I mm-camera: module_sensor_init:6692PDAF driver Version: 2.0.0
08-31 23:26:03.505  1496  1496 I mm-camera: module_sensor_init:6693PDAF SDK capabilities: Type 2 and Type 3,        CANONICAL, FLIP, MIRROR and crop sensor readout        1D, 2D pdaf calibration
08-31 23:26:03.506  1496  1496 E mm-camera-sensor: eebin_read:390failed!
08-31 23:26:03.506  1496  1496 E mm-camera-sensor: eebin_read:390failed!
08-31 23:26:03.506  1496  1496 E mm-camera-sensor: sensor_init_probe:563failed: to oribe eeprom bin sensors
08-31 23:26:03.506  1496  1496 E mm-camera-sensor: add_external_sensor:152NO external sensor lib: no external path
08-31 23:26:03.506  1496  1496 I mm-camera: sensor_load_library:187lib_name /system/vendor/lib/libmmcamera_ov16860.so
08-31 23:26:03.508  1496  1496 I mm-camera: sensor_load_custom_library:115sensor custom lib libmmcamera_ov16860_pdaf.so loading successful
08-31 23:26:03.508  1496  1496 E mm-camera: sensor_load_custom_library:141pdaf custom lib version API unavailable
08-31 23:26:03.508  1496  1496 E mm-camera-sensor: sensor_probe:384[ov16860] probe succeeded: session_id(1) entity_name(v4l-subdev16)
08-31 23:26:03.508  1496  1496 I mm-camera: sensor_load_library:187lib_name /system/vendor/lib/libmmcamera_imx214.so
08-31 23:26:03.508  1496  1496 E mm-camera-sensor: sensor_probe:378[imx214]probe failed.
08-31 23:26:03.509  1496  1496 I mm-camera: sensor_load_library:187lib_name /system/vendor/lib/libmmcamera_ov5693.so
08-31 23:26:03.509  1496  1496 E mm-camera-sensor: sensor_probe:384[ov5693] probe succeeded: session_id(2) entity_name(v4l-subdev17)
08-31 23:26:03.509  1496  1496 E mm-camera-sensor: sensor_util_match_sensor_lib_name:1977s_bundle sensor_lib_name ov16860 sensor_name ov5693
08-31 23:26:03.509  1496  1496 E mm-camera-sensor: sensor_util_match_sensor_lib_name:1977s_bundle sensor_lib_name ov16860 sensor_name ov16860
08-31 23:26:03.509  1496  1496 E mm-camera-sensor: sensor_util_match_sensor_lib_name:1980match
08-31 23:26:03.509  1496  1496 E mm-camera-sensor: sensor_util_match_sensor_lib_name:1977s_bundle sensor_lib_name ov16860 sensor_name ov5693
08-31 23:26:03.509  1496  1496 E mm-camera-sensor: sensor_util_match_sensor_lib_name:1977s_bundle sensor_lib_name ov5693 sensor_name ov5693
08-31 23:26:03.509  1496  1496 E mm-camera-sensor: sensor_util_match_sensor_lib_name:1980match
08-31 23:26:03.510  1496  1496 E mm-camera: module_sensor_find_other_subdev:6572subdev_name /dev/v4l-subdev0 subdev id 0
08-31 23:26:03.510  1496  1496 I mm-camera: module_sensor_fill_sub_module_info:6275intf_type : 0 intf_mask : 0, sub_module : 8
08-31 23:26:03.510  1496  1496 E mm-camera: module_sensor_find_other_subdev:6572subdev_name /dev/v4l-subdev1 subdev id 1
08-31 23:26:03.510  1496  1496 I mm-camera: module_sensor_fill_sub_module_info:6275intf_type : 0 intf_mask : 0, sub_module : 8
08-31 23:26:03.510  1496  1496 E mm-camera: module_sensor_find_other_subdev:6572subdev_name /dev/v4l-subdev2 subdev id 0
08-31 23:26:03.510  1496  1496 I mm-camera: module_sensor_fill_sub_module_info:6275intf_type : 0 intf_mask : 0, sub_module : 6
08-31 23:26:03.510  1496  1496 E mm-camera: module_sensor_find_other_subdev:6572subdev_name /dev/v4l-subdev3 subdev id 1
08-31 23:26:03.510  1496  1496 I mm-camera: module_sensor_fill_sub_module_info:6275intf_type : 0 intf_mask : 0, sub_module : 6
08-31 23:26:03.510  1496  1496 E mm-camera: module_sensor_find_other_subdev:6572subdev_name /dev/v4l-subdev4 subdev id 2
