08-31 23:25:38.479   536   536 W /apex/com.android.media.swcodec/bin/mediaswcodec: libminijail[536]: allowing syscall: fcntl
08-31 23:25:38.479   536   536 W /apex/com.android.media.swcodec/bin/mediaswcodec: libminijail[536]: allowing syscall: sendto
08-31 23:25:38.479   536   536 W /apex/com.android.media.swcodec/bin/mediaswcodec: libminijail[536]: allowing syscall: socket
08-31 23:25:38.479   536   536 W /apex/com.android.media.swcodec/bin/mediaswcodec: libminijail[536]: allowing syscall: writev
08-31 23:25:38.480   536   536 W /apex/com.android.media.swcodec/bin/mediaswcodec: libminijail[536]: logging seccomp filter failures
08-31 23:25:38.498   478   494 I ServiceManager: Waiting for service 'display.qservice' on '/dev/binder'...
08-31 23:25:38.508   429   429 D LocSvc_LBSProxy: checkIfLocationExtendedClientExists] File does not Exist
08-31 23:25:38.511   429   429 I ServiceManagement: Registered vendor.qti.gnss@1.0::ILocHidlGnss/gnss_vendor (start delay of 782ms)
08-31 23:25:38.511   429   429 I ServiceManagement: Removing namespace from process name vendor.qti.gnss@1.0-service to gnss@1.0-service.
08-31 23:25:38.512   429   429 I LocSvc_HIDL_vendor.qti.gnss@1.0-service: Registration complete for vendor.qti.gnss@1.0::ILocHidlGnss/gnss_vendor.
08-31 23:25:38.516   492   492 I chatty  : uid=2903(oem_2903) /vendor/bin/tftp_server expire 30 lines
08-31 23:25:38.537   496   496 E QMI_FW  : QMUXD: WARNING qmi_qmux_if_pwr_up_init failed! rc=-6
08-31 23:25:38.546   389   389 W zygote64: JNI RegisterNativeMethods: attempt to register 0 native methods for android.media.AudioAttributes
08-31 23:25:38.552   390   390 W zygote  : JNI RegisterNativeMethods: attempt to register 0 native methods for android.media.AudioAttributes
08-31 23:25:38.557   478   494 I ServiceManager: Waiting for service 'display.qservice' on '/dev/binder'...
08-31 23:25:38.558   389   389 D Zygote  : begin preload
08-31 23:25:38.558   389   389 I Zygote  : Calling ZygoteHooks.beginPreload()
08-31 23:25:38.568   390   390 I zygote  : Explicit concurrent copying GC freed 303(39KB) AllocSpace objects, 0(0B) LOS objects, 98% free, 24KB/1560KB, paused 109us total 8.392ms
08-31 23:25:38.576   390   390 I zygote  : Explicit concurrent copying GC freed 5(32KB) AllocSpace objects, 0(0B) LOS objects, 98% free, 24KB/1560KB, paused 43us total 7.818ms
08-31 23:25:38.577   390   390 I AndroidRuntime: Using default boot image
08-31 23:25:38.577   390   390 I AndroidRuntime: Leaving lock profiling enabled
08-31 23:25:38.586   512   512 I ThermalEngine: Thermal daemon started
08-31 23:25:38.586   512   512 I ThermalEngine: Using config file '/vendor/etc/thermal-engine-athene.conf'
08-31 23:25:38.587   512   512 I ThermalEngine: devices_manager_init: Init
08-31 23:25:38.587   512   512 I ThermalEngine: Number of gpus :1
08-31 23:25:38.587   512   512 I Thermal-IOCTL: KTM IOCTL interface "/dev/msm_thermal_query" opened
08-31 23:25:38.587   512   512 E ThermalEngine: update_cpu_topology: Cluster Info[0]. Cluster Id: 1 cpu_bits:0xf sync:1
08-31 23:25:38.587   512   512 E ThermalEngine: update_cpu_topology: Cluster Info[1]. Cluster Id: 0 cpu_bits:0xf0 sync:1
08-31 23:25:38.588   512   512 I ThermalEngine: vdd_rstr_init: Init KTM VDD RSTR enabled: 0
08-31 23:25:38.594   388   388 I netd    : Creating child chains: 110.8ms
08-31 23:25:38.594   388   388 I netd    : Setting up OEM hooks: 0.3ms
08-31 23:25:38.596   390   390 I Zygote  : Accepting command socket connections
08-31 23:25:38.598   478   494 I ServiceManager: Waiting for service 'display.qservice' on '/dev/binder'...
08-31 23:25:38.599   512   540 E QMI_FW  : QMUXD: WARNING qmi_qmux_if_pwr_up_init failed! rc=-6
08-31 23:25:38.600   390   390 I zygote  : option[0]=-Xzygote
08-31 23:25:38.600   390   390 I zygote  : option[1]=-Xcheck:jni
08-31 23:25:38.600   390   390 I zygote  : option[2]=exit
08-31 23:25:38.600   390   390 I zygote  : option[3]=vfprintf
08-31 23:25:38.600   390   390 I zygote  : option[4]=sensitiveThread
08-31 23:25:38.600   390   390 I zygote  : option[5]=-verbose:gc
08-31 23:25:38.600   390   390 I zygote  : option[6]=-Xms8m
08-31 23:25:38.600   390   390 I zygote  : option[7]=-Xmx768m
08-31 23:25:38.600   390   390 I zygote  : option[8]=-XX:HeapGrowthLimit=288m
08-31 23:25:38.600   390   390 I zygote  : option[9]=-XX:HeapMinFree=512k
08-31 23:25:38.600   390   390 I zygote  : option[10]=-XX:HeapMaxFree=8m
08-31 23:25:38.600   390   390 I zygote  : option[11]=-XX:HeapTargetUtilization=0.75
08-31 23:25:38.600   390   390 I zygote  : option[12]=-Xusejit:true
08-31 23:25:38.600   390   390 I zygote  : option[13]=-Xjitsaveprofilinginfo
08-31 23:25:38.600   390   390 I zygote  : option[14]=-XjdwpOptions:suspend=n,server=y
08-31 23:25:38.600   390   390 I zygote  : option[15]=-XjdwpProvider:default
08-31 23:25:38.600   390   390 I zygote  : option[16]=-Xlockprofthreshold:500
08-31 23:25:38.600   390   390 I zygote  : option[17]=-Ximage-compiler-option
08-31 23:25:38.600   390   390 I zygote  : option[18]=--runtime-arg
08-31 23:25:38.600   390   390 I zygote  : option[19]=-Ximage-compiler-option
08-31 23:25:38.600   390   390 I zygote  : option[20]=-Xms64m
08-31 23:25:38.600   390   390 I zygote  : option[21]=-Ximage-compiler-option
08-31 23:25:38.600   390   390 I zygote  : option[22]=--runtime-arg
08-31 23:25:38.600   390   390 I zygote  : option[23]=-Ximage-compiler-option
08-31 23:25:38.600   390   390 I zygote  : option[24]=-Xmx64m
08-31 23:25:38.600   390   390 I zygote  : option[25]=-Ximage-compiler-option
08-31 23:25:38.600   390   390 I zygote  : option[26]=--compiler-filter=verify-at-runtime
08-31 23:25:38.600   390   390 I zygote  : option[27]=-Ximage-compiler-option
08-31 23:25:38.600   390   390 I zygote  : option[28]=--profile-file=/system/etc/boot-image.prof
08-31 23:25:38.600   390   390 I zygote  : option[29]=-Ximage-compiler-option
08-31 23:25:38.600   390   390 I zygote  : option[30]=--compiler-filter=speed-profile
08-31 23:25:38.600   390   390 I zygote  : option[31]=-Xcompiler-option
08-31 23:25:38.600   390   390 I zygote  : option[32]=--runtime-arg
08-31 23:25:38.600   390   390 I zygote  : option[33]=-Xcompiler-option
08-31 23:25:38.600   390   390 I zygote  : option[34]=-Xms64m
08-31 23:25:38.600   390   390 I zygote  : option[35]=-Xcompiler-option
08-31 23:25:38.600   390   390 I zygote  : option[36]=--runtime-arg
08-31 23:25:38.600   390   390 I zygote  : option[37]=-Xcompiler-option
08-31 23:25:38.600   390   390 I zygote  : option[38]=-Xmx512m
08-31 23:25:38.600   390   390 I zygote  : option[39]=-Xcompiler-option
08-31 23:25:38.600   390   390 I zygote  : option[40]=-j2
08-31 23:25:38.600   390   390 I zygote  : option[41]=-Ximage-compiler-option
08-31 23:25:38.600   390   390 I zygote  : option[42]=-j4
08-31 23:25:38.600   390   390 I zygote  : option[43]=-Ximage-compiler-option
08-31 23:25:38.600   390   390 I zygote  : option[44]=--instruction-set-variant=cortex-a53
08-31 23:25:38.600   390   390 I zygote  : option[45]=-Xcompiler-option
08-31 23:25:38.600   390   390 I zygote  : option[46]=--instruction-set-variant=cortex-a53
08-31 23:25:38.600   390   390 I zygote  : option[47]=-Ximage-compiler-option
08-31 23:25:38.600   390   390 I zygote  : option[48]=--instruction-set-features=default
08-31 23:25:38.600   390   390 I zygote  : option[49]=-Xcompiler-option
08-31 23:25:38.600   390   390 I zygote  : option[50]=--instruction-set-features=default
08-31 23:25:38.600   390   390 I zygote  : option[51]=-Duser.locale=en-US
08-31 23:25:38.600   390   390 I zygote  : option[52]=--cpu-abilist=armeabi-v7a,armeabi
08-31 23:25:38.600   390   390 I zygote  : option[53]=-Xcompiler-option
08-31 23:25:38.600   390   390 I zygote  : option[54]=--generate-mini-debug-info
08-31 23:25:38.600   390   390 I zygote  : option[55]=-Xcore-platform-api-policy:just-warn
08-31 23:25:38.601   390   390 I zygote  : option[56]=-Xfingerprint:google/taimen/taimen:8.1.0/OPM1.171019.021/4565141:user/release-keys
08-31 23:25:38.605   512   512 I ThermalEngine: cpr_band_init: Could not read /sys/module/msm_thermal/cpr_band/curr_cpr_band
08-31 23:25:38.605   512   512 I ThermalEngine: sensors_manager_init: Init
08-31 23:25:38.607   389   389 I Zygote  : Preloading classes...
08-31 23:25:38.607   390   390 I zygote  : Core platform API reporting enabled, enforcing=false
08-31 23:25:38.611   389   389 W Zygote  : Class not found for preloading: android.app.-$$Lambda$ActivityThread$ZXDWm3IBeFmLnFVblhB-IOZCr9o
08-31 23:25:38.629   491   491 I imsrcsd : Starting Service for First Time imsbaseimpl
08-31 23:25:38.629   491   491 I ServiceManagement: Registered com.qualcomm.qti.uceservice@2.0::IUceService/com.qualcomm.qti.uceservice (start delay of 341ms)
08-31 23:25:38.631   512   543 I ThermalEngine: qmi: Instance id 157 for fusion TS
08-31 23:25:38.632   491   491 I imsrcsd : ImsRcsBaseImpl CM_IMSCONNECTIONMANAGER_CREATE_CONNECTION Before Registering Service
08-31 23:25:38.632   491   491 I ServiceManagement: Registered com.qualcomm.qti.imscmservice@2.1::IImsCmService/qti.ims.connectionmanagerservice (start delay of 343ms)
08-31 23:25:38.634   491   491 I imsrcsd : ImsRcsBaseImpl CM_IMSCONNECTIONMANAGER_CREATE_CONNECTION After Registering Service
08-31 23:25:38.634   491   491 E         : [IMS_COM] |ImsCom.cpp | 53 | | 491 |Com Fd: 7
08-31 23:25:38.634   491   491 E         : [IMS_COM] |ImsCom.cpp | 158 | | 491 |ImsCom::addComEventHandler(int 7, ComEventCallback 0x7f3ae90294, void* 0x0, ComCloseCallback 0x0, events 17) EX
08-31 23:25:38.634   491   491 E         : [IMS_COM] |ImsCom.cpp | 170 | | 491 |ImsCom::addComEventHandler epoll_ctl returns: 0
08-31 23:25:38.634   491   491 E         : [IMS_COM] |ImsCom.cpp | 56 | | 491 |ImsCom is ready. epollFd:6
08-31 23:25:38.634   491   491 E         : [IMS_COM] |ImsQmiSvc.cpp | 42 | | 491 |ImsQmiSvc: Xtor 
08-31 23:25:38.634   491   491 E         : [IMS_COM] |ImsQmiSvc.cpp | 44 | | 491 |ImsQmiSvc: qmiimssvcfd : 8 
08-31 23:25:38.634   491   491 E         : [IMS_COM] |ImsCom.cpp | 158 | | 491 |ImsCom::addComEventHandler(int 8, ComEventCallback 0x7f3ae94e7c, void* 0x7f3b637000, ComCloseCallback 0x0, events 1) EX
08-31 23:25:38.634   491   491 E         : [IMS_COM] |ImsCom.cpp | 170 | | 491 |ImsCom::addComEventHandler epoll_ctl returns: 0
08-31 23:25:38.635   491   491 E QMI_FW  : QMUXD: WARNING qmi_qmux_if_pwr_up_init failed! rc=-6
08-31 23:25:38.635   491   491 E         : [IMS_COM] |ImsQmiSvc.cpp | 115 | | 491 |ImsQmiSvc: registerForQmiSvcUp 
08-31 23:25:38.635   491   491 E         : [IMS_COM] |ImsQmiPrivate.cpp | 119 | | 491 |ImsQmiPrivate Xtor
08-31 23:25:38.635   491   491 E         : [IMS_COM] |ImsCom.cpp | 158 | | 491 |ImsCom::addComEventHandler(int 13, ComEventCallback 0x7f3ae932d0, void* 0x7f3b637000, ComCloseCallback 0x0, events 1) EX
08-31 23:25:38.635   491   491 E         : [IMS_COM] |ImsCom.cpp | 170 | | 491 |ImsCom::addComEventHandler epoll_ctl returns: 0
08-31 23:25:38.635   491   491 E         : [IMS_COM] |ImsQmiPrivate.cpp | 226 | | 491 |QMI IMS Private listener added 0x7f3b609300
08-31 23:25:38.635   491   491 I         : ImsCallInfoService - <API SVC> registerServiceImpl: Registering for vendor.qti.ims.callinfo 
08-31 23:25:38.635   491   491 I ServiceManagement: Registered vendor.qti.ims.callinfo@1.0::IService/default (start delay of 346ms)
08-31 23:25:38.636   512   512 E ThermalEngine: bcl_setup: Error opening /sys/devices/soc.0/qcom,bcl.57/iavail
08-31 23:25:38.636   512   512 E ThermalEngine: add_tgt_sensor: bcl sensor setup failed failed.
08-31 23:25:38.636   512   512 E ThermalEngine: add_tgt_sensors_set: Error adding bcl
08-31 23:25:38.636   512   512 E ThermalEngine: sensors_init: Error adding BCL TS
08-31 23:25:38.636   512   512 I ThermalEngine: Loading config file for virtual sensor
08-31 23:25:38.636   512   512 I ThermalEngine: Loading configuration file /vendor/etc/thermal-engine-athene.conf
08-31 23:25:38.639   512   512 I ThermalEngine: Parsing section global
08-31 23:25:38.639   512   512 I ThermalEngine: Found field 'debug'
08-31 23:25:38.639   512   512 I ThermalEngine: Debug output enabled from config
08-31 23:25:38.639   491   491 I imsrcsd : ImsRcsBaseImpl ImsCallInfo After Registering Service
08-31 23:25:38.640   512   573 D ThermalEngine: tsens_uevent: tsens_tz_sensor2
08-31 23:25:38.640   512   571 D ThermalEngine: tsens_uevent: tsens_tz_sensor1
08-31 23:25:38.643   512   577 D ThermalEngine: sensor_monitor: tsens_tz_sensor3 Wait for client request.
08-31 23:25:38.643   512   545 D ThermalEngine: sensor_monitor: tsens_tz_sensor4 Wait for client request.
08-31 23:25:38.643   512   576 D ThermalEngine: tsens_uevent: tsens_tz_sensor3
08-31 23:25:38.643   512   562 D ThermalEngine: sensor_monitor: back_temp Wait for client request.
08-31 23:25:38.644   512   512 E ThermalEngine: virtual_sensors_init: Error getting virtual sensors set
08-31 23:25:38.644   512   512 I ThermalEngine: Loading configuration file /vendor/etc/thermal-engine-athene.conf
08-31 23:25:38.644   512   512 I ThermalEngine: Parsing section global
08-31 23:25:38.644   512   512 I ThermalEngine: Found field 'debug'
08-31 23:25:38.645   512   512 I ThermalEngine: Debug output enabled from config
08-31 23:25:38.645   512   512 I ThermalEngine: Found section 'SS-POPMEM'
08-31 23:25:38.645   512   512 I ThermalEngine: Algo Type 'ss'
08-31 23:25:38.645   512   512 I ThermalEngine: Parsing section SS-POPMEM
08-31 23:25:38.645   512   512 I ThermalEngine: Found field 'sampling'
08-31 23:25:38.645   512   512 I ThermalEngine: Found field 'sensor'
08-31 23:25:38.645   512   512 I ThermalEngine: Found field 'device'
08-31 23:25:38.645   512   512 I ThermalEngine: Found field 'set_point'
08-31 23:25:38.645   512   512 I ThermalEngine: Found field 'set_point_clr'
08-31 23:25:38.645   512   512 I ThermalEngine: Found field 'time_constant'
08-31 23:25:38.645   512   512 I ThermalEngine: Found field 'device_max_limit'
08-31 23:25:38.645   512   512 I ThermalEngine: Found section 'SS-CPU4-5-6-7'
08-31 23:25:38.645   512   512 I ThermalEngine: Algo Type 'ss'
08-31 23:25:38.645   512   512 I ThermalEngine: Parsing section SS-CPU4-5-6-7
08-31 23:25:38.645   512   512 I ThermalEngine: Found field 'sampling'
08-31 23:25:38.645   512   512 I ThermalEngine: Found field 'sensor'
08-31 23:25:38.645   512   512 I ThermalEngine: Found field 'device'
08-31 23:25:38.645   512   512 I ThermalEngine: Found field 'set_point'
08-31 23:25:38.645   512   512 I ThermalEngine: Found field 'set_point_clr'
08-31 23:25:38.645   512   512 I ThermalEngine: Found field 'time_constant'
08-31 23:25:38.645   512   512 I ThermalEngine: Found section 'SS-CPU3'
08-31 23:25:38.645   512   512 I ThermalEngine: Algo Type 'ss'
08-31 23:25:38.645   512   512 I ThermalEngine: Parsing section SS-CPU3
08-31 23:25:38.645   512   512 I ThermalEngine: Found field 'sampling'
08-31 23:25:38.645   512   512 I ThermalEngine: Found field 'sensor'
08-31 23:25:38.645   512   512 I ThermalEngine: Found field 'device'
08-31 23:25:38.645   512   512 I ThermalEngine: Found field 'set_point'
08-31 23:25:38.645   512   512 I ThermalEngine: Found field 'set_point_clr'
08-31 23:25:38.645   512   512 I ThermalEngine: Found field 'time_constant'
08-31 23:25:38.645   512   512 I ThermalEngine: Found section 'SS-CPU2'
08-31 23:25:38.645   512   512 I ThermalEngine: Algo Type 'ss'
08-31 23:25:38.645   512   512 I ThermalEngine: Parsing section SS-CPU2
08-31 23:25:38.645   512   512 I ThermalEngine: Found field 'sampling'
08-31 23:25:38.645   512   512 I ThermalEngine: Found field 'sensor'
08-31 23:25:38.645   512   512 I ThermalEngine: Found field 'device'
08-31 23:25:38.645   512   512 I ThermalEngine: Found field 'set_point'
08-31 23:25:38.645   512   512 I ThermalEngine: Found field 'set_point_clr'
08-31 23:25:38.645   512   512 I ThermalEngine: Found field 'time_constant'
08-31 23:25:38.645   512   512 I ThermalEngine: Found section 'SS-CPU1'
08-31 23:25:38.645   512   512 I ThermalEngine: Algo Type 'ss'
08-31 23:25:38.645   512   512 I ThermalEngine: Parsing section SS-CPU1
08-31 23:25:38.645   512   512 I ThermalEngine: Found field 'sampling'
08-31 23:25:38.645   512   512 I ThermalEngine: Found field 'sensor'
08-31 23:25:38.645   512   512 I ThermalEngine: Found field 'device'
08-31 23:25:38.645   512   512 I ThermalEngine: Found field 'set_point'
08-31 23:25:38.645   512   512 I ThermalEngine: Found field 'set_point_clr'
08-31 23:25:38.645   512   512 I ThermalEngine: Found field 'time_constant'
08-31 23:25:38.645   512   512 I ThermalEngine: Found section 'SS-CPU0'
08-31 23:25:38.645   512   512 I ThermalEngine: Algo Type 'ss'
08-31 23:25:38.645   512   512 I ThermalEngine: Parsing section SS-CPU0
08-31 23:25:38.645   512   512 I ThermalEngine: Found field 'sampling'
08-31 23:25:38.645   512   512 I ThermalEngine: Found field 'sensor'
08-31 23:25:38.645   512   512 I ThermalEngine: Found field 'device'
08-31 23:25:38.645   512   512 I ThermalEngine: Found field 'set_point'
08-31 23:25:38.645   512   512 I ThermalEngine: Found field 'set_point_clr'
08-31 23:25:38.645   512   512 I ThermalEngine: Found field 'time_constant'
08-31 23:25:38.645   512   512 I ThermalEngine: Found section 'SPEAKER-CAL'
08-31 23:25:38.645   512   512 I ThermalEngine: Algo Type 'eq'
08-31 23:25:38.645   512   512 I ThermalEngine: Parsing section SPEAKER-CAL
08-31 23:25:38.645   512   512 I ThermalEngine: Found field 'sampling'
08-31 23:25:38.645   512   512 I ThermalEngine: Found field 'sensor'
08-31 23:25:38.645   512   512 I ThermalEngine: Found field 'sensors'
08-31 23:25:38.645   512   512 I ThermalEngine: Found field 'temp_range'
08-31 23:25:38.646   512   512 I ThermalEngine: Found field 'max_temp'
08-31 23:25:38.646   512   512 I ThermalEngine: Found field 'offset'
08-31 23:25:38.646   512   512 I ThermalEngine: Found section 'CPU3_HOTPLUG_MONITOR'
08-31 23:25:38.646   512   512 I ThermalEngine: Algo Type 'monitor'
08-31 23:25:38.646   512   512 I ThermalEngine: Parsing section CPU3_HOTPLUG_MONITOR
08-31 23:25:38.646   512   512 I ThermalEngine: Found field 'sampling'
08-31 23:25:38.646   512   512 I ThermalEngine: Found field 'sensor'
08-31 23:25:38.646   512   512 I ThermalEngine: Found field 'thresholds'
08-31 23:25:38.646   512   512 I ThermalEngine: Found field 'thresholds_clr'
08-31 23:25:38.646   512   512 I ThermalEngine: Found field 'actions'
08-31 23:25:38.646   512   512 D ThermalEngine: action:hotplug_3
08-31 23:25:38.646   512   512 I ThermalEngine: Found field 'action_info'
08-31 23:25:38.646   512   512 I ThermalEngine: Found section 'VDD_RSTR_MONITOR-TSENS10'
08-31 23:25:38.646   512   512 I ThermalEngine: Algo Type 'monitor'
08-31 23:25:38.646   512   512 I ThermalEngine: Parsing section VDD_RSTR_MONITOR-TSENS10
08-31 23:25:38.646   512   512 I ThermalEngine: Found field 'sampling'
08-31 23:25:38.646   512   512 I ThermalEngine: Found field 'sensor'
08-31 23:25:38.646   512   512 I ThermalEngine: Found field 'thresholds'
08-31 23:25:38.646   512   512 I ThermalEngine: Found field 'thresholds_clr'
08-31 23:25:38.646   512   512 I ThermalEngine: Found field 'actions'
08-31 23:25:38.646   512   512 D ThermalEngine: action:vdd_restriction
08-31 23:25:38.646   512   512 I ThermalEngine: Found field 'action_info'
08-31 23:25:38.646   512   512 I ThermalEngine: Found field 'descending'
08-31 23:25:38.646   512   512 I ThermalEngine: Found section 'VDD_RSTR_MONITOR-TSENS9'
08-31 23:25:38.646   512   512 I ThermalEngine: Algo Type 'monitor'
08-31 23:25:38.646   512   512 I ThermalEngine: Parsing section VDD_RSTR_MONITOR-TSENS9
08-31 23:25:38.646   512   512 I ThermalEngine: Found field 'sampling'
08-31 23:25:38.646   512   512 I ThermalEngine: Found field 'sensor'
08-31 23:25:38.646   512   512 I ThermalEngine: Found field 'thresholds'
08-31 23:25:38.646   512   512 I ThermalEngine: Found field 'thresholds_clr'
08-31 23:25:38.646   512   512 I ThermalEngine: Found field 'actions'
08-31 23:25:38.646   512   512 D ThermalEngine: action:vdd_restriction
08-31 23:25:38.646   512   512 I ThermalEngine: Found field 'action_info'
08-31 23:25:38.646   512   512 I ThermalEngine: Found field 'descending'
08-31 23:25:38.646   512   512 I ThermalEngine: Found section 'VDD_RSTR_MONITOR-TSENS8'
08-31 23:25:38.646   512   512 I ThermalEngine: Algo Type 'monitor'
08-31 23:25:38.646   512   512 I ThermalEngine: Parsing section VDD_RSTR_MONITOR-TSENS8
08-31 23:25:38.646   512   512 I ThermalEngine: Found field 'sampling'
08-31 23:25:38.646   512   512 I ThermalEngine: Found field 'sensor'
08-31 23:25:38.646   512   512 I ThermalEngine: Found field 'thresholds'
08-31 23:25:38.646   512   512 I ThermalEngine: Found field 'thresholds_clr'
08-31 23:25:38.646   512   512 I ThermalEngine: Found field 'actions'
08-31 23:25:38.646   512   512 D ThermalEngine: action:vdd_restriction
08-31 23:25:38.646   512   512 I ThermalEngine: Found field 'action_info'
08-31 23:25:38.646   512   512 I ThermalEngine: Found field 'descending'
08-31 23:25:38.646   512   512 I ThermalEngine: Found section 'VDD_RSTR_MONITOR-TSENS7'
08-31 23:25:38.646   512   512 I ThermalEngine: Algo Type 'monitor'
08-31 23:25:38.646   512   512 I ThermalEngine: Parsing section VDD_RSTR_MONITOR-TSENS7
08-31 23:25:38.646   512   512 I ThermalEngine: Found field 'sampling'
08-31 23:25:38.646   512   512 I ThermalEngine: Found field 'sensor'
08-31 23:25:38.646   512   512 I ThermalEngine: Found field 'thresholds'
08-31 23:25:38.646   512   512 I ThermalEngine: Found field 'thresholds_clr'
08-31 23:25:38.646   512   512 I ThermalEngine: Found field 'actions'
08-31 23:25:38.646   512   512 D ThermalEngine: action:vdd_restriction
08-31 23:25:38.646   512   512 I ThermalEngine: Found field 'action_info'
08-31 23:25:38.646   512   512 I ThermalEngine: Found field 'descending'
08-31 23:25:38.646   512   512 I ThermalEngine: Found section 'VDD_RSTR_MONITOR-TSENS6'
08-31 23:25:38.646   512   512 I ThermalEngine: Algo Type 'monitor'
08-31 23:25:38.646   512   512 I ThermalEngine: Parsing section VDD_RSTR_MONITOR-TSENS6
08-31 23:25:38.646   512   512 I ThermalEngine: Found field 'sampling'
08-31 23:25:38.647   512   512 I ThermalEngine: Found field 'sensor'
08-31 23:25:38.647   512   512 I ThermalEngine: Found field 'thresholds'
08-31 23:25:38.647   512   512 I ThermalEngine: Found field 'thresholds_clr'
08-31 23:25:38.647   512   512 I ThermalEngine: Found field 'actions'
08-31 23:25:38.647   512   512 D ThermalEngine: action:vdd_restriction
08-31 23:25:38.647   512   512 I ThermalEngine: Found field 'action_info'
08-31 23:25:38.647   512   512 I ThermalEngine: Found field 'descending'
08-31 23:25:38.647   512   512 I ThermalEngine: Found section 'VDD_RSTR_MONITOR-TSENS5'
08-31 23:25:38.647   512   512 I ThermalEngine: Algo Type 'monitor'
08-31 23:25:38.647   512   512 I ThermalEngine: Parsing section VDD_RSTR_MONITOR-TSENS5
08-31 23:25:38.647   512   512 I ThermalEngine: Found field 'sampling'
08-31 23:25:38.647   512   512 I ThermalEngine: Found field 'sensor'
08-31 23:25:38.647   512   512 I ThermalEngine: Found field 'thresholds'
08-31 23:25:38.647   512   512 I ThermalEngine: Found field 'thresholds_clr'
08-31 23:25:38.647   512   512 I ThermalEngine: Found field 'actions'
08-31 23:25:38.647   512   512 D ThermalEngine: action:vdd_restriction
08-31 23:25:38.647   512   512 I ThermalEngine: Found field 'action_info'
08-31 23:25:38.647   512   512 I ThermalEngine: Found field 'descending'
08-31 23:25:38.647   512   512 I ThermalEngine: Found section 'VDD_RSTR_MONITOR-TSENS4'
08-31 23:25:38.647   512   512 I ThermalEngine: Algo Type 'monitor'
08-31 23:25:38.647   512   512 I ThermalEngine: Parsing section VDD_RSTR_MONITOR-TSENS4
08-31 23:25:38.647   512   512 I ThermalEngine: Found field 'sampling'
08-31 23:25:38.647   512   512 I ThermalEngine: Found field 'sensor'
08-31 23:25:38.647   512   512 I ThermalEngine: Found field 'thresholds'
08-31 23:25:38.647   512   512 I ThermalEngine: Found field 'thresholds_clr'
08-31 23:25:38.647   512   512 I ThermalEngine: Found field 'actions'
08-31 23:25:38.647   512   512 D ThermalEngine: action:vdd_restriction
08-31 23:25:38.647   512   512 I ThermalEngine: Found field 'action_info'
08-31 23:25:38.647   512   512 I ThermalEngine: Found field 'descending'
08-31 23:25:38.647   512   512 I ThermalEngine: Found section 'VDD_RSTR_MONITOR-TSENS3'
08-31 23:25:38.647   512   512 I ThermalEngine: Algo Type 'monitor'
08-31 23:25:38.647   512   512 I ThermalEngine: Parsing section VDD_RSTR_MONITOR-TSENS3
08-31 23:25:38.647   512   512 I ThermalEngine: Found field 'sampling'
08-31 23:25:38.647   512   512 I ThermalEngine: Found field 'sensor'
08-31 23:25:38.647   512   512 I ThermalEngine: Found field 'thresholds'
08-31 23:25:38.647   512   512 I ThermalEngine: Found field 'thresholds_clr'
08-31 23:25:38.647   512   512 I ThermalEngine: Found field 'actions'
08-31 23:25:38.647   512   512 D ThermalEngine: action:vdd_restriction
08-31 23:25:38.647   512   512 I ThermalEngine: Found field 'action_info'
08-31 23:25:38.647   512   512 I ThermalEngine: Found field 'descending'
08-31 23:25:38.647   512   512 I ThermalEngine: Found section 'VDD_RSTR_MONITOR-TSENS2'
08-31 23:25:38.647   512   512 I ThermalEngine: Algo Type 'monitor'
08-31 23:25:38.647   512   512 I ThermalEngine: Parsing section VDD_RSTR_MONITOR-TSENS2
08-31 23:25:38.647   512   512 I ThermalEngine: Found field 'sampling'
08-31 23:25:38.647   512   512 I ThermalEngine: Found field 'sensor'
08-31 23:25:38.647   512   512 I ThermalEngine: Found field 'thresholds'
08-31 23:25:38.647   512   512 I ThermalEngine: Found field 'thresholds_clr'
08-31 23:25:38.647   512   512 I ThermalEngine: Found field 'actions'
08-31 23:25:38.647   512   512 D ThermalEngine: action:vdd_restriction
08-31 23:25:38.647   512   512 I ThermalEngine: Found field 'action_info'
08-31 23:25:38.647   512   512 I ThermalEngine: Found field 'descending'
08-31 23:25:38.647   512   512 I ThermalEngine: Found section 'VDD_RSTR_MONITOR-TSENS1'
08-31 23:25:38.647   512   512 I ThermalEngine: Algo Type 'monitor'
08-31 23:25:38.647   512   512 I ThermalEngine: Parsing section VDD_RSTR_MONITOR-TSENS1
08-31 23:25:38.647   512   512 I ThermalEngine: Found field 'sampling'
08-31 23:25:38.647   512   512 I ThermalEngine: Found field 'sensor'
08-31 23:25:38.648   512   512 I ThermalEngine: Found field 'thresholds'
08-31 23:25:38.648   512   512 I ThermalEngine: Found field 'thresholds_clr'
08-31 23:25:38.648   512   512 I ThermalEngine: Found field 'actions'
08-31 23:25:38.648   512   512 D ThermalEngine: action:vdd_restriction
08-31 23:25:38.648   512   512 I ThermalEngine: Found field 'action_info'
08-31 23:25:38.648   512   512 I ThermalEngine: Found field 'descending'
08-31 23:25:38.648   512   512 I ThermalEngine: Found section 'VDD_RSTR_MONITOR-TSENS0'
08-31 23:25:38.648   512   512 I ThermalEngine: Algo Type 'monitor'
08-31 23:25:38.648   512   512 I ThermalEngine: Parsing section VDD_RSTR_MONITOR-TSENS0
08-31 23:25:38.648   512   512 I ThermalEngine: Found field 'sampling'
08-31 23:25:38.648   512   512 I ThermalEngine: Found field 'sensor'
08-31 23:25:38.648   512   512 I ThermalEngine: Found field 'thresholds'
08-31 23:25:38.648   512   512 I ThermalEngine: Found field 'thresholds_clr'
08-31 23:25:38.648   512   512 I ThermalEngine: Found field 'actions'
08-31 23:25:38.648   512   512 D ThermalEngine: action:vdd_restriction
08-31 23:25:38.648   512   512 I ThermalEngine: Found field 'action_info'
08-31 23:25:38.648   512   512 I ThermalEngine: Found field 'descending'
08-31 23:25:38.648   512   512 D ThermalEngine: pid_algo_init: Desc PID-POPMEM
08-31 23:25:38.648   512   512 D ThermalEngine: pid_algo_init: Sensor pop_mem, K_P 0.7, K_I 15.0, K_D 0.3
08-31 23:25:38.648   512   512 D ThermalEngine: pid_algo_init: Device cluster1, Err weight 1.0, Int samples 10, Units Per C 5000kHz
08-31 23:25:38.648   512   512 D ThermalEngine: pid_algo_init: Set Point 80000mC, Set Point Clr 55000mC, Override 0mC
08-31 23:25:38.648   512   512 D ThermalEngine: pid_algo_init: MAXFREQ 1651200kHz
08-31 23:25:38.648   512   512 D ThermalEngine: pid_algo_init: Desc PID-CPU4-5-6-7
08-31 23:25:38.648   512   512 D ThermalEngine: pid_algo_init: Sensor tsens_tz_sensor9, K_P 0.7, K_I 15.0, K_D 0.3
08-31 23:25:38.648   512   512 D ThermalEngine: pid_algo_init: Device cluster0, Err weight 1.0, Int samples 10, Units Per C 5000kHz
08-31 23:25:38.648   512   512 D ThermalEngine: pid_algo_init: Set Point 90000mC, Set Point Clr 55000mC, Override 0mC
08-31 23:25:38.648   512   512 D ThermalEngine: pid_algo_init: MAXFREQ 1209600kHz
08-31 23:25:38.648   512   512 D ThermalEngine: pid_algo_init: Desc PID-CPU3
08-31 23:25:38.648   512   512 D ThermalEngine: pid_algo_init: Sensor tsens_tz_sensor8, K_P 0.7, K_I 15.0, K_D 0.3
08-31 23:25:38.648   512   512 D ThermalEngine: pid_algo_init: Device cluster1, Err weight 1.0, Int samples 10, Units Per C 5000kHz
08-31 23:25:38.648   512   512 D ThermalEngine: pid_algo_init: Set Point 90000mC, Set Point Clr 55000mC, Override 0mC
08-31 23:25:38.648   512   512 D ThermalEngine: pid_algo_init: MAXFREQ 1651200kHz
08-31 23:25:38.648   512   512 D ThermalEngine: pid_algo_init: Desc PID-CPU2
08-31 23:25:38.648   512   512 D ThermalEngine: pid_algo_init: Sensor tsens_tz_sensor7, K_P 0.7, K_I 15.0, K_D 0.3
08-31 23:25:38.648   512   512 D ThermalEngine: pid_algo_init: Device cluster1, Err weight 1.0, Int samples 10, Units Per C 5000kHz
08-31 23:25:38.648   512   512 D ThermalEngine: pid_algo_init: Set Point 90000mC, Set Point Clr 55000mC, Override 0mC
08-31 23:25:38.648   512   512 D ThermalEngine: pid_algo_init: MAXFREQ 1651200kHz
08-31 23:25:38.648   512   512 D ThermalEngine: pid_algo_init: Desc PID-CPU1
08-31 23:25:38.648   512   512 D ThermalEngine: pid_algo_init: Sensor tsens_tz_sensor6, K_P 0.7, K_I 15.0, K_D 0.3
08-31 23:25:38.648   512   512 D ThermalEngine: pid_algo_init: Device cluster1, Err weight 1.0, Int samples 10, Units Per C 5000kHz
08-31 23:25:38.648   512   512 D ThermalEngine: pid_algo_init: Set Point 90000mC, Set Point Clr 55000mC, Override 0mC
08-31 23:25:38.648   512   512 D ThermalEngine: pid_algo_init: MAXFREQ 1651200kHz
08-31 23:25:38.649   512   512 D ThermalEngine: pid_algo_init: Desc PID-CPU0
08-31 23:25:38.649   512   512 D ThermalEngine: pid_algo_init: Sensor tsens_tz_sensor5, K_P 0.7, K_I 15.0, K_D 0.3
08-31 23:25:38.649   512   512 D ThermalEngine: pid_algo_init: Device cluster1, Err weight 1.0, Int samples 10, Units Per C 5000kHz
08-31 23:25:38.649   512   512 D ThermalEngine: pid_algo_init: Set Point 90000mC, Set Point Clr 55000mC, Override 0mC
08-31 23:25:38.649   512   512 D ThermalEngine: pid_algo_init: MAXFREQ 1651200kHz
08-31 23:25:38.649   512   512 D ThermalEngine: thermal_monitor: Import CPU3_HOTPLUG_MONITOR
08-31 23:25:38.649   512   512 I ThermalEngine: [CPU3_HOTPLUG_MONITOR]
08-31 23:25:38.649   512   512 I ThermalEngine: #algo_type monitor
08-31 23:25:38.649   512   512 I ThermalEngine: sampling 1000
08-31 23:25:38.649   512   512 I ThermalEngine: sensor tsens_tz_sensor8
08-31 23:25:38.649   512   512 I ThermalEngine: thresholds 85000
08-31 23:25:38.649   512   512 I ThermalEngine: thresholds_clr 80000
08-31 23:25:38.649   512   512 I ThermalEngine: actions hotplug_3
08-31 23:25:38.649   512   512 I ThermalEngine: action_info 1
08-31 23:25:38.649   512   512 D ThermalEngine: thermal_monitor: Import VDD_RSTR_MONITOR-TSENS10
08-31 23:25:38.649   512   512 I ThermalEngine: [VDD_RSTR_MONITOR-TSENS10]
08-31 23:25:38.649   512   512 I ThermalEngine: #algo_type monitor
08-31 23:25:38.649   512   512 I ThermalEngine: sampling 1000
08-31 23:25:38.649   512   512 I ThermalEngine: sensor tsens_tz_sensor10
08-31 23:25:38.649   512   512 I ThermalEngine: thresholds 5000
08-31 23:25:38.649   512   512 I ThermalEngine: thresholds_clr 10000
08-31 23:25:38.649   512   512 I ThermalEngine: actions vdd_restriction
08-31 23:25:38.649   512   512 I ThermalEngine: action_info 1
08-31 23:25:38.649   512   512 I ThermalEngine: descending
08-31 23:25:38.649   512   512 D ThermalEngine: thermal_monitor: Import VDD_RSTR_MONITOR-TSENS9
08-31 23:25:38.649   512   512 I ThermalEngine: [VDD_RSTR_MONITOR-TSENS9]
08-31 23:25:38.649   512   512 I ThermalEngine: #algo_type monitor
08-31 23:25:38.649   512   512 I ThermalEngine: sampling 1000
08-31 23:25:38.649   512   512 I ThermalEngine: sensor tsens_tz_sensor9
08-31 23:25:38.649   512   512 I ThermalEngine: thresholds 5000
08-31 23:25:38.649   512   512 I ThermalEngine: thresholds_clr 10000
08-31 23:25:38.649   512   512 I ThermalEngine: actions vdd_restriction
08-31 23:25:38.649   512   512 I ThermalEngine: action_info 1
08-31 23:25:38.649   512   512 I ThermalEngine: descending
08-31 23:25:38.649   512   512 D ThermalEngine: thermal_monitor: Import VDD_RSTR_MONITOR-TSENS8
08-31 23:25:38.649   512   512 I ThermalEngine: [VDD_RSTR_MONITOR-TSENS8]
08-31 23:25:38.649   512   512 I ThermalEngine: #algo_type monitor
08-31 23:25:38.649   512   512 I ThermalEngine: sampling 1000
08-31 23:25:38.649   512   512 I ThermalEngine: sensor tsens_tz_sensor8
08-31 23:25:38.657   478   494 I ServiceManager: Waiting for service 'display.qservice' on '/dev/binder'...
08-31 23:25:38.688   389   389 W Zygote  : Class not found for preloading: android.bluetooth.BluetoothA2dp$2
08-31 23:25:38.692   388   388 I netd    : Setting up FirewallController hooks: 97.6ms
08-31 23:25:38.697   389   389 I PackageBackwardCompatibility: Could not find android.content.pm.AndroidTestBaseUpdater, ignoring
08-31 23:25:38.700   478   494 I ServiceManager: Waiting for service 'display.qservice' on '/dev/binder'...
08-31 23:25:38.703   388   388 I netd    : Setting up TetherController hooks: 11.6ms
08-31 23:25:38.711   388   388 I netd    : Setting up BandwidthController hooks: 7.9ms
08-31 23:25:38.711   388   388 I netd    : Setting up IdletimerController hooks: 0.1ms
08-31 23:25:38.716   492   646 I chatty  : uid=2903(oem_2903) /vendor/bin/tftp_server expire 8 lines
08-31 23:25:38.716   492   647 I chatty  : uid=2903(oem_2903) /vendor/bin/tftp_server expire 11 lines
08-31 23:25:38.720   388   388 I netd    : Setting up StrictController hooks: 9.3ms
08-31 23:25:38.721   388   388 I ClatdController: Pre-4.9 kernel or pre-P api shipping level - disabling clat ebpf.
08-31 23:25:38.721   388   388 I netd    : Initializing ClatdController: 0.0ms
08-31 23:25:38.721   388   388 I netd    : Initializing traffic control: 0.0ms
08-31 23:25:38.724   542   586 D QCALOG  : [location-mq] SRV Socket-Opend
08-31 23:25:38.735   532   584 I storaged: storaged: Start
08-31 23:25:38.741   388   388 I netd    : Enabling bandwidth control: 20.7ms
08-31 23:25:38.743   388   388 I netd    : Initializing RouteController: 1.8ms
08-31 23:25:38.743   388   388 D XfrmController: XfrmController::ipSecAddXfrmInterface, line=1379
08-31 23:25:38.743   388   388 D XfrmController: XfrmController::ipSecRemoveTunnelInterface, line=1592
08-31 23:25:38.743   388   388 D XfrmController: deviceName=ipsec_test
08-31 23:25:38.743   388   388 D XfrmController: Sending Netlink XFRM Message: XFRM_MSG_FLUSHSA
08-31 23:25:38.744   388   388 D XfrmController: Sending Netlink XFRM Message: XFRM_MSG_FLUSHPOLICY
08-31 23:25:38.744   388   388 I netd    : Initializing XfrmController: 0.5ms
08-31 23:25:38.745   388   388 I libnetd_resolv: resolv_init: Initializing resolver
08-31 23:25:38.757   478   494 I ServiceManager: Waiting for service 'display.qservice' on '/dev/binder'...
08-31 23:25:38.790   425   425 E MotoSensors: rearprox opening enable_ps_sensor 0
08-31 23:25:38.790   425   425 E MotoSensors: rearprox sensor_1 created
08-31 23:25:38.794   334   334 E SELinux : avc:  denied  { add } for interface=android.hardware.sensors::ISensors sid=u:r:init:s0 pid=425 scontext=u:r:init:s0 tcontext=u:object_r:hal_sensors_hwservice:s0 tclass=hwservice_manager permissive=1
08-31 23:25:38.795   425   425 I ServiceManagement: Registered android.hardware.sensors@1.0::ISensors/default (start delay of 1096ms)
08-31 23:25:38.795   425   425 I ServiceManagement: Removing namespace from process name android.hardware.sensors@1.0-service_moto to sensors@1.0-service_moto.
08-31 23:25:38.795   425   425 I android.hardware.sensors@1.0-service: Registration complete for android.hardware.sensors@1.0::ISensors/default.
08-31 23:25:38.804   478   494 I ServiceManager: Waiting for service 'display.qservice' on '/dev/binder'...
08-31 23:25:38.852   508   508 I wcnss_service: wcnss_read_and_store_cal_data trying to read cal
08-31 23:25:38.858   450   450 D QSEECOMD: : QSEECOM DAEMON RUNNING 
08-31 23:25:38.861   568   568 I Atfwd_Daemon: init all signals
08-31 23:25:38.861   568   568 I Atfwd_Daemon: Explicitly disbling qmux 
08-31 23:25:38.861   568   568 I Atfwd_Daemon: Disabling QMUX complete...
08-31 23:25:38.861   568   568 I Atfwd_Daemon: getting at svc obj for access terminal QMI svc
08-31 23:25:38.861   568   568 I Atfwd_Daemon: 
08-31 23:25:38.861   568   568 I Atfwd_Daemon: 
08-31 23:25:38.861   568   568 I Atfwd_Daemon:  TrtyInit: retryCnt: 1
08-31 23:25:38.861   568   568 I Atfwd_Daemon: Using QCCI. Skipping qmi_init
08-31 23:25:38.861   568   568 I Atfwd_Daemon: result : 1 	 ,Init step :0 	 ,qmiErrorCode: 0
08-31 23:25:38.861   568   568 I Atfwd_Daemon: 
08-31 23:25:38.861   568   568 I Atfwd_Daemon:  Back to main.
08-31 23:25:38.861   568   568 I Atfwd_Daemon:  tryinit complete with connectresult: 1
08-31 23:25:38.861   568   568 I Atfwd_Daemon: 
08-31 23:25:38.861   568   568 I Atfwd_Daemon: 
08-31 23:25:38.861   568   568 I Atfwd_Daemon:  TrtyInit: retryCnt: 1
08-31 23:25:38.861   568   568 I Atfwd_Daemon: 
08-31 23:25:38.861   568   568 I Atfwd_Daemon:  qmi_client_init_instance....
08-31 23:25:38.862   449   449 I Adreno  : QUALCOMM build                   : 46cd5ac, I11c409fd25
08-31 23:25:38.862   449   449 I Adreno  : Build Date                       : 01/15/17
08-31 23:25:38.862   449   449 I Adreno  : OpenGL ES Shader Compiler Version: XE031.09.00.04
08-31 23:25:38.862   449   449 I Adreno  : Local Branch                     : 
08-31 23:25:38.862   449   449 I Adreno  : Remote Branch                    : quic/LA.BR.1.3.6_rb1.12
08-31 23:25:38.862   449   449 I Adreno  : Remote Branch                    : NONE
08-31 23:25:38.862   449   449 I Adreno  : Reconstruct Branch               : NOTHING
08-31 23:25:38.863   478   494 I ServiceManager: Waiting for service 'display.qservice' on '/dev/binder'...
08-31 23:25:38.864   481   481 E QCNEA   : Cne Version 4.9
08-31 23:25:38.864   528   528 I mediametrics: ServiceManager: 0x763b024280
08-31 23:25:38.864   523   523 I mediaserver: ServiceManager: 0x7661a19580
08-31 23:25:38.864   528   528 D MediaAnalyticsService: MediaAnalyticsService created
08-31 23:25:38.865   388   388 D MDnsDS  : MDnsSdListener::Hander starting up
08-31 23:25:38.866   334   334 I hwservicemanager: getTransport: Cannot find entry android.hardware.usb.gadget@1.0::IUsbGadget/default in either framework or device manifest.
08-31 23:25:38.866   583   583 I MOTOSH  : MOTOSH using firmware: /vendor/etc/firmware/sensorhubfw.bin
08-31 23:25:38.870   534   534 E OMXMaster: A component of name 'OMX.qcom.audio.decoder.aac' already exists, ignoring this one.
08-31 23:25:38.874   388   658 D MDnsDS  : MDnsSdListener starting to monitor
08-31 23:25:38.874   388   658 D MDnsDS  : Going to poll with pollCount 1
08-31 23:25:38.875   601   601 I usbd    : Usb HAL not found
08-31 23:25:38.875   531   531 I ServiceManagement: Registered android.frameworks.stats@1.0::IStats/default (start delay of 1274ms)
08-31 23:25:38.877   536   536 I CodecServiceRegistrant: Creating software Codec2 service...
08-31 23:25:38.880   530   530 I PerfDaemon: PerfDaemon is starting.
08-31 23:25:38.880   623   623 E Diag_Lib: qpLogDiagInit <== result : 1
08-31 23:25:38.880   623   623 E Diag_Lib: DATAD : gIsQXDMDisabled 0, gIsADBDisabled 1, gIsDebugDisabled 0, gIsIMSLogsDisabled 0
08-31 23:25:38.880   623   623 E Diag_Lib: [IMS_DataD] imsdatad.c | 5855 | | 623 |DATAD#$$#0#DATAD STARTED
08-31 23:25:38.880   533   533 I wificond: wificond is starting up...
08-31 23:25:38.881   585   585 D QC-time-services: Daemon:genoff_pre_init::Base = 0
08-31 23:25:38.881   585   585 D QC-time-services: Daemon:ats_rtc_init: Time read from RTC -- year = 70, month = 7,day = 31
08-31 23:25:38.883   388   388 I netd    : Registering NetdNativeService: 17.5ms
08-31 23:25:38.883   590   590 I gatekeeperd: Starting gatekeeperd...
08-31 23:25:38.883   534   534 I media.codec: mediacodecservice starting
08-31 23:25:38.884   521   521 I installd: installd firing up
08-31 23:25:38.885   529   529 I mediaserver: ServiceManager: 0xf368c2a0
08-31 23:25:38.885   568   568 I Atfwd_Daemon: *** Starting ATFWD-daemon *** 
08-31 23:25:38.886   504   504 I mm-camera: module_sensor_init:6678Enter
08-31 23:25:38.886   504   504 I mm-camera: module_sensor_init:6680Sensor driver Version: 2.7.0
08-31 23:25:38.886   504   504 I mm-camera: module_sensor_init:6681Sensor SDK capabilities: Bayer,YUV and mono sensor,        short and long exposure-gain control,         in-sensor VHDR with AE stats, PDAF with Phase difference         or PD Pixel stats, HAL3, support common apis for gain calculation,         filling integration time, fll and gain, and PDAF HW stats parsing
08-31 23:25:38.886   504   504 I mm-camera: module_sensor_init:6683Actuator driver Version: 1.0.0
08-31 23:25:38.886   531   531 W statsd  : statscompanion service unavailable!
08-31 23:25:38.886   504   504 I mm-camera: module_sensor_init:6684Actuator SDK capabilities: VCM, PIEZO, HVCM, BIVCM
08-31 23:25:38.886   504   504 I mm-camera: module_sensor_init:6686EEPROM driver Version: 2.1.0
08-31 23:25:38.886   504   504 I mm-camera: module_sensor_init:6687EEPROM SDK capabilities: US_DRIVER_POWERUP
08-31 23:25:38.886   504   504 I mm-camera: module_sensor_init:6689Flash driver Version: 1.0.0
08-31 23:25:38.886   504   504 I mm-camera: module_sensor_init:6690Flash SDK capabilities: PMIC, I2C, GPIO
08-31 23:25:38.886   534   534 I SoftOMXPlugin: createOMXPlugin
08-31 23:25:38.886   504   504 I mm-camera: module_sensor_init:6692PDAF driver Version: 2.0.0
08-31 23:25:38.886   504   504 I mm-camera: module_sensor_init:6693PDAF SDK capabilities: Type 2 and Type 3,        CANONICAL, FLIP, MIRROR and crop sensor readout        1D, 2D pdaf calibration
08-31 23:25:38.886   534   534 D MediaCodecsXmlParser: parsing /vendor/etc/media_codecs.xml...
08-31 23:25:38.886   588   588 I LOWI-8.6.0.26: [MessageQ_Client] connecting to server [/dev/socket/location/mq/location-mq-s]
08-31 23:25:38.887   588   588 I LOWI-8.6.0.26: [MessageQ_Client] connected
08-31 23:25:38.887   585   585 D QC-time-services: Daemon ats_rtc_init: seconds = 20993138
08-31 23:25:38.887   585   585 D QC-time-services: Daemon:Value read from RTC seconds = 20993138000
08-31 23:25:38.887   585   585 D QC-time-services: Daemon:genoff_init_config: ATS_RTC initialized with rc: 0
08-31 23:25:38.887   588   588 I LOWI-8.6.0.26: [LOWIController] loadConfigItems: Log level = 2, Cache Records = 200, max queue size = 255, fresh scan threshold = 500
08-31 23:25:38.887   585   585 D QC-time-services: Daemon:genoff_pre_init::Base = 1
08-31 23:25:38.887   585   585 D QC-time-services: Daemon: Storage Name: ats_1 
08-31 23:25:38.887   585   585 D QC-time-services: Daemon:Opening File: /persist/time/ats_1 /data/vendor/time/ats_1
08-31 23:25:38.887   585   585 D QC-time-services: Daemon:time_persistent_memory_opr:Genoff Read operation 
08-31 23:25:38.887   531   531 I statsd  : Statsd starts to listen to socket.
08-31 23:25:38.887   588   588 E LOWI-8.6.0.26: [LOWIDiagLog] Diag logging could not be enabled
08-31 23:25:38.887   585   585 D QC-time-services: Daemon:Open File: /data/vendor/time/ats_1
08-31 23:25:38.887   585   585 D QC-time-services: Daemon:Unable to open filefor read
08-31 23:25:38.887   585   585 D QC-time-services: Daemon:genoff_post_init:Error in accessing storage
08-31 23:25:38.887   585   585 D QC-time-services: Daemon:genoff_pre_init::Base = 2
08-31 23:25:38.887   585   585 D QC-time-services: Daemon: Storage Name: ats_2 
08-31 23:25:38.887   585   585 D QC-time-services: Daemon:Opening File: /persist/time/ats_2 /data/vendor/time/ats_2
08-31 23:25:38.887   585   585 D QC-time-services: Daemon:time_persistent_memory_opr:Genoff Read operation 
08-31 23:25:38.887   585   585 D QC-time-services: Daemon:Open File: /data/vendor/time/ats_2
08-31 23:25:38.887   585   585 D QC-time-services: Daemon:Unable to open filefor read
08-31 23:25:38.887   585   585 D QC-time-services: Daemon:genoff_post_init:Error in accessing storage
08-31 23:25:38.887   585   585 D QC-time-services: Daemon:genoff_pre_init::Base = 3
08-31 23:25:38.887   585   585 D QC-time-services: Daemon: Storage Name: ats_3 
08-31 23:25:38.887   585   585 D QC-time-services: Daemon:Opening File: /persist/time/ats_3 /data/vendor/time/ats_3
08-31 23:25:38.887   585   585 D QC-time-services: Daemon:time_persistent_memory_opr:Genoff Read operation 
08-31 23:25:38.887   585   585 D QC-time-services: Daemon:Open File: /data/vendor/time/ats_3
08-31 23:25:38.887   585   585 D QC-time-services: Daemon:Unable to open filefor read
08-31 23:25:38.887   585   585 D QC-time-services: Daemon:genoff_post_init:Error in accessing storage
08-31 23:25:38.887   585   585 D QC-time-services: Daemon:genoff_pre_init::Base = 4
08-31 23:25:38.887   585   585 D QC-time-services: Daemon: Storage Name: ats_4 
08-31 23:25:38.887   585   585 D QC-time-services: Daemon:Opening File: /persist/time/ats_4 /data/vendor/time/ats_4
08-31 23:25:38.887   585   585 D QC-time-services: Daemon:time_persistent_memory_opr:Genoff Read operation 
08-31 23:25:38.887   585   585 D QC-time-services: Daemon:Open File: /data/vendor/time/ats_4
08-31 23:25:38.887   585   585 D QC-time-services: Daemon:Unable to open filefor read
08-31 23:25:38.887   585   585 D QC-time-services: Daemon:genoff_post_init:Error in accessing storage
08-31 23:25:38.887   585   585 D QC-time-services: Daemon:genoff_pre_init::Base = 5
08-31 23:25:38.887   585   585 D QC-time-services: Daemon: Storage Name: ats_5 
08-31 23:25:38.887   585   585 D QC-time-services: Daemon:Opening File: /persist/time/ats_5 /data/vendor/time/ats_5
08-31 23:25:38.887   585   585 D QC-time-services: Daemon:time_persistent_memory_opr:Genoff Read operation 
08-31 23:25:38.887   585   585 D QC-time-services: Daemon:Open File: /data/vendor/time/ats_5
08-31 23:25:38.887   585   585 D QC-time-services: Daemon:Unable to open filefor read
08-31 23:25:38.887   585   585 D QC-time-services: Daemon:genoff_post_init:Error in accessing storage
08-31 23:25:38.887   585   585 D QC-time-services: Daemon:genoff_pre_init::Base = 6
08-31 23:25:38.887   585   585 D QC-time-services: Daemon: Storage Name: ats_6 
08-31 23:25:38.887   585   585 D QC-time-services: Daemon:Opening File: /persist/time/ats_6 /data/vendor/time/ats_6
08-31 23:25:38.887   585   585 D QC-time-services: Daemon:time_persistent_memory_opr:Genoff Read operation 
08-31 23:25:38.887   445   445 I audioserver: ServiceManager: 0x7ae0ad6dc0
08-31 23:25:38.887   585   585 D QC-time-services: Daemon:Open File: /data/vendor/time/ats_6
08-31 23:25:38.887   585   585 D QC-time-services: Daemon:Unable to open filefor read
08-31 23:25:38.887   585   585 D QC-time-services: Daemon:genoff_post_init:Error in accessing storage
08-31 23:25:38.887   585   585 D QC-time-services: Daemon:genoff_pre_init::Base = 7
08-31 23:25:38.887   585   585 D QC-time-services: Daemon: Storage Name: ats_7 
08-31 23:25:38.887   585   585 D QC-time-services: Daemon:Opening File: /persist/time/ats_7 /data/vendor/time/ats_7
08-31 23:25:38.887   585   585 D QC-time-services: Daemon:time_persistent_memory_opr:Genoff Read operation 
08-31 23:25:38.887   585   585 D QC-time-services: Daemon:Open File: /data/vendor/time/ats_7
08-31 23:25:38.887   585   585 D QC-time-services: Daemon:Unable to open filefor read
08-31 23:25:38.887   585   585 D QC-time-services: Daemon:genoff_post_init:Error in accessing storage
08-31 23:25:38.887   585   585 D QC-time-services: Daemon:genoff_pre_init::Base = 8
08-31 23:25:38.887   585   585 D QC-time-services: Daemon: Storage Name: ats_8 
08-31 23:25:38.887   585   585 D QC-time-services: Daemon:Opening File: /persist/time/ats_8 /data/vendor/time/ats_8
08-31 23:25:38.887   585   585 D QC-time-services: Daemon:time_persistent_memory_opr:Genoff Read operation 
08-31 23:25:38.887   585   585 D QC-time-services: Daemon:Open File: /data/vendor/time/ats_8
08-31 23:25:38.887   585   585 D QC-time-services: Daemon:Unable to open filefor read
08-31 23:25:38.887   585   585 D QC-time-services: Daemon:genoff_post_init:Error in accessing storage
08-31 23:25:38.887   585   585 D QC-time-services: Daemon:genoff_pre_init::Base = 9
08-31 23:25:38.887   585   585 D QC-time-services: Daemon: Storage Name: ats_9 
08-31 23:25:38.887   585   585 D QC-time-services: Daemon:Opening File: /persist/time/ats_9 /data/vendor/time/ats_9
08-31 23:25:38.887   585   585 D QC-time-services: Daemon:time_persistent_memory_opr:Genoff Read operation 
08-31 23:25:38.888   585   585 D QC-time-services: Daemon:Open File: /data/vendor/time/ats_9
08-31 23:25:38.888   504   504 E mm-camera-sensor: eebin_read:390failed!
08-31 23:25:38.888   585   585 D QC-time-services: Daemon:Unable to open filefor read
08-31 23:25:38.888   585   585 D QC-time-services: Daemon:genoff_post_init:Error in accessing storage
08-31 23:25:38.888   585   585 D QC-time-services: Daemon:genoff_pre_init::Base = 10
08-31 23:25:38.888   585   585 D QC-time-services: Daemon: Storage Name: ats_10 
08-31 23:25:38.888   585   585 D QC-time-services: Daemon:Opening File: /persist/time/ats_10 /data/vendor/time/ats_10
08-31 23:25:38.888   585   585 D QC-time-services: Daemon:time_persistent_memory_opr:Genoff Read operation 
08-31 23:25:38.888   585   585 D QC-time-services: Daemon:Open File: /data/vendor/time/ats_10
