08-31 23:25:45.877   568   568 I Atfwd_Daemon: sending QMI_AT_REG_AT_CMD_FWD_REQ_V01 message
08-31 23:25:45.878   568   568 I Atfwd_Daemon: cmd6: +CSS
08-31 23:25:45.878   568   568 I Atfwd_Daemon: sending QMI_AT_REG_AT_CMD_FWD_REQ_V01 message
08-31 23:25:45.878   568   568 I Atfwd_Daemon: cmd7: $QCPWRDN
08-31 23:25:45.878   568   568 I Atfwd_Daemon: sending QMI_AT_REG_AT_CMD_FWD_REQ_V01 message
08-31 23:25:45.879   568   568 I Atfwd_Daemon: Registered AT Commands event handler
08-31 23:25:45.879   568   568 I Atfwd_Daemon: Waiting for ctrCond
08-31 23:25:45.880   492   492 I tftp_server: pid=492 tid=492 tftp-server : INF :[tftp_server.c, 580] rcvd request [1] [108] [1] [0] [168]
08-31 23:25:45.881   492  1121 I tftp_server: pid=492 tid=1121 tftp-server : INF :[tftp_server_utils.c, 113] file [readwrite//safe/sfs/uim/simlock/category_3gpp2_ruim_1] : [/vendor/rfs/msm/mpss/readwrite
08-31 23:25:45.881   492  1121 I tftp_server: pid=492 tid=1121 tftp-server : INF :[tftp_server.c, 1125] OACK options : [7680, 1500, 0, 10, 0, 0, 0, 0]
08-31 23:25:45.881   492  1121 I tftp_server: pid=492 tid=1121 tftp-server : INF :[tftp_os_la.c, 63] open : [-1] [-1] [384] [0] [/vendor/rfs/msm/mpss/readwrite//safe/sfs/uim/simlock/category_3gpp2_ruim_1
08-31 23:25:45.881   492  1121 E tftp_server: pid=492 tid=1121 tftp-server : ERR :[tftp_os_la.c, 70] open failed: [2] [No such file or directory]
08-31 23:25:45.881   492  1121 E tftp_server: pid=492 tid=1121 tftp-server : ERR :[tftp_server.c, 1621] open failed : [-2] [Unknown error -2]
08-31 23:25:45.881   492  1121 E tftp_server: pid=492 tid=1121 tftp-server : ERR :[tftp_protocol.c, 1229] sending error-pkt. Code = 1, Msg = Err=2 String=No such file or directory
08-31 23:25:45.898   492   492 I tftp_server: pid=492 tid=492 tftp-server : INF :[tftp_server.c, 580] rcvd request [1] [105] [1] [0] [169]
08-31 23:25:45.898   492  1126 I tftp_server: pid=492 tid=1126 tftp-server : INF :[tftp_server_utils.c, 113] file [readwrite//safe/sfs/uim/simlock/category_3gpp_nw_1] : [/vendor/rfs/msm/mpss/readwrite//s
08-31 23:25:45.898   492  1126 I tftp_server: pid=492 tid=1126 tftp-server : INF :[tftp_server.c, 1125] OACK options : [7680, 1500, 0, 10, 0, 0, 0, 0]
08-31 23:25:45.898   492  1126 I tftp_server: pid=492 tid=1126 tftp-server : INF :[tftp_os_la.c, 63] open : [-1] [-1] [384] [0] [/vendor/rfs/msm/mpss/readwrite//safe/sfs/uim/simlock/category_3gpp_nw_1]
08-31 23:25:45.898   492  1126 E tftp_server: pid=492 tid=1126 tftp-server : ERR :[tftp_os_la.c, 70] open failed: [2] [No such file or directory]
08-31 23:25:45.898   492  1126 E tftp_server: pid=492 tid=1126 tftp-server : ERR :[tftp_server.c, 1621] open failed : [-2] [Unknown error -2]
08-31 23:25:45.898   492  1126 E tftp_server: pid=492 tid=1126 tftp-server : ERR :[tftp_protocol.c, 1229] sending error-pkt. Code = 1, Msg = Err=2 String=No such file or directory
08-31 23:25:45.899   504   504 E mm-camera-img: frameproc_comp_load:884] Warning linking img_algo_frame_ind
08-31 23:25:45.899   504   504 E mm-camera-img: frameproc_comp_load:891] Warning linking img_algo_meta_ind
08-31 23:25:45.901   504   504 E mm-camera-img: frameproc_comp_load:846] Error opening frameproc library libmmcamera_stillmore_lib.so error dlopen failed: cannot locate symbol "_ZN4qrcp20stillMore_uf6H4LqsSkEv" referenced by "/system/vendor/lib/libmmcamera_stillmore_lib.so"...
08-31 23:25:45.901   504   504 E mm-camera: module_imgbase_init_imglib_stillmore:2549] Error rc -6
08-31 23:25:45.901   504   504 E mm-camera-img: module_imglib_create_topology:742] Can not init the module imglib_stillmore
08-31 23:25:45.901   504   504 E mm-camera: module_drsd_init:1503] 
08-31 23:25:45.902   504  1129 E mm-camera: ota_tuning_notify_thread: notify_add_watch error No such file or directory
08-31 23:25:45.902   504   504 E mm-camera: server_start: CAMERA_DAEMON:waiting for camera to open
08-31 23:25:45.903   412   412 I mm-camera-intf: index = 0 flag = 1 mount_angle = 90 facing = 0 type: 0 is_yuv = 0
08-31 23:25:45.903   412   412 I mm-camera-intf: index = 1 flag = 103 mount_angle = 270 facing = 1 type: 0 is_yuv = 0
08-31 23:25:45.903   412   412 I mm-camera-intf: sort_camera_info[1727]: dualCamera:0 auxCamera 0
08-31 23:25:45.903   412   412 I mm-camera-intf: sort_camera_info: Camera id: 0 facing: 0, type: 0 is_yuv: 0
08-31 23:25:45.903   412   412 I mm-camera-intf: sort_camera_info: Camera id: 1 facing: 1, type: 0 is_yuv: 0
08-31 23:25:45.903   412   412 I mm-camera-intf: sort_camera_info: Number of cameras 2 sorted 2
08-31 23:25:45.903   412   412 I mm-camera-intf: get_num_of_cameras: num_cameras=2
08-31 23:25:45.905   412   412 I CamPrvdr@2.4-legacy: Loaded "QCamera Module" camera module
08-31 23:25:45.909   412   412 I ServiceManagement: Registered android.hardware.camera.provider@2.4::ICameraProvider/legacy/0 (start delay of 9139ms)
08-31 23:25:45.911   496   496 I QC-NETMGR-LIB: NetmgrNetdClientRegisterNetwork(): Looking for Netd service
08-31 23:25:45.911   496   496 I QC-NETMGR-LIB: NetmgrNetdClientRegisterNetwork(): register to create new OEM network
08-31 23:25:45.911   496   496 I QC-NETMGR-LIB: registerNetwork(): Attempting createOemNetwork
08-31 23:25:45.911   388   679 D TcpSocketMonitor: suspending tcpinfo polling
08-31 23:25:45.912   496   496 I QC-NETMGR-LIB: registerNetwork(): command completed!
08-31 23:25:45.912   496   496 I QC-NETMGR-LIB: registerNetwork(): createOemNetwork succeeded [packet mark : 0xf0001] [net id : 1] [network handle : 0x1cafed00d]
08-31 23:25:45.912   496   496 I QC-NETMGR-LIB: NetmgrNetdClientRegisterNetwork(): [packet mark : 0xf0001] [network handle : 0x1cafed00d]
08-31 23:25:45.916   492   492 I tftp_server: pid=492 tid=492 tftp-server : INF :[tftp_server.c, 580] rcvd request [1] [105] [1] [0] [170]
08-31 23:25:45.916   492  1133 I tftp_server: pid=492 tid=1133 tftp-server : INF :[tftp_server_utils.c, 113] file [readwrite//safe/sfs/uim/simlock/category_3gpp_ns_1] : [/vendor/rfs/msm/mpss/readwrite//s
08-31 23:25:45.917   492  1133 I tftp_server: pid=492 tid=1133 tftp-server : INF :[tftp_server.c, 1125] OACK options : [7680, 1500, 0, 10, 0, 0, 0, 0]
08-31 23:25:45.917   492  1133 I tftp_server: pid=492 tid=1133 tftp-server : INF :[tftp_os_la.c, 63] open : [-1] [-1] [384] [0] [/vendor/rfs/msm/mpss/readwrite//safe/sfs/uim/simlock/category_3gpp_ns_1]
08-31 23:25:45.917   492  1133 E tftp_server: pid=492 tid=1133 tftp-server : ERR :[tftp_os_la.c, 70] open failed: [2] [No such file or directory]
08-31 23:25:45.917   492  1133 E tftp_server: pid=492 tid=1133 tftp-server : ERR :[tftp_server.c, 1621] open failed : [-2] [Unknown error -2]
08-31 23:25:45.917   492  1133 E tftp_server: pid=492 tid=1133 tftp-server : ERR :[tftp_protocol.c, 1229] sending error-pkt. Code = 1, Msg = Err=2 String=No such file or directory
08-31 23:25:45.919   412   412 I ServiceManagement: Removing namespace from process name android.hardware.camera.provider@2.4-service to provider@2.4-service.
08-31 23:25:45.920   412   412 I android.hardware.camera.provider@2.4-service: Registration complete for android.hardware.camera.provider@2.4::ICameraProvider/legacy/0.
08-31 23:25:45.920   516   516 I CameraProviderManager: Connecting to new camera provider: legacy/0, isRemote? 1
08-31 23:25:45.923   516   516 I CameraProviderManager: Enumerating new camera device: device@1.0/legacy/0
08-31 23:25:45.929   412  1134 I CamDev@1.0-impl: Opening camera 0
08-31 23:25:45.930   412  1134 I QCamera2Factory: cameraDeviceOpen: Open camera id 0 API version 256
08-31 23:25:45.931   412  1135 D QCameraStateMachine: smEvtProcRoutine: E
08-31 23:25:45.934   492   492 I tftp_server: pid=492 tid=492 tftp-server : INF :[tftp_server.c, 580] rcvd request [1] [105] [1] [0] [171]
08-31 23:25:45.934   492  1138 I tftp_server: pid=492 tid=1138 tftp-server : INF :[tftp_server_utils.c, 113] file [readwrite//safe/sfs/uim/simlock/category_3gpp_sp_1] : [/vendor/rfs/msm/mpss/readwrite//s
08-31 23:25:45.934   492  1138 I tftp_server: pid=492 tid=1138 tftp-server : INF :[tftp_server.c, 1125] OACK options : [7680, 1500, 0, 10, 0, 0, 0, 0]
08-31 23:25:45.935   492  1138 I tftp_server: pid=492 tid=1138 tftp-server : INF :[tftp_os_la.c, 63] open : [-1] [-1] [384] [0] [/vendor/rfs/msm/mpss/readwrite//safe/sfs/uim/simlock/category_3gpp_sp_1]
08-31 23:25:45.935   492  1138 E tftp_server: pid=492 tid=1138 tftp-server : ERR :[tftp_os_la.c, 70] open failed: [2] [No such file or directory]
08-31 23:25:45.935   492  1138 E tftp_server: pid=492 tid=1138 tftp-server : ERR :[tftp_server.c, 1621] open failed : [-2] [Unknown error -2]
08-31 23:25:45.935   492  1138 E tftp_server: pid=492 tid=1138 tftp-server : ERR :[tftp_protocol.c, 1229] sending error-pkt. Code = 1, Msg = Err=2 String=No such file or directory
08-31 23:25:45.935   837   837 W ServiceManagement: Waited one second for android.hardware.power@1.0::IPower/default
08-31 23:25:45.936   412  1134 I QCamera2HWI: [KPI Perf] openCamera: E PROFILE_OPEN_CAMERA camera id 0
08-31 23:25:45.936   412  1134 I QCameraHalWatchdog: Starting Watchdog Thread...
08-31 23:25:45.936   837   837 I ServiceManagement: getService: Trying again for android.hardware.power@1.0::IPower/default...
08-31 23:25:45.937   504   504 D mm-camera: mct: mct_controller_new: Creating new mct_controller with session-id 1
08-31 23:25:45.938   504  1141 I mm-camera: module_sensor_start_session:1122session 1
08-31 23:25:45.938   504  1144 E mm-camera-isp2: isp_module_start_session:173 session id 1
08-31 23:25:45.939   504  1143 I mm-camera-sensor: sensor_process_thread_message:52Processing Pipe message 2
08-31 23:25:45.939   504  1143 E mm-camera-sensor: csid_open:188sd name /dev/v4l-subdev2
08-31 23:25:45.942   504  1147 D mm-camera: cpp_module_start_session:439, info: starting session 1
08-31 23:25:45.942   504  1148 E mm-camera-img: module_imglib_start_session:1785 ###Img_Loglevel 1
08-31 23:25:45.944   504  1149 E mm-camera: module_drsd_start_session:1180] E
08-31 23:25:45.944   504  1148 E mm-camera: module_faceproc_start_session:1767] session cnt 1
08-31 23:25:45.946   504  1143 E mm-camera-sensor: sensor_process_thread_message:105sensor_process_thread_message: task took 7 ms
08-31 23:25:45.946   504  1144 E mm-camera-isp2: isp_module_start_session:371 num_session_opened 1
08-31 23:25:45.952   492   492 I tftp_server: pid=492 tid=492 tftp-server : INF :[tftp_server.c, 580] rcvd request [1] [105] [1] [0] [172]
08-31 23:25:45.952   492  1156 I tftp_server: pid=492 tid=1156 tftp-server : INF :[tftp_server_utils.c, 113] file [readwrite//safe/sfs/uim/simlock/category_3gpp_cp_1] : [/vendor/rfs/msm/mpss/readwrite//s
08-31 23:25:45.952   492  1156 I tftp_server: pid=492 tid=1156 tftp-server : INF :[tftp_server.c, 1125] OACK options : [7680, 1500, 0, 10, 0, 0, 0, 0]
08-31 23:25:45.952   492  1156 I tftp_server: pid=492 tid=1156 tftp-server : INF :[tftp_os_la.c, 63] open : [-1] [-1] [384] [0] [/vendor/rfs/msm/mpss/readwrite//safe/sfs/uim/simlock/category_3gpp_cp_1]
08-31 23:25:45.952   492  1156 E tftp_server: pid=492 tid=1156 tftp-server : ERR :[tftp_os_la.c, 70] open failed: [2] [No such file or directory]
08-31 23:25:45.952   492  1156 E tftp_server: pid=492 tid=1156 tftp-server : ERR :[tftp_server.c, 1621] open failed : [-2] [Unknown error -2]
08-31 23:25:45.952   492  1156 E tftp_server: pid=492 tid=1156 tftp-server : ERR :[tftp_protocol.c, 1229] sending error-pkt. Code = 1, Msg = Err=2 String=No such file or directory
08-31 23:25:45.956   504  1147 D mm-camera: cpp_module_start_session:530, info: cpp_thread created.
08-31 23:25:45.956   504  1157 D mm-camera: cpp_thread_func:65: cpp_thread entering the polling loop...
08-31 23:25:45.956   504  1147 D mm-camera: cpp_module_start_session:534, info: session 1 started.
08-31 23:25:45.956   504  1147 D mm-camera: c2d_module_start_session:284, info: starting session 1
08-31 23:25:45.956   504  1158 D mm-camera: c2d_thread_func:42: c2d_thread entering the polling loop...
08-31 23:25:45.956   504  1147 D mm-camera: c2d_module_start_session:340, info: c2d_thread created.
08-31 23:25:45.957   504  1143 I mm-camera-sensor: sensor_process_thread_message:52Processing Pipe message 2
08-31 23:25:45.957   504  1143 I mm-camera: sensor_set_position:2097Position ID: 0
08-31 23:25:45.957   504  1143 I mm-camera: sensor_set_mode:2129Sensor Mode ID: 1
08-31 23:25:45.958   504  1141 I mm-camera: module_sensor_init_session:1008Success
08-31 23:25:45.958   504  1141 E mm-camera: module_sensor_start_session:1174SUCCESS
08-31 23:25:45.960   504  1147 D mm-camera: c2d_module_start_session:369, info: session 1 started.
08-31 23:25:45.960   504  1147 E mm-camera-pp: [INFO] base_module_start_session:91, E, session=1
08-31 23:25:45.960   504  1147 E mm-camera-eztune: [INFO] eztune_module_start_session:40, E, session=1
08-31 23:25:45.969   492   492 I tftp_server: pid=492 tid=492 tftp-server : INF :[tftp_server.c, 580] rcvd request [1] [106] [1] [0] [173]
08-31 23:25:45.969   492  1161 I tftp_server: pid=492 tid=1161 tftp-server : INF :[tftp_server_utils.c, 113] file [readwrite//safe/sfs/uim/simlock/category_3gpp_sim_1] : [/vendor/rfs/msm/mpss/readwrite//
08-31 23:25:45.969   492  1161 I tftp_server: pid=492 tid=1161 tftp-server : INF :[tftp_server.c, 1125] OACK options : [7680, 1500, 0, 10, 0, 0, 0, 0]
08-31 23:25:45.969   492  1161 I tftp_server: pid=492 tid=1161 tftp-server : INF :[tftp_os_la.c, 63] open : [-1] [-1] [384] [0] [/vendor/rfs/msm/mpss/readwrite//safe/sfs/uim/simlock/category_3gpp_sim_1]
08-31 23:25:45.969   492  1161 E tftp_server: pid=492 tid=1161 tftp-server : ERR :[tftp_os_la.c, 70] open failed: [2] [No such file or directory]
08-31 23:25:45.969   492  1161 E tftp_server: pid=492 tid=1161 tftp-server : ERR :[tftp_server.c, 1621] open failed : [-2] [Unknown error -2]
08-31 23:25:45.969   492  1161 E tftp_server: pid=492 tid=1161 tftp-server : ERR :[tftp_protocol.c, 1229] sending error-pkt. Code = 1, Msg = Err=2 String=No such file or directory
08-31 23:25:45.986   492   492 I tftp_server: pid=492 tid=492 tftp-server : INF :[tftp_server.c, 580] rcvd request [1] [112] [1] [0] [174]
08-31 23:25:45.987   492  1165 I tftp_server: pid=492 tid=1165 tftp-server : INF :[tftp_server_utils.c, 113] file [readwrite//safe/sfs/uim/simlock/category_3gpp2_nw_type1_1] : [/vendor/rfs/msm/mpss/readw
08-31 23:25:45.987   492  1165 I tftp_server: pid=492 tid=1165 tftp-server : INF :[tftp_server.c, 1125] OACK options : [7680, 1500, 0, 10, 0, 0, 0, 0]
08-31 23:25:45.987   492  1165 I tftp_server: pid=492 tid=1165 tftp-server : INF :[tftp_os_la.c, 63] open : [-1] [-1] [384] [0] [/vendor/rfs/msm/mpss/readwrite//safe/sfs/uim/simlock/category_3gpp2_nw_typ
08-31 23:25:45.987   492  1165 E tftp_server: pid=492 tid=1165 tftp-server : ERR :[tftp_os_la.c, 70] open failed: [2] [No such file or directory]
08-31 23:25:45.987   504  1143 I mm-camera-sensor: moto_led_calibration_init:436 Enter: cam_id:0 status:0
08-31 23:25:45.987   492  1165 E tftp_server: pid=492 tid=1165 tftp-server : ERR :[tftp_server.c, 1621] open failed : [-2] [Unknown error -2]
08-31 23:25:45.987   504  1143 I mm-camera-sensor: moto_led_calibration_get_mod_serial_num: sn=3041344b
08-31 23:25:45.987   504  1143 E mm-camera-sensor: moto_led_calibration_read_write_led_cal:141 open /pds/camera/ledcal/rear failed (No such file or directory)
08-31 23:25:45.987   492  1165 E tftp_server: pid=492 tid=1165 tftp-server : ERR :[tftp_protocol.c, 1229] sending error-pkt. Code = 1, Msg = Err=2 String=No such file or directory
08-31 23:25:45.987   504  1143 I mm-camera-sensor: module_sensor_offload_init_config:153flash subdev id = 0
08-31 23:25:45.987   504  1143 I mm-camera-sensor: flash_load_lib:116Loading library libflash_pmic.so
08-31 23:25:45.989   504  1143 E mm-camera-sensor: sensor_sdk_util_get_kernel_i2c_addr_type:26Invalid addr_type = 0
08-31 23:25:45.990   504  1143 E mm-camera-sensor: sensor_sdk_util_get_kernel_i2c_data_type:54Invalid addr_type = 0
08-31 23:25:45.990   504  1143 E mm-camera-sensor: flash_process:491invalid event 138
08-31 23:25:45.990   504  1143 E mm-camera-sensor: module_sensor_offload_init_config:166failed to get led off frame skip time
08-31 23:25:45.990   504  1143 I mm-camera-sensor: af_actuator_init:757name = mot_lc898212xd
08-31 23:25:45.993   504  1143 E mm-camera-sensor: actuator_load_lib:682name=mot_lc898212xd
08-31 23:25:45.995   504  1143 I mm-camera-sensor: actuator_load_lib:729library /system/vendor/lib/libactuator_mot_lc898212xd.so successfully loaded
08-31 23:25:45.995   504  1143 D         : omnivision_ov16860_eeprom_autofocus_calibration: af_driver_tune: infpeak:-28032, inf:-16960, mac:17728, macpeak:27840
08-31 23:25:45.995   504  1143 D         : omnivision_ov16860_eeprom_autofocus_calibration: af_driver_tune new range: inf:-22163, mac:22931
08-31 23:25:45.995   504  1143 I mm-camera: sensor_get_fast_aec_wait_frames:1712exit: wait_frame_count 0
08-31 23:25:45.995   504  1143 I mm-camera-sensor: module_sensor_offload_init_config:199Success
08-31 23:25:45.995   504  1143 E mm-camera-sensor: sensor_process_thread_message:105sensor_process_thread_message: task took 38 ms
08-31 23:25:45.996   504   504 I mm-camera: sensor_get_cur_chromatix_name:2692hal version 0 capture intent 0 cur_stream_mask 1
08-31 23:25:45.996   504   504 E mm-camera: sensor_get_cur_chromatix_name:2742Error: Load default preview chroamtix
08-31 23:25:45.996   504   504 I mm-camera: sensor_get_cur_chromatix_name:2748chromatix_lib_name[0] = libchromatix_ov16860_preview.so
08-31 23:25:45.996   504   504 I mm-camera: sensor_get_cur_chromatix_name:2748chromatix_lib_name[1] = libchromatix_ov16860_snapshot.so
08-31 23:25:45.996   504   504 I mm-camera: sensor_get_cur_chromatix_name:2749chromatix_lib_name[2] = NULL
08-31 23:25:45.996   504   504 I mm-camera: sensor_get_cur_chromatix_name:2748chromatix_lib_name[3] = libchromatix_ov16860_common.so
08-31 23:25:45.996   504   504 I mm-camera: sensor_get_cur_chromatix_name:2748chromatix_lib_name[4] = libchromatix_ov16860_cpp_preview.so
08-31 23:25:45.996   504   504 I mm-camera: sensor_get_cur_chromatix_name:2748chromatix_lib_name[5] = libchromatix_ov16860_cpp_snapshot.so
08-31 23:25:45.996   504   504 I mm-camera: sensor_get_cur_chromatix_name:2748chromatix_lib_name[6] = libchromatix_ov16860_cpp_snapshot.so
08-31 23:25:45.996   504   504 I mm-camera: sensor_get_cur_chromatix_name:2749chromatix_lib_name[7] = NULL
08-31 23:25:45.996   504   504 I mm-camera: sensor_get_cur_chromatix_name:2749chromatix_lib_name[8] = NULL
08-31 23:25:45.996   504   504 I mm-camera: sensor_get_cur_chromatix_name:2748chromatix_lib_name[9] = libchromatix_ov16860_cpp_video.so
08-31 23:25:45.996   504   504 I mm-camera: sensor_get_cur_chromatix_name:2748chromatix_lib_name[10] = libchromatix_ov16860_postproc.so
08-31 23:25:45.996   504   504 I mm-camera: sensor_get_cur_chromatix_name:2748chromatix_lib_name[11] = libchromatix_ov16860_zsl_preview_mot_lc898212xd.so
08-31 23:25:45.996   504   504 E mm-camera-sensor: moto_led_calibration_set_mix_led_table: Last Resort: Using CLASS LED Calibration!
08-31 23:25:45.996   504   504 E mm-camera-isp2: isp_resource_query_mod:145 num_isp_preallocate 0 num_session_opened 1 dual_vfe_enabled 0
08-31 23:25:45.996   504   504 E AEC_PORT: aec_port_query_capabilities:207  Get AEC version function not implemented
08-31 23:25:45.996   504   504 D mm-camera: feature_mask 0xc9e hw version 0x40030000 max_pixel_bandwidth 453333312
08-31 23:25:45.996   504   504 E mm-camera: module_faceproc_query_mod:1920] Caps ROI 32 scene_mode_cnt 1 HW analysis supported 0
08-31 23:25:45.996   504   504 E hdr     : module_hdr_lib_query_mod:221] Supported scenemode cnt 2
08-31 23:25:45.996   504   504 I mm-camera: module_module_set_session_data:6040max delay 2 report delay 1 retry skip 0
08-31 23:25:46.003   585   608 E QC-time-services: Daemon:genoff_wlan_qmi_service_request: qmi_client_get_service_list returned -2num_services 0
08-31 23:25:46.004   504   504 E AEC_PORT: aec_port_set_session_data:302  3A VERSION --> 5.0.0.r2
08-31 23:25:46.006   492   492 I tftp_server: pid=492 tid=492 tftp-server : INF :[tftp_server.c, 580] rcvd request [1] [112] [1] [0] [175]
08-31 23:25:46.007   492  1168 I tftp_server: pid=492 tid=1168 tftp-server : INF :[tftp_server_utils.c, 113] file [readwrite//safe/sfs/uim/simlock/category_3gpp2_nw_type2_1] : [/vendor/rfs/msm/mpss/readw
08-31 23:25:46.007   492  1168 I tftp_server: pid=492 tid=1168 tftp-server : INF :[tftp_server.c, 1125] OACK options : [7680, 1500, 0, 10, 0, 0, 0, 0]
08-31 23:25:46.008   492  1168 I tftp_server: pid=492 tid=1168 tftp-server : INF :[tftp_os_la.c, 63] open : [-1] [-1] [384] [0] [/vendor/rfs/msm/mpss/readwrite//safe/sfs/uim/simlock/category_3gpp2_nw_typ
08-31 23:25:46.008   492  1168 E tftp_server: pid=492 tid=1168 tftp-server : ERR :[tftp_os_la.c, 70] open failed: [2] [No such file or directory]
08-31 23:25:46.008   492  1168 E tftp_server: pid=492 tid=1168 tftp-server : ERR :[tftp_server.c, 1621] open failed : [-2] [Unknown error -2]
08-31 23:25:46.008   492  1168 E tftp_server: pid=492 tid=1168 tftp-server : ERR :[tftp_protocol.c, 1229] sending error-pkt. Code = 1, Msg = Err=2 String=No such file or directory
08-31 23:25:46.012   504   504 D         : mot_tof_open: open done fd=44
08-31 23:25:46.012   504   504 D         : mot_tof_init: init start fd=44
08-31 23:25:46.012   504   504 D         : mot_tof_init: init done fd=44
08-31 23:25:46.013   504   504 E mm-camera-CORE: af_alg_DCIAF_create:2067  Creation Successful
08-31 23:25:46.014   504  1170 D mm-camera: mct: mct_pipeline_start_stream_internal: Adding session stream streamid= 0xf for session=1
08-31 23:25:46.014   504  1170 D mm-camera: mct: mct_pipeline_start_stream_internal:Linking session stream for session 1
08-31 23:25:46.014   504  1170 D mm-camera: mct: mct_stream_start_link: Start linking Session-stream 0x1000f
08-31 23:25:46.014   504  1170 E mm-camera: module_iface_set_mod_func: set module type = 8, identity 1000f
08-31 23:25:46.014   504  1170 I mm-camera-sensor: port_sensor_caps_reserve:151ide 1000f stream type 9 w*h 0*0
08-31 23:25:46.014   504  1170 E mm-camera: iface_reserve_sink_port: security mode :0
08-31 23:25:46.014   504  1170 I mm-camera-sensor: port_sensor_ext_link_func:275ide 1000f
08-31 23:25:46.014   504  1170 E mm-camera-isp2: isp_port_check_caps_reserve:776 port 0xe5f098c0 ide 1000f type 9 dim 0 0
08-31 23:25:46.015   504  1170 E mm-camera: int_link = 0xe5f0d100
08-31 23:25:46.015   504  1170 D mm-camera: pproc_port_add_modules_to_stream:434, LINK linking mods tmod and afs for identity 1000f
08-31 23:25:46.015   504  1170 D mm-camera: pproc_port_add_modules_to_stream:434, LINK linking mods afs and mot_vstab for identity 1000f
08-31 23:25:46.015   504  1170 D MotISP_VSTAB: created
08-31 23:25:46.015   504  1170 I mm-camera: VSTAB sink port width is 0x0 for stream 9
08-31 23:25:46.015   504  1170 D mm-camera: pproc_port_add_modules_to_stream:434, LINK linking mods mot_vstab and c2d for identity 1000f
08-31 23:25:46.015   504  1170 D mm-camera: c2d_port_check_caps_reserve:78, identity=0x1000f
08-31 23:25:46.015   504  1170 D mm-camera: c2d_port_check_caps_reserve:156, identity=0x1000f, reserved
08-31 23:25:46.016   504  1170 D mm-camera: c2d_module_notify_add_stream:1464, info: success, identity=0x1000f
08-31 23:25:46.016   504  1170 D mm-camera: pproc_port_add_modules_to_stream:434, LINK linking mods c2d and cpp for identity 1000f
08-31 23:25:46.016   504  1170 D mm-camera: c2d_port_check_caps_reserve:78, identity=0x1000f
08-31 23:25:46.016   504  1170 E mm-camera: Interleaved flag is 0, identity 65551 port type 0
08-31 23:25:46.016   504  1170 D mm-camera: c2d_port_check_caps_reserve:156, identity=0x1000f, reserved
08-31 23:25:46.016   504  1170 D mm-camera: cpp_port_check_caps_reserve:137, identity=0x1000f, reserved
08-31 23:25:46.017   504  1170 D mm-camera: cpp_module_notify_add_stream:2142, info: success, identity=0x1000f
08-31 23:25:46.017   504  1170 D mm-camera: pproc_port_add_modules_to_stream:434, LINK linking mods cpp and cac for identity 1000f
08-31 23:25:46.017   504  1170 D mm-camera: cpp_port_check_caps_reserve:137, identity=0x1000f, reserved
08-31 23:25:46.017   504  1170 D mm-camera: pproc_port_add_modules_to_stream:434, LINK linking mods cac and llvd for identity 1000f
08-31 23:25:46.018   504  1170 E mm-camera: module_imgbase_port_ext_link_llvd:1986] add identity 1000f session 1 stream 15 port 0xe5f369c0 
08-31 23:25:46.018   504  1170 D mm-camera: pproc_port_add_modules_to_stream:434, LINK linking mods llvd and sw_tnr for identity 1000f
08-31 23:25:46.019   504  1170 E mm-camera: module_imgbase_port_ext_link_llvd:1986] add identity 1000f session 1 stream 15 port 0xe5f36b00 
08-31 23:25:46.020   504  1170 E mm-camera: module_imgbase_port_ext_link_sw_tnr:1986] add identity 1000f session 1 stream 15 port 0xe5f37640 
08-31 23:25:46.020   504  1170 D mm-camera: pproc_port_add_modules_to_stream:434, LINK linking mods sw_tnr and ezt for identity 1000f
08-31 23:25:46.020   504  1170 E mm-camera: module_imgbase_port_ext_link_sw_tnr:1986] add identity 1000f session 1 stream 15 port 0xe5f37780 
08-31 23:25:46.020   504  1170 E mm-camera: pproc_port_add_modules_to_stream:455] X rc: 1
08-31 23:25:46.022   334   334 E SELinux : avc:  denied  { find } for interface=android.frameworks.sensorservice::ISensorManager sid=u:r:init:s0 pid=504 scontext=u:r:init:s0 tcontext=u:object_r:fwk_sensor_hwservice:s0 tclass=hwservice_manager permissive=1
08-31 23:25:46.027   504  1170 I ServiceManagement: getService: Trying again for android.frameworks.sensorservice@1.0::ISensorManager/default...
08-31 23:25:46.054   492   492 I tftp_server: pid=492 tid=492 tftp-server : INF :[tftp_server.c, 580] rcvd request [1] [108] [1] [0] [176]
08-31 23:25:46.054   492  1180 I tftp_server: pid=492 tid=1180 tftp-server : INF :[tftp_server_utils.c, 113] file [readwrite//safe/sfs/uim/simlock/category_3gpp2_ruim_1] : [/vendor/rfs/msm/mpss/readwrite
08-31 23:25:46.054   492  1180 I tftp_server: pid=492 tid=1180 tftp-server : INF :[tftp_server.c, 1125] OACK options : [7680, 1500, 0, 10, 0, 0, 0, 0]
08-31 23:25:46.054   492  1180 I tftp_server: pid=492 tid=1180 tftp-server : INF :[tftp_os_la.c, 63] open : [-1] [-1] [384] [0] [/vendor/rfs/msm/mpss/readwrite//safe/sfs/uim/simlock/category_3gpp2_ruim_1
08-31 23:25:46.054   492  1180 E tftp_server: pid=492 tid=1180 tftp-server : ERR :[tftp_os_la.c, 70] open failed: [2] [No such file or directory]
08-31 23:25:46.054   492  1180 E tftp_server: pid=492 tid=1180 tftp-server : ERR :[tftp_server.c, 1621] open failed : [-2] [Unknown error -2]
08-31 23:25:46.055   492  1180 E tftp_server: pid=492 tid=1180 tftp-server : ERR :[tftp_protocol.c, 1229] sending error-pkt. Code = 1, Msg = Err=2 String=No such file or directory
08-31 23:25:46.064   535   729 I ServiceManagement: Registered vendor.qti.hardware.radio.uim_remote_client@1.0::IUimRemoteServiceClient/uimRemoteClient0 (start delay of 8404ms)
08-31 23:25:46.068   535   729 I ServiceManagement: Registered vendor.qti.hardware.radio.lpa@1.0::IUimLpa/UimLpa0 (start delay of 8408ms)
08-31 23:25:46.123   535   729 I ServiceManagement: Registered vendor.qti.hardware.radio.qcrilhook@1.0::IQtiOemHook/oemhook0 (start delay of 8463ms)
08-31 23:25:46.125   535   729 I ServiceManagement: Registered vendor.qti.hardware.radio.qtiradio@1.0::IQtiRadio/slot1 (start delay of 8465ms)
08-31 23:25:46.410   535   754 W ServiceManagement: Waited one second for android.frameworks.sensorservice@1.0::ISensorManager/default
08-31 23:25:46.411   535   754 I ServiceManagement: getService: Trying again for android.frameworks.sensorservice@1.0::ISensorManager/default...
08-31 23:25:46.800   837   872 W ServiceManagement: Waited one second for android.hardware.power@1.0::IPower/default
08-31 23:25:46.802   837   872 I ServiceManagement: getService: Trying again for android.hardware.power@1.0::IPower/default...
08-31 23:25:46.926   496   496 I QC-NETMGR-LIB: NetmgrNetdClientRegisterNetwork(): Looking for Netd service
08-31 23:25:46.926   496   496 I QC-NETMGR-LIB: NetmgrNetdClientRegisterNetwork(): register to create new OEM network
08-31 23:25:46.926   496   496 I QC-NETMGR-LIB: registerNetwork(): Attempting createOemNetwork
08-31 23:25:46.926   388   679 D TcpSocketMonitor: suspending tcpinfo polling
08-31 23:25:46.927   496   496 I QC-NETMGR-LIB: registerNetwork(): command completed!
08-31 23:25:46.927   496   496 I QC-NETMGR-LIB: registerNetwork(): createOemNetwork succeeded [packet mark : 0xf0002] [net id : 2] [network handle : 0x2cafed00d]
08-31 23:25:46.927   496   496 I QC-NETMGR-LIB: NetmgrNetdClientRegisterNetwork(): [packet mark : 0xf0002] [network handle : 0x2cafed00d]
08-31 23:25:46.937   837   837 W ServiceManagement: Waited one second for android.hardware.power@1.0::IPower/default
08-31 23:25:46.938   837   837 I ServiceManagement: getService: Trying again for android.hardware.power@1.0::IPower/default...
08-31 23:25:47.028   504  1170 W ServiceManagement: Waited one second for android.frameworks.sensorservice@1.0::ISensorManager/default
08-31 23:25:47.029   504  1170 I ServiceManagement: getService: Trying again for android.frameworks.sensorservice@1.0::ISensorManager/default...
08-31 23:25:47.412   535   754 W ServiceManagement: Waited one second for android.frameworks.sensorservice@1.0::ISensorManager/default
08-31 23:25:47.413   535   754 I ServiceManagement: getService: Trying again for android.frameworks.sensorservice@1.0::ISensorManager/default...
08-31 23:25:47.802   837   872 W ServiceManagement: Waited one second for android.hardware.power@1.0::IPower/default
08-31 23:25:47.803   837   872 I ServiceManagement: getService: Trying again for android.hardware.power@1.0::IPower/default...
08-31 23:25:47.938   837   837 W ServiceManagement: Waited one second for android.hardware.power@1.0::IPower/default
08-31 23:25:47.939   837   837 I ServiceManagement: getService: Trying again for android.hardware.power@1.0::IPower/default...
08-31 23:25:48.004   585   608 E QC-time-services: Daemon:genoff_wlan_qmi_service_request: qmi_client_get_service_list returned -2num_services 0
08-31 23:25:48.004   585   608 E QC-time-services: Daemon:genoff_wlan_qmi_service_request:retry count exceeds limitQMI init failed continuing withoutserver
08-31 23:25:48.029   504  1170 W ServiceManagement: Waited one second for android.frameworks.sensorservice@1.0::ISensorManager/default
08-31 23:25:48.030   504  1170 I ServiceManagement: getService: Trying again for android.frameworks.sensorservice@1.0::ISensorManager/default...
08-31 23:25:48.222   508   508 I wcnss_service: Calibration data was successfull written to /data/vendor/wifi/WCNSS_qcom_wlan_cal.bin
08-31 23:25:48.414   535   754 W ServiceManagement: Waited one second for android.frameworks.sensorservice@1.0::ISensorManager/default
08-31 23:25:48.415   535   754 I ServiceManagement: getService: Trying again for android.frameworks.sensorservice@1.0::ISensorManager/default...
08-31 23:25:48.803   837   872 W ServiceManagement: Waited one second for android.hardware.power@1.0::IPower/default
08-31 23:25:48.805   837   872 I ServiceManagement: getService: Trying again for android.hardware.power@1.0::IPower/default...
08-31 23:25:48.940   837   837 W ServiceManagement: Waited one second for android.hardware.power@1.0::IPower/default
08-31 23:25:48.941   837   837 I ServiceManagement: getService: Trying again for android.hardware.power@1.0::IPower/default...
08-31 23:25:49.031   504  1170 W ServiceManagement: Waited one second for android.frameworks.sensorservice@1.0::ISensorManager/default
08-31 23:25:49.031   504  1170 I ServiceManagement: getService: Trying again for android.frameworks.sensorservice@1.0::ISensorManager/default...
08-31 23:25:49.415   535   754 W ServiceManagement: Waited one second for android.frameworks.sensorservice@1.0::ISensorManager/default
08-31 23:25:49.416   535   754 I ServiceManagement: getService: Trying again for android.frameworks.sensorservice@1.0::ISensorManager/default...
08-31 23:25:49.805   837   872 W ServiceManagement: Waited one second for android.hardware.power@1.0::IPower/default
08-31 23:25:49.806   837   872 I ServiceManagement: getService: Trying again for android.hardware.power@1.0::IPower/default...
08-31 23:25:49.941   837   837 W ServiceManagement: Waited one second for android.hardware.power@1.0::IPower/default
08-31 23:25:49.942   837   837 I ServiceManagement: getService: Trying again for android.hardware.power@1.0::IPower/default...
08-31 23:25:50.032   504  1170 W ServiceManagement: Waited one second for android.frameworks.sensorservice@1.0::ISensorManager/default
08-31 23:25:50.033   504  1170 I ServiceManagement: getService: Trying again for android.frameworks.sensorservice@1.0::ISensorManager/default...
08-31 23:25:50.417   535   754 W ServiceManagement: Waited one second for android.frameworks.sensorservice@1.0::ISensorManager/default
08-31 23:25:50.418   535   754 I ServiceManagement: getService: Trying again for android.frameworks.sensorservice@1.0::ISensorManager/default...
08-31 23:25:50.806   837   872 W ServiceManagement: Waited one second for android.hardware.power@1.0::IPower/default
08-31 23:25:50.807   837   872 I ServiceManagement: getService: Trying again for android.hardware.power@1.0::IPower/default...
08-31 23:25:50.943   837   837 W ServiceManagement: Waited one second for android.hardware.power@1.0::IPower/default
08-31 23:25:50.943   837   837 I ServiceManagement: getService: Trying again for android.hardware.power@1.0::IPower/default...
08-31 23:25:51.023   504  1172 E mm-camera: mct_util_timer_handler:Error Backend stuck during HAL Command Raising SIGABRT 
08-31 23:25:51.023   504  1171 E mm-camera: mct: mct_pipeline_process_serv_msg: Session stream linking timedout sending error msg
08-31 23:25:51.023   504  1173 E mm-camera: mct: mct_controller_proc_bus_msg_internal: MCT_BUS_MSG_SEND_HW_ERROR
08-31 23:25:51.023   504   504 E mm-camera: main: camera daemon notify error
--------- beginning of crash
08-31 23:25:51.023   504  1172 F libc    : Fatal signal 6 (SIGABRT), code -6 (SI_TKILL) in tid 1172 (POSIX timer 1), pid 504 (mm-qcamera-daem)
08-31 23:25:51.023   412  1134 E mm-camera-intf: mm_camera_query_capability: cannot get camera capabilities, rc = -1
08-31 23:25:51.023   412  1175 E mm-camera-intf: mm_camera_event_notify: Camera Event DAEMON DIED received
08-31 23:25:51.023   412  1134 E QCamera2HWI: initCapabilities: failed to query capability
08-31 23:25:51.023   412  1134 E QCamera2HWI: initCapabilities failed.
08-31 23:25:51.024   504   504 D mm-camera: mct: mct_controller_destroy: Initiating destroy sequence
08-31 23:25:51.028   504   504 D mm-camera: mct: mct_controller_destroy: serv_thread closed
08-31 23:25:51.028   504  1173 D mm-camera: mct: mct_bus_handler_thread_run: Force Exit
08-31 23:25:51.028   504   504 D mm-camera: mct: mct_controller_destroy: bus_handler thread closed
08-31 23:25:51.028   504   504 D mm-camera: mct: mct_pipeline_stop_session - E
08-31 23:25:51.033   504  1170 W ServiceManagement: Waited one second for android.frameworks.sensorservice@1.0::ISensorManager/default
08-31 23:25:51.034   504  1170 I ServiceManagement: getService: Trying again for android.frameworks.sensorservice@1.0::ISensorManager/default...
08-31 23:25:51.077  1358  1358 I crash_dump32: obtaining output fd from tombstoned, type: kDebuggerdTombstone
08-31 23:25:51.077   600   600 I /system/bin/tombstoned: received crash request for pid 1172
08-31 23:25:51.078  1358  1358 I crash_dump32: performing dump of process 504 (target tid = 1172)
08-31 23:25:51.096  1358  1358 F DEBUG   : *** *** *** *** *** *** *** *** *** *** *** *** *** *** *** ***
08-31 23:25:51.096  1358  1358 F DEBUG   : LineageOS Version: '17.1-20220630-UNOFFICIAL-athene'
08-31 23:25:51.096  1358  1358 F DEBUG   : Build fingerprint: 'google/taimen/taimen:8.1.0/OPM1.171019.021/4565141:user/release-keys'
08-31 23:25:51.096  1358  1358 F DEBUG   : Revision: '0'
08-31 23:25:51.096  1358  1358 F DEBUG   : ABI: 'arm'
08-31 23:25:51.097  1358  1358 F DEBUG   : Timestamp: 1970-08-31 23:25:51+0000
08-31 23:25:51.097  1358  1358 F DEBUG   : pid: 504, tid: 1172, name: POSIX timer 1  >>> /vendor/bin/mm-qcamera-daemon <<<
08-31 23:25:51.097  1358  1358 F DEBUG   : uid: 1006
08-31 23:25:51.097  1358  1358 F DEBUG   : signal 6 (SIGABRT), code -6 (SI_TKILL), fault addr --------
08-31 23:25:51.097  1358  1358 F DEBUG   :     r0  00000000  r1  00000494  r2  00000006  r3  de4fc1b8
08-31 23:25:51.097  1358  1358 F DEBUG   :     r4  de4fc1b8  r5  de4fc1a8  r6  de4fc158  r7  0000010c
08-31 23:25:51.097  1358  1358 F DEBUG   :     r8  de4fc188  r9  de4fc178  r10 de4fc168  r11 00000070
08-31 23:25:51.097  1358  1358 F DEBUG   :     ip  de4fc198  sp  de4fc138  lr  e77e09c7  pc  e9e4e320
08-31 23:25:51.101  1358  1358 F DEBUG   : 
08-31 23:25:51.101  1358  1358 F DEBUG   : backtrace:
08-31 23:25:51.101  1358  1358 F DEBUG   :       #00 pc 00098320  /apex/com.android.runtime/lib/bionic/libc.so (tgkill+12) (BuildId: 2f913c25dc2cb38e6710ab59b8e5fb5c)
08-31 23:25:51.101  1358  1358 F DEBUG   :       #01 pc 0000f9c3  /system/vendor/lib/libmmcamera2_mct.so (mct_util_timer_handler+18) (BuildId: a058ec54c9c1773f4507e55f37564d88)
08-31 23:25:51.101  1358  1358 F DEBUG   :       #02 pc 000666bf  /apex/com.android.runtime/lib/bionic/libc.so (__timer_thread_start(void*)+98) (BuildId: 2f913c25dc2cb38e6710ab59b8e5fb5c)
08-31 23:25:51.101  1358  1358 F DEBUG   :       #03 pc 000a6b73  /apex/com.android.runtime/lib/bionic/libc.so (__pthread_start(void*)+20) (BuildId: 2f913c25dc2cb38e6710ab59b8e5fb5c)
08-31 23:25:51.101  1358  1358 F DEBUG   :       #04 pc 00060713  /apex/com.android.runtime/lib/bionic/libc.so (__start_thread+30) (BuildId: 2f913c25dc2cb38e6710ab59b8e5fb5c)
08-31 23:25:51.139   583   583 I MOTOSH  : Version info: in filesystem = hudsoncm-NoUpstream-b590a3e-2018-05-03T18:51:53+00:00
08-31 23:25:51.139   583   583 I MOTOSH  : Version info: in hardware   = hudsoncm-NoUpstream-b590a3e-2018-05-03T18:51:53+00:00
08-31 23:25:51.139   583   583 I MOTOSH  : FW CRC value: in filesystem = 0xDCD5AF77
08-31 23:25:51.139   583   583 I MOTOSH  : FW CRC value: in hardware   = 0xDCD5AF77
08-31 23:25:51.139   583   583 I MOTOSH  : Firmware download completed successfully
08-31 23:25:51.390  1358  1358 E crash_dump32: unable to connect to activity manager: No such file or directory
08-31 23:25:51.391   600   600 E /system/bin/tombstoned: Tombstone written to: /data/tombstones/tombstone_00
08-31 23:25:51.418   535   754 W ServiceManagement: Waited one second for android.frameworks.sensorservice@1.0::ISensorManager/default
08-31 23:25:51.420   535   754 I ServiceManagement: getService: Trying again for android.frameworks.sensorservice@1.0::ISensorManager/default...
08-31 23:25:51.807   837   872 W ServiceManagement: Waited one second for android.hardware.power@1.0::IPower/default
08-31 23:25:51.808   837   872 I ServiceManagement: getService: Trying again for android.hardware.power@1.0::IPower/default...
08-31 23:25:51.890  1365  1365 I mm-camera: module_sensor_init:6678Enter
08-31 23:25:51.891  1365  1365 I mm-camera: module_sensor_init:6680Sensor driver Version: 2.7.0
08-31 23:25:51.891  1365  1365 I mm-camera: module_sensor_init:6681Sensor SDK capabilities: Bayer,YUV and mono sensor,        short and long exposure-gain control,         in-sensor VHDR with AE stats, PDAF with Phase difference         or PD Pixel stats, HAL3, support common apis for gain calculation,         filling integration time, fll and gain, and PDAF HW stats parsing
08-31 23:25:51.891  1365  1365 I mm-camera: module_sensor_init:6683Actuator driver Version: 1.0.0
08-31 23:25:51.891  1365  1365 I mm-camera: module_sensor_init:6684Actuator SDK capabilities: VCM, PIEZO, HVCM, BIVCM
08-31 23:25:51.891  1365  1365 I mm-camera: module_sensor_init:6686EEPROM driver Version: 2.1.0
08-31 23:25:51.891  1365  1365 I mm-camera: module_sensor_init:6687EEPROM SDK capabilities: US_DRIVER_POWERUP
08-31 23:25:51.891  1365  1365 I mm-camera: module_sensor_init:6689Flash driver Version: 1.0.0
08-31 23:25:51.891  1365  1365 I mm-camera: module_sensor_init:6690Flash SDK capabilities: PMIC, I2C, GPIO
08-31 23:25:51.891  1365  1365 I mm-camera: module_sensor_init:6692PDAF driver Version: 2.0.0
08-31 23:25:51.891  1365  1365 I mm-camera: module_sensor_init:6693PDAF SDK capabilities: Type 2 and Type 3,        CANONICAL, FLIP, MIRROR and crop sensor readout        1D, 2D pdaf calibration
08-31 23:25:51.891  1365  1365 E mm-camera-sensor: eebin_read:390failed!
08-31 23:25:51.891  1365  1365 E mm-camera-sensor: eebin_read:390failed!
08-31 23:25:51.891  1365  1365 E mm-camera-sensor: sensor_init_probe:563failed: to oribe eeprom bin sensors
08-31 23:25:51.891  1365  1365 E mm-camera-sensor: add_external_sensor:152NO external sensor lib: no external path
08-31 23:25:51.891  1365  1365 I mm-camera: sensor_load_library:187lib_name /system/vendor/lib/libmmcamera_ov16860.so
08-31 23:25:51.893  1365  1365 I mm-camera: sensor_load_custom_library:115sensor custom lib libmmcamera_ov16860_pdaf.so loading successful
08-31 23:25:51.893  1365  1365 E mm-camera: sensor_load_custom_library:141pdaf custom lib version API unavailable
08-31 23:25:51.893  1365  1365 E mm-camera-sensor: sensor_probe:384[ov16860] probe succeeded: session_id(1) entity_name(v4l-subdev16)
08-31 23:25:51.893  1365  1365 I mm-camera: sensor_load_library:187lib_name /system/vendor/lib/libmmcamera_imx214.so
08-31 23:25:51.894  1365  1365 E mm-camera-sensor: sensor_probe:378[imx214]probe failed.
08-31 23:25:51.894  1365  1365 I mm-camera: sensor_load_library:187lib_name /system/vendor/lib/libmmcamera_ov5693.so
08-31 23:25:51.894  1365  1365 E mm-camera-sensor: sensor_probe:384[ov5693] probe succeeded: session_id(2) entity_name(v4l-subdev17)
08-31 23:25:51.894  1365  1365 E mm-camera-sensor: sensor_util_match_sensor_lib_name:1977s_bundle sensor_lib_name ov16860 sensor_name ov5693
08-31 23:25:51.894  1365  1365 E mm-camera-sensor: sensor_util_match_sensor_lib_name:1977s_bundle sensor_lib_name ov16860 sensor_name ov16860
08-31 23:25:51.894  1365  1365 E mm-camera-sensor: sensor_util_match_sensor_lib_name:1980match
08-31 23:25:51.894  1365  1365 E mm-camera-sensor: sensor_util_match_sensor_lib_name:1977s_bundle sensor_lib_name ov16860 sensor_name ov5693
08-31 23:25:51.894  1365  1365 E mm-camera-sensor: sensor_util_match_sensor_lib_name:1977s_bundle sensor_lib_name ov5693 sensor_name ov5693
08-31 23:25:51.894  1365  1365 E mm-camera-sensor: sensor_util_match_sensor_lib_name:1980match
08-31 23:25:51.895  1365  1365 E mm-camera: module_sensor_find_other_subdev:6572subdev_name /dev/v4l-subdev0 subdev id 0
08-31 23:25:51.895  1365  1365 I mm-camera: module_sensor_fill_sub_module_info:6275intf_type : 0 intf_mask : 0, sub_module : 8
08-31 23:25:51.895  1365  1365 E mm-camera: module_sensor_find_other_subdev:6572subdev_name /dev/v4l-subdev1 subdev id 1
08-31 23:25:51.895  1365  1365 I mm-camera: module_sensor_fill_sub_module_info:6275intf_type : 0 intf_mask : 0, sub_module : 8
08-31 23:25:51.895  1365  1365 E mm-camera: module_sensor_find_other_subdev:6572subdev_name /dev/v4l-subdev2 subdev id 0
08-31 23:25:51.895  1365  1365 I mm-camera: module_sensor_fill_sub_module_info:6275intf_type : 0 intf_mask : 0, sub_module : 6
08-31 23:25:51.895  1365  1365 E mm-camera: module_sensor_find_other_subdev:6572subdev_name /dev/v4l-subdev3 subdev id 1
08-31 23:25:51.895  1365  1365 I mm-camera: module_sensor_fill_sub_module_info:6275intf_type : 0 intf_mask : 0, sub_module : 6
08-31 23:25:51.895  1365  1365 E mm-camera: module_sensor_find_other_subdev:6572subdev_name /dev/v4l-subdev4 subdev id 2
08-31 23:25:51.895  1365  1365 E mm-camera: module_sensor_find_other_subdev:6572subdev_name /dev/v4l-subdev5 subdev id 0
08-31 23:25:51.895  1365  1365 I mm-camera: module_sensor_fill_sub_module_info:6275intf_type : 0 intf_mask : 0, sub_module : 2
08-31 23:25:51.895  1365  1365 E mm-camera: module_sensor_find_other_subdev:6572subdev_name /dev/v4l-subdev6 subdev id 0
08-31 23:25:51.895  1365  1365 I mm-camera: module_sensor_fill_sub_module_info:6275intf_type : 0 intf_mask : 0, sub_module : 3
08-31 23:25:51.895  1365  1365 E mm-camera: module_sensor_find_other_subdev:6572subdev_name /dev/v4l-subdev7 subdev id 1
08-31 23:25:51.895  1365  1365 I mm-camera: module_sensor_fill_sub_module_info:6275intf_type : 0 intf_mask : 0, sub_module : 3
08-31 23:25:51.895  1365  1365 E mm-camera: module_sensor_find_other_subdev:6572subdev_name /dev/v4l-subdev8 subdev id 0
08-31 23:25:51.895  1365  1365 E mm-camera: module_sensor_find_other_subdev:6598SUB_MODULE_LED_FLASH subdev_name /dev/v4l-subdev8 subdev_id 0
08-31 23:25:51.895  1365  1365 I mm-camera: module_sensor_fill_sub_module_info:6275intf_type : 0 intf_mask : 0, sub_module : 4
08-31 23:25:51.895  1365  1365 E mm-camera-sensor: csid_open:188sd name /dev/v4l-subdev2
08-31 23:25:51.897  1365  1365 E mm-camera-sensor: csid_open:188sd name /dev/v4l-subdev3
08-31 23:25:51.898  1365  1365 I mm-camera-sensor: eeprom_load_library:298eeprom_load_library lib_name /system/vendor/lib/libmmcamera_omnivision_ov16860_eeprom.so
08-31 23:25:51.899  1365  1365 D         : omnivision_ov16860_eeprom_format_calibration_data: Total bytes in EEPROM buffer is: 8192
08-31 23:25:51.899  1365  1365 D         : omnivision_ov16860_validate_eeprom_crc: EEPROM CRC: 0xd499, Calculate CRC: 0xd499, Calculate Reverse CRC: 0x8e22, CRC matches? 1
08-31 23:25:51.900  1365  1365 D         : omnivision_ov16860_validate_eeprom_crc: EEPROM CRC: 0xe95e, Calculate CRC: 0xe95e, Calculate Reverse CRC: 0x3db3, CRC matches? 1
08-31 23:25:51.900  1365  1365 I mm-camera-sensor: calculate_rg_bg_calib_factors: Final calibration factor RG value: 0.986233 BG Value: 0.989663 GR/GB: 1.001220
08-31 23:25:51.900  1365  1365 D         : omnivision_ov16860_validate_eeprom_crc: EEPROM CRC: 0x8b40, Calculate CRC: 0x8b40, Calculate Reverse CRC: 0x6061, CRC matches? 1
08-31 23:25:51.900  1365  1365 I mm-camera-sensor: eeprom_load_library:298eeprom_load_library lib_name /system/vendor/lib/libmmcamera_omnivision_ov5693_eeprom.so
08-31 23:25:51.900  1365  1365 D         : omnivision_ov5693_eeprom_format_calibration_data: Total bytes in OTP buffer is: 512
08-31 23:25:51.900  1365  1365 D         : ov5693_check_otp: CRC_CHECK: 0x6ef0 CALC CRC IBM 0x6ef0 CALC CRC IBM Rev 0x3538 matches? 1
08-31 23:25:51.900  1365  1365 I mm-camera-sensor: calculate_rg_bg_calib_factors: Final calibration factor RG value: 0.987854 BG Value: 0.986955 GR/GB: 1.000000
08-31 23:25:51.900  1365  1365 E mm-camera-sensor: mot_chromatix_load_library:access fails name No such file or directory
08-31 23:25:51.901  1365  1365 E mm-camera-sensor: mot_chromatix_load_library: loading as old style
08-31 23:25:51.901  1365  1365 I mm-camera: chromatix_load_library:51/system/vendor/lib/libchromatix_ov16860_common.so
08-31 23:25:51.901  1365  1365 E mm-camera-sensor: hash_find:246ov16860_preview.so NOT in HASH
08-31 23:25:51.901  1365  1365 E mm-camera-sensor: mot_chromatix_load_library:access fails name No such file or directory
08-31 23:25:51.901  1365  1365 E mm-camera-sensor: mot_chromatix_load_library: loading as old style
08-31 23:25:51.901  1365  1365 I mm-camera: chromatix_load_library:51/system/vendor/lib/libchromatix_ov16860_preview.so
08-31 23:25:51.901  1365  1365 E mm-camera-sensor: hash_find:246ov16860_snapshot.so NOT in HASH
08-31 23:25:51.902  1365  1365 E mm-camera-sensor: mot_chromatix_load_library:access fails name No such file or directory
08-31 23:25:51.902  1365  1365 E mm-camera-sensor: mot_chromatix_load_library: loading as old style
08-31 23:25:51.902  1365  1365 I mm-camera: chromatix_load_library:51/system/vendor/lib/libchromatix_ov16860_snapshot.so
08-31 23:25:51.902  1365  1365 E mm-camera-sensor: hash_find:246ov16860_default_video.so NOT in HASH
08-31 23:25:51.902  1365  1365 E mm-camera-sensor: mot_chromatix_load_library:access fails name No such file or directory
08-31 23:25:51.902  1365  1365 E mm-camera-sensor: mot_chromatix_load_library: loading as old style
08-31 23:25:51.902  1365  1365 I mm-camera: chromatix_load_library:51/system/vendor/lib/libchromatix_ov16860_default_video.so
08-31 23:25:51.902  1365  1365 E mm-camera-sensor: hash_find:246ov16860_liveshot.so NOT in HASH
08-31 23:25:51.902  1365  1365 E mm-camera-sensor: mot_chromatix_load_library:access fails name No such file or directory
08-31 23:25:51.902  1365  1365 E mm-camera-sensor: mot_chromatix_load_library: loading as old style
08-31 23:25:51.902  1365  1365 I mm-camera: chromatix_load_library:51/system/vendor/lib/libchromatix_ov16860_liveshot.so
08-31 23:25:51.903  1365  1365 E mm-camera-sensor: hash_find:246ov16860_cpp_preview.so NOT in HASH
08-31 23:25:51.903  1365  1365 E mm-camera-sensor: mot_chromatix_load_library:access fails name No such file or directory
08-31 23:25:51.903  1365  1365 E mm-camera-sensor: mot_chromatix_load_library: loading as old style
08-31 23:25:51.903  1365  1365 I mm-camera: chromatix_load_library:51/system/vendor/lib/libchromatix_ov16860_cpp_preview.so
08-31 23:25:51.903  1365  1365 E mm-camera-sensor: hash_find:246ov16860_cpp_snapshot.so NOT in HASH
08-31 23:25:51.903  1365  1365 E mm-camera-sensor: mot_chromatix_load_library:access fails name No such file or directory
08-31 23:25:51.903  1365  1365 E mm-camera-sensor: mot_chromatix_load_library: loading as old style
08-31 23:25:51.903  1365  1365 I mm-camera: chromatix_load_library:51/system/vendor/lib/libchromatix_ov16860_cpp_snapshot.so
08-31 23:25:51.904  1365  1365 E mm-camera-sensor: hash_find:246ov16860_cpp_video.so NOT in HASH
08-31 23:25:51.904  1365  1365 E mm-camera-sensor: mot_chromatix_load_library:access fails name No such file or directory
08-31 23:25:51.904  1365  1365 E mm-camera-sensor: mot_chromatix_load_library: loading as old style
